precision,side,block,sample,variant,phase,seconds,iterations,operator_apps,preconditioner_apps,reductions,relative_residual,checksum
float,16,1,-1,native,profile_operator,2.3783999999999998e-05,4,10,8,14,3.2914065381477398e-06,0
float,16,1,-1,native,profile_preconditioner,5.4961999999999993e-05,4,10,8,14,3.2914065381477398e-06,0
float,16,1,-1,native,profile_total,9.4037999999999996e-05,4,10,8,14,3.2914065381477398e-06,0
float,16,1,-1,reference,profile_operator,2.1701999999999997e-05,4,10,8,14,3.2914065381477398e-06,0
float,16,1,-1,reference,profile_preconditioner,5.4763999999999993e-05,4,10,8,14,3.2914065381477398e-06,0
float,16,1,-1,reference,profile_total,9.0381000000000001e-05,4,10,8,14,3.2914065381477398e-06,0
float,16,1,0,reference,products,2.1339566040039062e-07,0,0,0,0,0,78465616
float,16,1,0,reference,preconditioner,6.9670000000000004e-06,0,0,0,0,0,-0.84679639339447021
float,16,1,0,reference,solve,8.0572e-05,4,10,8,14,3.2914065381477398e-06,0
float,16,1,0,native,products,2.1108782958984376e-07,0,0,0,0,0,78465616
float,16,1,0,native,preconditioner,7.0708750000000003e-06,0,0,0,0,0,-0.84679639339447021
float,16,1,0,native,solve,8.0122000000000003e-05,4,10,8,14,3.2914065381477398e-06,0
float,16,1,1,native,products,2.0951443481445311e-07,0,0,0,0,0,78465616
float,16,1,1,native,preconditioner,6.9994999999999996e-06,0,0,0,0,0,-0.84679639339447021
float,16,1,1,native,solve,7.9350000000000004e-05,4,10,8,14,3.2914065381477398e-06,0
float,16,1,1,reference,products,2.0759918212890624e-07,0,0,0,0,0,78465616
float,16,1,1,reference,preconditioner,6.9957499999999999e-06,0,0,0,0,0,-0.84679639339447021
float,16,1,1,reference,solve,7.9339999999999996e-05,4,10,8,14,3.2914065381477398e-06,0
float,16,1,2,reference,products,2.1088021850585937e-07,0,0,0,0,0,78465616
float,16,1,2,reference,preconditioner,6.98575e-06,0,0,0,0,0,-0.84679639339447021
float,16,1,2,reference,solve,0.000112963,4,10,8,14,3.2914065381477398e-06,0
float,16,1,2,native,products,2.095924072265625e-07,0,0,0,0,0,78465616
float,16,1,2,native,preconditioner,6.9994999999999996e-06,0,0,0,0,0,-0.84679639339447021
float,16,1,2,native,solve,7.9170000000000003e-05,4,10,8,14,3.2914065381477398e-06,0
float,16,1,3,native,products,2.1310885620117187e-07,0,0,0,0,0,78465616
float,16,1,3,native,preconditioner,6.98575e-06,0,0,0,0,0,-0.84679639339447021
float,16,1,3,native,solve,7.9369999999999994e-05,4,10,8,14,3.2914065381477398e-06,0
float,16,1,3,reference,products,2.1124804687500001e-07,0,0,0,0,0,78465616
float,16,1,3,reference,preconditioner,6.9844999999999998e-06,0,0,0,0,0,-0.84679639339447021
float,16,1,3,reference,solve,0.000112382,4,10,8,14,3.2914065381477398e-06,0
float,16,1,4,reference,products,2.0751327514648437e-07,0,0,0,0,0,78465616
float,16,1,4,reference,preconditioner,7.1272500000000002e-06,0,0,0,0,0,-0.84679639339447021
float,16,1,4,reference,solve,9.4668999999999998e-05,4,10,8,14,3.2914065381477398e-06,0
float,16,1,4,native,products,2.0965631103515626e-07,0,0,0,0,0,78465616
float,16,1,4,native,preconditioner,7.0783749999999998e-06,0,0,0,0,0,-0.84679639339447021
float,16,1,4,native,solve,7.9519999999999998e-05,4,10,8,14,3.2914065381477398e-06,0
float,16,1,5,native,products,2.0782910156249999e-07,0,0,0,0,0,78465616
float,16,1,5,native,preconditioner,7.2837500000000004e-06,0,0,0,0,0,-0.84679639339447021
float,16,1,5,native,solve,7.9170000000000003e-05,4,10,8,14,3.2914065381477398e-06,0
float,16,1,5,reference,products,2.0994033813476564e-07,0,0,0,0,0,78465616
float,16,1,5,reference,preconditioner,6.9893750000000003e-06,0,0,0,0,0,-0.84679639339447021
float,16,1,5,reference,solve,7.9550999999999998e-05,4,10,8,14,3.2914065381477398e-06,0
float,16,1,6,reference,products,2.1004061889648438e-07,0,0,0,0,0,78465616
float,16,1,6,reference,preconditioner,6.9994999999999996e-06,0,0,0,0,0,-0.84679639339447021
float,16,1,6,reference,solve,7.9370999999999996e-05,4,10,8,14,3.2914065381477398e-06,0
float,16,1,6,native,products,2.5069958496093751e-07,0,0,0,0,0,78465616
float,16,1,6,native,preconditioner,6.9844999999999998e-06,0,0,0,0,0,-0.84679639339447021
float,16,1,6,native,solve,7.9149999999999999e-05,4,10,8,14,3.2914065381477398e-06,0
float,16,1,7,native,products,2.1190145874023438e-07,0,0,0,0,0,78465616
float,16,1,7,native,preconditioner,6.9893750000000003e-06,0,0,0,0,0,-0.84679639339447021
float,16,1,7,native,solve,7.9740999999999994e-05,4,10,8,14,3.2914065381477398e-06,0
float,16,1,7,reference,products,2.1231451416015624e-07,0,0,0,0,0,78465616
float,16,1,7,reference,preconditioner,7.0196249999999997e-06,0,0,0,0,0,-0.84679639339447021
float,16,1,7,reference,solve,7.9810999999999999e-05,4,10,8,14,3.2914065381477398e-06,0
float,16,1,8,reference,products,2.1756524658203125e-07,0,0,0,0,0,78465616
float,16,1,8,reference,preconditioner,6.9844999999999998e-06,0,0,0,0,0,-0.84679639339447021
float,16,1,8,reference,solve,7.9580999999999996e-05,4,10,8,14,3.2914065381477398e-06,0
float,16,1,8,native,products,2.0923925781249999e-07,0,0,0,0,0,78465616
float,16,1,8,native,preconditioner,6.9894999999999997e-06,0,0,0,0,0,-0.84679639339447021
float,16,1,8,native,solve,7.9320000000000006e-05,4,10,8,14,3.2914065381477398e-06,0
float,16,1,9,native,products,2.1124316406249999e-07,0,0,0,0,0,78465616
float,16,1,9,native,preconditioner,6.9894999999999997e-06,0,0,0,0,0,-0.84679639339447021
float,16,1,9,native,solve,7.9961000000000002e-05,4,10,8,14,3.2914065381477398e-06,0
float,16,1,9,reference,products,2.0972323608398436e-07,0,0,0,0,0,78465616
float,16,1,9,reference,preconditioner,7.010875e-06,0,0,0,0,0,-0.84679639339447021
float,16,1,9,reference,solve,7.9921999999999998e-05,4,10,8,14,3.2914065381477398e-06,0
double,16,1,-1,native,profile_operator,3.3813999999999992e-05,7,16,14,23,4.5613717577587319e-10,0
double,16,1,-1,native,profile_preconditioner,0.00010235300000000001,7,16,14,23,4.5613717577587319e-10,0
double,16,1,-1,native,profile_total,0.00015632600000000001,7,16,14,23,4.5613717577587319e-10,0
double,16,1,-1,reference,profile_operator,3.7240999999999991e-05,7,16,14,23,4.5613717577587319e-10,0
double,16,1,-1,reference,profile_preconditioner,0.00011068100000000002,7,16,14,23,4.5613717577587319e-10,0
double,16,1,-1,reference,profile_total,0.00016518199999999999,7,16,14,23,4.5613717577587319e-10,0
double,16,1,0,reference,products,1.3729119873046876e-07,0,0,0,0,0,78465625.174233173
double,16,1,0,reference,preconditioner,7.2537499999999998e-06,0,0,0,0,0,-0.8467963401021481
double,16,1,0,reference,solve,0.000141538,7,16,14,23,4.5613717577587319e-10,0
double,16,1,0,native,products,1.3819961547851563e-07,0,0,0,0,0,78465625.174233173
double,16,1,0,native,preconditioner,7.6721250000000007e-06,0,0,0,0,0,-0.8467963401021481
double,16,1,0,native,solve,0.00014119800000000001,7,16,14,23,4.5613717577587319e-10,0
double,16,1,1,native,products,1.3711383056640626e-07,0,0,0,0,0,78465625.174233173
double,16,1,1,native,preconditioner,7.6832499999999997e-06,0,0,0,0,0,-0.8467963401021481
double,16,1,1,native,solve,0.000140135,7,16,14,23,4.5613717577587319e-10,0
double,16,1,1,reference,products,1.3973995971679688e-07,0,0,0,0,0,78465625.174233173
double,16,1,1,reference,preconditioner,7.5793749999999997e-06,0,0,0,0,0,-0.8467963401021481
double,16,1,1,reference,solve,0.00014062699999999999,7,16,14,23,4.5613717577587319e-10,0
double,16,1,2,reference,products,1.3708511352539063e-07,0,0,0,0,0,78465625.174233173
double,16,1,2,reference,preconditioner,7.2524999999999996e-06,0,0,0,0,0,-0.8467963401021481
double,16,1,2,reference,solve,0.000140426,7,16,14,23,4.5613717577587319e-10,0
double,16,1,2,native,products,1.3911288452148437e-07,0,0,0,0,0,78465625.174233173
double,16,1,2,native,preconditioner,7.7358749999999999e-06,0,0,0,0,0,-0.8467963401021481
double,16,1,2,native,solve,0.00014113799999999999,7,16,14,23,4.5613717577587319e-10,0
double,16,1,3,native,products,1.3696893310546874e-07,0,0,0,0,0,78465625.174233173
double,16,1,3,native,preconditioner,7.7033749999999997e-06,0,0,0,0,0,-0.8467963401021481
double,16,1,3,native,solve,0.000140586,7,16,14,23,4.5613717577587319e-10,0
double,16,1,3,reference,products,1.3660693359375e-07,0,0,0,0,0,78465625.174233173
double,16,1,3,reference,preconditioner,7.2625000000000003e-06,0,0,0,0,0,-0.8467963401021481
double,16,1,3,reference,solve,0.00014023599999999999,7,16,14,23,4.5613717577587319e-10,0
double,16,1,4,reference,products,1.8663754272460938e-07,0,0,0,0,0,78465625.174233173
double,16,1,4,reference,preconditioner,7.22875e-06,0,0,0,0,0,-0.8467963401021481
double,16,1,4,reference,solve,0.00014065599999999999,7,16,14,23,4.5613717577587319e-10,0
double,16,1,4,native,products,1.3778164672851562e-07,0,0,0,0,0,78465625.174233173
double,16,1,4,native,preconditioner,7.7734999999999994e-06,0,0,0,0,0,-0.8467963401021481
double,16,1,4,native,solve,0.00014041600000000001,7,16,14,23,4.5613717577587319e-10,0
double,16,1,5,native,products,1.3740463256835937e-07,0,0,0,0,0,78465625.174233173
double,16,1,5,native,preconditioner,7.7296249999999997e-06,0,0,0,0,0,-0.8467963401021481
double,16,1,5,native,solve,0.00015274900000000001,7,16,14,23,4.5613717577587319e-10,0
double,16,1,5,reference,products,1.3764709472656251e-07,0,0,0,0,0,78465625.174233173
double,16,1,5,reference,preconditioner,7.2637499999999997e-06,0,0,0,0,0,-0.8467963401021481
double,16,1,5,reference,solve,0.000140526,7,16,14,23,4.5613717577587319e-10,0
double,16,1,6,reference,products,1.3790606689453124e-07,0,0,0,0,0,78465625.174233173
double,16,1,6,reference,preconditioner,7.2675000000000003e-06,0,0,0,0,0,-0.8467963401021481
double,16,1,6,reference,solve,0.000140135,7,16,14,23,4.5613717577587319e-10,0
double,16,1,6,native,products,1.3721014404296875e-07,0,0,0,0,0,78465625.174233173
double,16,1,6,native,preconditioner,8.5011250000000007e-06,0,0,0,0,0,-0.8467963401021481
double,16,1,6,native,solve,0.00014011500000000001,7,16,14,23,4.5613717577587319e-10,0
double,16,1,7,native,products,1.3725634765625001e-07,0,0,0,0,0,78465625.174233173
double,16,1,7,native,preconditioner,8.8392500000000001e-06,0,0,0,0,0,-0.8467963401021481
double,16,1,7,native,solve,0.00014474400000000001,7,16,14,23,4.5613717577587319e-10,0
double,16,1,7,reference,products,1.3654086303710937e-07,0,0,0,0,0,78465625.174233173
double,16,1,7,reference,preconditioner,7.28125e-06,0,0,0,0,0,-0.8467963401021481
double,16,1,7,reference,solve,0.00014020499999999999,7,16,14,23,4.5613717577587319e-10,0
double,16,1,8,reference,products,1.3769387817382812e-07,0,0,0,0,0,78465625.174233173
double,16,1,8,reference,preconditioner,7.28125e-06,0,0,0,0,0,-0.8467963401021481
double,16,1,8,reference,solve,0.000140116,7,16,14,23,4.5613717577587319e-10,0
double,16,1,8,native,products,1.3790423583984375e-07,0,0,0,0,0,78465625.174233173
double,16,1,8,native,preconditioner,7.7071249999999995e-06,0,0,0,0,0,-0.8467963401021481
double,16,1,8,native,solve,0.00014051600000000001,7,16,14,23,4.5613717577587319e-10,0
double,16,1,9,native,products,1.3864843750000001e-07,0,0,0,0,0,78465625.174233173
double,16,1,9,native,preconditioner,8.4697499999999997e-06,0,0,0,0,0,-0.8467963401021481
double,16,1,9,native,solve,0.000140035,7,16,14,23,4.5613717577587319e-10,0
double,16,1,9,reference,products,1.3696710205078125e-07,0,0,0,0,0,78465625.174233173
double,16,1,9,reference,preconditioner,7.2599999999999999e-06,0,0,0,0,0,-0.8467963401021481
double,16,1,9,reference,solve,0.00014045600000000001,7,16,14,23,4.5613717577587319e-10,0
float,16,5,-1,native,profile_operator,4.1017999999999999e-05,4,10,8,14,3.3816904203655107e-06,0
float,16,5,-1,native,profile_preconditioner,7.4219999999999991e-05,4,10,8,14,3.3816904203655107e-06,0
float,16,5,-1,native,profile_total,0.000163239,4,10,8,14,3.3816904203655107e-06,0
float,16,5,-1,reference,profile_operator,4.0827999999999996e-05,4,10,8,14,3.3816904203655107e-06,0
float,16,5,-1,reference,profile_preconditioner,7.7217000000000016e-05,4,10,8,14,3.3816904203655107e-06,0
float,16,5,-1,reference,profile_total,0.000164291,4,10,8,14,3.3816904203655107e-06,0
float,16,5,0,reference,products,9.7025774454448345e-07,0,0,0,0,0,79192294.665039062
float,16,5,0,reference,preconditioner,9.1647500000000006e-06,0,0,0,0,0,-0.84679639339447021
float,16,5,0,reference,solve,0.00012877400000000001,4,10,8,14,3.3816904203655107e-06,0
float,16,5,0,native,products,9.6173233633450329e-07,0,0,0,0,0,79192294.665039062
float,16,5,0,native,preconditioner,9.2651250000000005e-06,0,0,0,0,0,-0.84679639339447021
float,16,5,0,native,solve,0.00013160900000000001,4,10,8,14,3.3816904203655107e-06,0
float,16,5,1,native,products,9.6600274683351129e-07,0,0,0,0,0,79192294.665039062
float,16,5,1,native,preconditioner,1.0218125e-05,0,0,0,0,0,-0.84679639339447021
float,16,5,1,native,solve,0.000138212,4,10,8,14,3.3816904203655107e-06,0
float,16,5,1,reference,products,9.3190950709598662e-07,0,0,0,0,0,79192294.665039062
float,16,5,1,reference,preconditioner,9.2601249999999997e-06,0,0,0,0,0,-0.84679639339447021
float,16,5,1,reference,solve,0.000130958,4,10,8,14,3.3816904203655107e-06,0
float,16,5,2,reference,products,1.1435324278956204e-06,0,0,0,0,0,79192294.665039062
float,16,5,2,reference,preconditioner,9.1498750000000002e-06,0,0,0,0,0,-0.84679639339447021
float,16,5,2,reference,solve,0.00012760199999999999,4,10,8,14,3.3816904203655107e-06,0
float,16,5,2,native,products,9.6092049443003206e-07,0,0,0,0,0,79192294.665039062
float,16,5,2,native,preconditioner,9.2125000000000003e-06,0,0,0,0,0,-0.84679639339447021
float,16,5,2,native,solve,0.00015983300000000001,4,10,8,14,3.3816904203655107e-06,0
float,16,5,3,native,products,9.4110117503433544e-07,0,0,0,0,0,79192294.665039062
float,16,5,3,native,preconditioner,9.1509999999999993e-06,0,0,0,0,0,-0.84679639339447021
float,16,5,3,native,solve,0.00012861400000000001,4,10,8,14,3.3816904203655107e-06,0
float,16,5,3,reference,products,9.3181931939569664e-07,0,0,0,0,0,79192294.665039062
float,16,5,3,reference,preconditioner,9.2650000000000002e-06,0,0,0,0,0,-0.84679639339447021
float,16,5,3,reference,solve,0.000146508,4,10,8,14,3.3816904203655107e-06,0
float,16,5,4,reference,products,9.4608087898672363e-07,0,0,0,0,0,79192294.665039062
float,16,5,4,reference,preconditioner,9.1561250000000004e-06,0,0,0,0,0,-0.84679639339447021
float,16,5,4,reference,solve,0.00012772099999999999,4,10,8,14,3.3816904203655107e-06,0
float,16,5,4,native,products,9.394071417671296e-07,0,0,0,0,0,79192294.665039062
float,16,5,4,native,preconditioner,9.1297500000000001e-06,0,0,0,0,0,-0.84679639339447021
float,16,5,4,native,solve,0.00014872099999999999,4,10,8,14,3.3816904203655107e-06,0
float,16,5,5,native,products,9.5777414924462068e-07,0,0,0,0,0,79192294.665039062
float,16,5,5,native,preconditioner,9.1648749999999992e-06,0,0,0,0,0,-0.84679639339447021
float,16,5,5,native,solve,0.00012983600000000001,4,10,8,14,3.3816904203655107e-06,0
float,16,5,5,reference,products,9.2942484358309172e-07,0,0,0,0,0,79192294.665039062
float,16,5,5,reference,preconditioner,1.058625e-05,0,0,0,0,0,-0.84679639339447021
float,16,5,5,reference,solve,0.000132461,4,10,8,14,3.3816904203655107e-06,0
float,16,5,6,reference,products,9.3625621852586594e-07,0,0,0,0,0,79192294.665039062
float,16,5,6,reference,preconditioner,9.1461250000000005e-06,0,0,0,0,0,-0.84679639339447021
float,16,5,6,reference,solve,0.00012710099999999999,4,10,8,14,3.3816904203655107e-06,0
float,16,5,6,native,products,9.4749519304135507e-07,0,0,0,0,0,79192294.665039062
float,16,5,6,native,preconditioner,1.1256249999999999e-05,0,0,0,0,0,-0.84679639339447021
float,16,5,6,native,solve,0.000130767,4,10,8,14,3.3816904203655107e-06,0
float,16,5,7,native,products,9.3775598962307337e-07,0,0,0,0,0,79192294.665039062
float,16,5,7,native,preconditioner,9.1072499999999999e-06,0,0,0,0,0,-0.84679639339447021
float,16,5,7,native,solve,0.00012833300000000001,4,10,8,14,3.3816904203655107e-06,0
float,16,5,7,reference,products,9.4307965817182966e-07,0,0,0,0,0,79192294.665039062
float,16,5,7,reference,preconditioner,1.41455e-05,0,0,0,0,0,-0.84679639339447021
float,16,5,7,reference,solve,0.000127501,4,10,8,14,3.3816904203655107e-06,0
float,16,5,8,reference,products,9.3851899893178704e-07,0,0,0,0,0,79192294.665039062
float,16,5,8,reference,preconditioner,9.1548749999999993e-06,0,0,0,0,0,-0.84679639339447021
float,16,5,8,reference,solve,0.00013261100000000001,4,10,8,14,3.3816904203655107e-06,0
float,16,5,8,native,products,9.5071967037997872e-07,0,0,0,0,0,79192294.665039062
float,16,5,8,native,preconditioner,1.0089125e-05,0,0,0,0,0,-0.84679639339447021
float,16,5,8,native,solve,0.000139324,4,10,8,14,3.3816904203655107e-06,0
float,16,5,9,native,products,9.4960964443766216e-07,0,0,0,0,0,79192294.665039062
float,16,5,9,native,preconditioner,9.1411249999999997e-06,0,0,0,0,0,-0.84679639339447021
float,16,5,9,native,solve,0.000128343,4,10,8,14,3.3816904203655107e-06,0
float,16,5,9,reference,products,9.4111796123912716e-07,0,0,0,0,0,79192294.665039062
float,16,5,9,reference,preconditioner,9.1761250000000002e-06,0,0,0,0,0,-0.84679639339447021
float,16,5,9,reference,solve,0.00013181999999999999,4,10,8,14,3.3816904203655107e-06,0
double,16,5,-1,native,profile_operator,7.9980999999999992e-05,7,16,14,23,5.6037012670773305e-10,0
double,16,5,-1,native,profile_preconditioner,0.00014521499999999997,7,16,14,23,5.6037012670773305e-10,0
double,16,5,-1,native,profile_total,0.00030675100000000002,7,16,14,23,5.6037012670773305e-10,0
double,16,5,-1,reference,profile_operator,6.6443000000000014e-05,7,16,14,23,5.6037012670773305e-10,0
double,16,5,-1,reference,profile_preconditioner,0.00013937299999999998,7,16,14,23,5.6037012670773305e-10,0
double,16,5,-1,reference,profile_total,0.00028652199999999999,7,16,14,23,5.6037012670773305e-10,0
double,16,5,0,reference,products,6.2937265374637565e-07,0,0,0,0,0,79192302.082384101
double,16,5,0,reference,preconditioner,1.0423499999999999e-05,0,0,0,0,0,-0.8467963401021481
double,16,5,0,reference,solve,0.00023899199999999999,7,16,14,23,5.6037012670773305e-10,0
double,16,5,0,native,products,6.3153746375705789e-07,0,0,0,0,0,79192302.082384101
double,16,5,0,native,preconditioner,1.0542499999999999e-05,0,0,0,0,0,-0.8467963401021481
double,16,5,0,native,solve,0.00023166899999999999,7,16,14,23,5.6037012670773305e-10,0
double,16,5,1,native,products,6.2762658324431565e-07,0,0,0,0,0,79192302.082384101
double,16,5,1,native,preconditioner,1.0496124999999999e-05,0,0,0,0,0,-0.8467963401021481
double,16,5,1,native,solve,0.00022696000000000001,7,16,14,23,5.6037012670773305e-10,0
double,16,5,1,reference,products,6.7320357088356474e-07,0,0,0,0,0,79192302.082384101
double,16,5,1,reference,preconditioner,1.0339625e-05,0,0,0,0,0,-0.8467963401021481
double,16,5,1,reference,solve,0.00022942500000000001,7,16,14,23,5.6037012670773305e-10,0
double,16,5,2,reference,products,6.2627041049900814e-07,0,0,0,0,0,79192302.082384101
double,16,5,2,reference,preconditioner,1.0330875e-05,0,0,0,0,0,-0.8467963401021481
double,16,5,2,reference,solve,0.00025644600000000002,7,16,14,23,5.6037012670773305e-10,0
double,16,5,2,native,products,6.2903479322447743e-07,0,0,0,0,0,79192302.082384101
double,16,5,2,native,preconditioner,1.0508625e-05,0,0,0,0,0,-0.8467963401021481
double,16,5,2,native,solve,0.00022724099999999999,7,16,14,23,5.6037012670773305e-10,0
double,16,5,3,native,products,6.8775110636349761e-07,0,0,0,0,0,79192302.082384101
double,16,5,3,native,preconditioner,1.0498625e-05,0,0,0,0,0,-0.8467963401021481
double,16,5,3,native,solve,0.00022715999999999999,7,16,14,23,5.6037012670773305e-10,0
double,16,5,3,reference,products,6.3813490004578059e-07,0,0,0,0,0,79192302.082384101
double,16,5,3,reference,preconditioner,1.0333375e-05,0,0,0,0,0,-0.8467963401021481
double,16,5,3,reference,solve,0.00025508300000000002,7,16,14,23,5.6037012670773305e-10,0
double,16,5,4,reference,products,6.2629940485273919e-07,0,0,0,0,0,79192302.082384101
double,16,5,4,reference,preconditioner,1.0338375000000001e-05,0,0,0,0,0,-0.8467963401021481
double,16,5,4,reference,solve,0.000228292,7,16,14,23,5.6037012670773305e-10,0
double,16,5,4,native,products,6.3119349916068979e-07,0,0,0,0,0,79192302.082384101
double,16,5,4,native,preconditioner,1.1141000000000001e-05,0,0,0,0,0,-0.8467963401021481
double,16,5,4,native,solve,0.00023066699999999999,7,16,14,23,5.6037012670773305e-10,0
double,16,5,5,native,products,6.3648206928124525e-07,0,0,0,0,0,79192302.082384101
double,16,5,5,native,preconditioner,1.0486124999999999e-05,0,0,0,0,0,-0.8467963401021481
double,16,5,5,native,solve,0.00026418999999999998,7,16,14,23,5.6037012670773305e-10,0
double,16,5,5,reference,products,6.2938180985808031e-07,0,0,0,0,0,79192302.082384101
double,16,5,5,reference,preconditioner,1.0348375000000001e-05,0,0,0,0,0,-0.8467963401021481
double,16,5,5,reference,solve,0.00022890399999999999,7,16,14,23,5.6037012670773305e-10,0
double,16,5,6,reference,products,6.2950709598657101e-07,0,0,0,0,0,79192302.082384101
double,16,5,6,reference,preconditioner,1.0339625e-05,0,0,0,0,0,-0.8467963401021481
double,16,5,6,reference,solve,0.00023439399999999999,7,16,14,23,5.6037012670773305e-10,0
double,16,5,6,native,products,6.4015153364871043e-07,0,0,0,0,0,79192302.082384101
double,16,5,6,native,preconditioner,1.0516124999999999e-05,0,0,0,0,0,-0.8467963401021481
double,16,5,6,native,solve,0.00022703,7,16,14,23,5.6037012670773305e-10,0
double,16,5,7,native,products,6.3363375553181748e-07,0,0,0,0,0,79192302.082384101
double,16,5,7,native,preconditioner,1.0542374999999999e-05,0,0,0,0,0,-0.8467963401021481
double,16,5,7,native,solve,0.00022788100000000001,7,16,14,23,5.6037012670773305e-10,0
double,16,5,7,reference,products,6.2989088966885394e-07,0,0,0,0,0,79192302.082384101
double,16,5,7,reference,preconditioner,1.0363375e-05,0,0,0,0,0,-0.8467963401021481
double,16,5,7,reference,solve,0.00024835999999999999,7,16,14,23,5.6037012670773305e-10,0
double,16,5,8,reference,products,6.3107431710666865e-07,0,0,0,0,0,79192302.082384101
double,16,5,8,reference,preconditioner,1.0334624999999999e-05,0,0,0,0,0,-0.8467963401021481
double,16,5,8,reference,solve,0.000229545,7,16,14,23,5.6037012670773305e-10,0
double,16,5,8,native,products,6.3707828475507397e-07,0,0,0,0,0,79192302.082384101
double,16,5,8,native,preconditioner,1.2099249999999999e-05,0,0,0,0,0,-0.8467963401021481
double,16,5,8,native,solve,0.000231809,7,16,14,23,5.6037012670773305e-10,0
double,16,5,9,native,products,6.2836044559743624e-07,0,0,0,0,0,79192302.082384101
double,16,5,9,native,preconditioner,1.0507375e-05,0,0,0,0,0,-0.8467963401021481
double,16,5,9,native,solve,0.00023592700000000001,7,16,14,23,5.6037012670773305e-10,0
double,16,5,9,reference,products,6.2758385472302766e-07,0,0,0,0,0,79192302.082384101
double,16,5,9,reference,preconditioner,1.0405875e-05,0,0,0,0,0,-0.8467963401021481
double,16,5,9,reference,solve,0.00022913400000000001,7,16,14,23,5.6037012670773305e-10,0
float,16,1296,-1,native,profile_operator,0.0047207269999999992,4,10,8,14,6.7133383752071177e-06,0
float,16,1296,-1,native,profile_preconditioner,0.0087542149999999992,4,10,8,14,6.7133383752071177e-06,0
float,16,1296,-1,native,profile_total,0.025465245000000001,4,10,8,14,6.7133383752071177e-06,0
float,16,1296,-1,reference,profile_operator,0.0051434390000000005,4,10,8,14,6.7133383752071177e-06,0
float,16,1296,-1,reference,profile_preconditioner,0.0084928079999999993,4,10,8,14,6.7133383752071177e-06,0
float,16,1296,-1,reference,profile_total,0.025845716000000001,4,10,8,14,6.7133383752071177e-06,0
float,16,1296,0,reference,products,0.00024066404,0,0,0,0,0,80810075
float,16,1296,0,reference,preconditioner,0.00059789462499999996,0,0,0,0,0,-0.84679639339447021
float,16,1296,0,reference,solve,0.017856588999999999,4,10,8,14,6.7133383752071177e-06,0
float,16,1296,0,native,products,0.00024440196000000001,0,0,0,0,0,80810075
float,16,1296,0,native,preconditioner,0.00065440650000000002,0,0,0,0,0,-0.84679639339447021
float,16,1296,0,native,solve,0.017333488000000001,4,10,8,14,6.7133383752071177e-06,0
float,16,1296,1,native,products,0.00024743048000000001,0,0,0,0,0,80810075
float,16,1296,1,native,preconditioner,0.00059113299999999998,0,0,0,0,0,-0.84679639339447021
float,16,1296,1,native,solve,0.019553360999999998,4,10,8,14,6.7133383752071177e-06,0
float,16,1296,1,reference,products,0.00024688303999999999,0,0,0,0,0,80810075
float,16,1296,1,reference,preconditioner,0.00064424475000000002,0,0,0,0,0,-0.84679639339447021
float,16,1296,1,reference,solve,0.017267383000000001,4,10,8,14,6.7133383752071177e-06,0
float,16,1296,2,reference,products,0.00025306751999999998,0,0,0,0,0,80810075
float,16,1296,2,reference,preconditioner,0.00068715474999999997,0,0,0,0,0,-0.84679639339447021
float,16,1296,2,reference,solve,0.020053719000000001,4,10,8,14,6.7133383752071177e-06,0
float,16,1296,2,native,products,0.00024787532000000002,0,0,0,0,0,80810075
float,16,1296,2,native,preconditioner,0.00081808887499999999,0,0,0,0,0,-0.84679639339447021
float,16,1296,2,native,solve,0.021677624,4,10,8,14,6.7133383752071177e-06,0
float,16,1296,3,native,products,0.00032435291999999998,0,0,0,0,0,80810075
float,16,1296,3,native,preconditioner,0.00064762374999999999,0,0,0,0,0,-0.84679639339447021
float,16,1296,3,native,solve,0.016714777,4,10,8,14,6.7133383752071177e-06,0
float,16,1296,3,reference,products,0.00024106404000000001,0,0,0,0,0,80810075
float,16,1296,3,reference,preconditioner,0.00068238200000000004,0,0,0,0,0,-0.84679639339447021
float,16,1296,3,reference,solve,0.018323692999999999,4,10,8,14,6.7133383752071177e-06,0
float,16,1296,4,reference,products,0.00023839980000000001,0,0,0,0,0,80810075
float,16,1296,4,reference,preconditioner,0.00061296312500000005,0,0,0,0,0,-0.84679639339447021
float,16,1296,4,reference,solve,0.019498676999999999,4,10,8,14,6.7133383752071177e-06,0
float,16,1296,4,native,products,0.0002490848,0,0,0,0,0,80810075
float,16,1296,4,native,preconditioner,0.00072316412500000003,0,0,0,0,0,-0.84679639339447021
float,16,1296,4,native,solve,0.017779362999999999,4,10,8,14,6.7133383752071177e-06,0
float,16,1296,5,native,products,0.00025000815999999998,0,0,0,0,0,80810075
float,16,1296,5,native,preconditioner,0.00068186600000000005,0,0,0,0,0,-0.84679639339447021
float,16,1296,5,native,solve,0.018474919999999999,4,10,8,14,6.7133383752071177e-06,0
float,16,1296,5,reference,products,0.00024173127999999999,0,0,0,0,0,80810075
float,16,1296,5,reference,preconditioner,0.00067774325000000005,0,0,0,0,0,-0.84679639339447021
float,16,1296,5,reference,solve,0.016475223000000001,4,10,8,14,6.7133383752071177e-06,0
float,16,1296,6,reference,products,0.00024955167999999998,0,0,0,0,0,80810075
float,16,1296,6,reference,preconditioner,0.000673230875,0,0,0,0,0,-0.84679639339447021
float,16,1296,6,reference,solve,0.017365780000000001,4,10,8,14,6.7133383752071177e-06,0
float,16,1296,6,native,products,0.0002422162,0,0,0,0,0,80810075
float,16,1296,6,native,preconditioner,0.00056449750000000002,0,0,0,0,0,-0.84679639339447021
float,16,1296,6,native,solve,0.017951609,4,10,8,14,6.7133383752071177e-06,0
float,16,1296,7,native,products,0.00026133880000000001,0,0,0,0,0,80810075
float,16,1296,7,native,preconditioner,0.00072828137500000002,0,0,0,0,0,-0.84679639339447021
float,16,1296,7,native,solve,0.017302809999999998,4,10,8,14,6.7133383752071177e-06,0
float,16,1296,7,reference,products,0.00024169960000000002,0,0,0,0,0,80810075
float,16,1296,7,reference,preconditioner,0.00082867149999999996,0,0,0,0,0,-0.84679639339447021
float,16,1296,7,reference,solve,0.018286943999999999,4,10,8,14,6.7133383752071177e-06,0
float,16,1296,8,reference,products,0.00024031299999999997,0,0,0,0,0,80810075
float,16,1296,8,reference,preconditioner,0.00063305987500000003,0,0,0,0,0,-0.84679639339447021
float,16,1296,8,reference,solve,0.017468845,4,10,8,14,6.7133383752071177e-06,0
float,16,1296,8,native,products,0.00025187288,0,0,0,0,0,80810075
float,16,1296,8,native,preconditioner,0.00062324125000000005,0,0,0,0,0,-0.84679639339447021
float,16,1296,8,native,solve,0.018194948999999998,4,10,8,14,6.7133383752071177e-06,0
float,16,1296,9,native,products,0.00024476744000000004,0,0,0,0,0,80810075
float,16,1296,9,native,preconditioner,0.00061319475,0,0,0,0,0,-0.84679639339447021
float,16,1296,9,native,solve,0.018016140999999999,4,10,8,14,6.7133383752071177e-06,0
float,16,1296,9,reference,products,0.0002416664,0,0,0,0,0,80810075
float,16,1296,9,reference,preconditioner,0.00072972037500000002,0,0,0,0,0,-0.84679639339447021
float,16,1296,9,reference,solve,0.017427126000000001,4,10,8,14,6.7133383752071177e-06,0
double,16,1296,-1,native,profile_operator,0.019738481999999998,7,16,14,24,2.8102878011790435e-10,0
double,16,1296,-1,native,profile_preconditioner,0.039084200999999999,7,16,14,24,2.8102878011790435e-10,0
double,16,1296,-1,native,profile_total,0.086289877000000001,7,16,14,24,2.8102878011790435e-10,0
double,16,1296,-1,reference,profile_operator,0.019079584,7,16,14,24,2.8102878011790435e-10,0
double,16,1296,-1,reference,profile_preconditioner,0.038254097999999993,7,16,14,24,2.8102878011790435e-10,0
double,16,1296,-1,reference,profile_total,0.086897226999999994,7,16,14,24,2.8102878011790435e-10,0
double,16,1296,0,reference,products,0.00017782828000000001,0,0,0,0,0,80810078.788519325
double,16,1296,0,reference,preconditioner,0.0023220340000000002,0,0,0,0,0,-0.8467963401021481
double,16,1296,0,reference,solve,0.071180139000000003,7,16,14,24,2.8102878011790435e-10,0
double,16,1296,0,native,products,0.00017402468000000002,0,0,0,0,0,80810078.788519325
double,16,1296,0,native,preconditioner,0.002327094875,0,0,0,0,0,-0.8467963401021481
double,16,1296,0,native,solve,0.071916122999999998,7,16,14,24,2.8102878011790435e-10,0
double,16,1296,1,native,products,0.00017173115999999998,0,0,0,0,0,80810078.788519325
double,16,1296,1,native,preconditioner,0.002249090875,0,0,0,0,0,-0.8467963401021481
double,16,1296,1,native,solve,0.073106607000000004,7,16,14,24,2.8102878011790435e-10,0
double,16,1296,1,reference,products,0.00024036787999999999,0,0,0,0,0,80810078.788519325
double,16,1296,1,reference,preconditioner,0.0024167107499999999,0,0,0,0,0,-0.8467963401021481
double,16,1296,1,reference,solve,0.068973080000000006,7,16,14,24,2.8102878011790435e-10,0
double,16,1296,2,reference,products,0.00016821048000000002,0,0,0,0,0,80810078.788519325
double,16,1296,2,reference,preconditioner,0.0022607391249999998,0,0,0,0,0,-0.8467963401021481
double,16,1296,2,reference,solve,0.071063748999999996,7,16,14,24,2.8102878011790435e-10,0
double,16,1296,2,native,products,0.00017546260000000002,0,0,0,0,0,80810078.788519325
double,16,1296,2,native,preconditioner,0.0023242206250000002,0,0,0,0,0,-0.8467963401021481
double,16,1296,2,native,solve,0.074499794999999994,7,16,14,24,2.8102878011790435e-10,0
double,16,1296,3,native,products,0.00017334744,0,0,0,0,0,80810078.788519325
double,16,1296,3,native,preconditioner,0.0023875767499999998,0,0,0,0,0,-0.8467963401021481
double,16,1296,3,native,solve,0.069794566000000002,7,16,14,24,2.8102878011790435e-10,0
double,16,1296,3,reference,products,0.00018060756000000001,0,0,0,0,0,80810078.788519325
double,16,1296,3,reference,preconditioner,0.0024608203750000001,0,0,0,0,0,-0.8467963401021481
double,16,1296,3,reference,solve,0.069269480999999994,7,16,14,24,2.8102878011790435e-10,0
double,16,1296,4,reference,products,0.00017904099999999998,0,0,0,0,0,80810078.788519325
double,16,1296,4,reference,preconditioner,0.0023810482500000001,0,0,0,0,0,-0.8467963401021481
double,16,1296,4,reference,solve,0.075841855999999999,7,16,14,24,2.8102878011790435e-10,0
double,16,1296,4,native,products,0.00017968819999999999,0,0,0,0,0,80810078.788519325
double,16,1296,4,native,preconditioner,0.0023501258750000002,0,0,0,0,0,-0.8467963401021481
double,16,1296,4,native,solve,0.072894045000000005,7,16,14,24,2.8102878011790435e-10,0
double,16,1296,5,native,products,0.00020222167999999998,0,0,0,0,0,80810078.788519325
double,16,1296,5,native,preconditioner,0.00251126975,0,0,0,0,0,-0.8467963401021481
double,16,1296,5,native,solve,0.070720218000000001,7,16,14,24,2.8102878011790435e-10,0
double,16,1296,5,reference,products,0.00019005908,0,0,0,0,0,80810078.788519325
double,16,1296,5,reference,preconditioner,0.0023087174999999998,0,0,0,0,0,-0.8467963401021481
double,16,1296,5,reference,solve,0.071272382999999995,7,16,14,24,2.8102878011790435e-10,0
double,16,1296,6,reference,products,0.00016767867999999998,0,0,0,0,0,80810078.788519325
double,16,1296,6,reference,preconditioner,0.0022837488749999999,0,0,0,0,0,-0.8467963401021481
double,16,1296,6,reference,solve,0.072423963999999993,7,16,14,24,2.8102878011790435e-10,0
double,16,1296,6,native,products,0.00017332176000000002,0,0,0,0,0,80810078.788519325
double,16,1296,6,native,preconditioner,0.0023954291250000001,0,0,0,0,0,-0.8467963401021481
double,16,1296,6,native,solve,0.070699910000000005,7,16,14,24,2.8102878011790435e-10,0
double,16,1296,7,native,products,0.00018385252000000001,0,0,0,0,0,80810078.788519325
double,16,1296,7,native,preconditioner,0.0024574415,0,0,0,0,0,-0.8467963401021481
double,16,1296,7,native,solve,0.070540057000000003,7,16,14,24,2.8102878011790435e-10,0
double,16,1296,7,reference,products,0.00017038859999999998,0,0,0,0,0,80810078.788519325
double,16,1296,7,reference,preconditioner,0.0022360172500000002,0,0,0,0,0,-0.8467963401021481
double,16,1296,7,reference,solve,0.073109180999999995,7,16,14,24,2.8102878011790435e-10,0
double,16,1296,8,reference,products,0.00017249460000000002,0,0,0,0,0,80810078.788519325
double,16,1296,8,reference,preconditioner,0.0021765296250000001,0,0,0,0,0,-0.8467963401021481
double,16,1296,8,reference,solve,0.071418208999999996,7,16,14,24,2.8102878011790435e-10,0
double,16,1296,8,native,products,0.0001767262,0,0,0,0,0,80810078.788519325
double,16,1296,8,native,preconditioner,0.0025721561249999999,0,0,0,0,0,-0.8467963401021481
double,16,1296,8,native,solve,0.070627842999999996,7,16,14,24,2.8102878011790435e-10,0
double,16,1296,9,native,products,0.00019620147999999999,0,0,0,0,0,80810078.788519325
double,16,1296,9,native,preconditioner,0.002263868875,0,0,0,0,0,-0.8467963401021481
double,16,1296,9,native,solve,0.071732775999999998,7,16,14,24,2.8102878011790435e-10,0
double,16,1296,9,reference,products,0.00017683759999999999,0,0,0,0,0,80810078.788519325
double,16,1296,9,reference,preconditioner,0.0023065883749999998,0,0,0,0,0,-0.8467963401021481
double,16,1296,9,reference,solve,0.071328920000000004,7,16,14,24,2.8102878011790435e-10,0
