precision,side,block,sample,variant,phase,seconds,iterations,operator_apps,preconditioner_apps,reductions,relative_residual,checksum
float,16,1,-1,native,profile_operator,2.4616999999999998e-05,4,10,8,14,3.2914065381477398e-06,0
float,16,1,-1,native,profile_preconditioner,5.6677999999999995e-05,4,10,8,14,3.2914065381477398e-06,0
float,16,1,-1,native,profile_total,9.7014000000000003e-05,4,10,8,14,3.2914065381477398e-06,0
float,16,1,-1,reference,profile_operator,2.3274999999999997e-05,4,10,8,14,3.2914065381477398e-06,0
float,16,1,-1,reference,profile_preconditioner,5.4683000000000005e-05,4,10,8,14,3.2914065381477398e-06,0
float,16,1,-1,reference,profile_total,9.5631000000000006e-05,4,10,8,14,3.2914065381477398e-06,0
float,16,1,0,reference,products,2.0866009521484376e-07,0,0,0,0,0,78465616
float,16,1,0,reference,solve,8.4480000000000004e-05,4,10,8,14,3.2914065381477398e-06,0
float,16,1,0,native,products,2.1022738647460939e-07,0,0,0,0,0,78465616
float,16,1,0,native,solve,8.1553999999999999e-05,4,10,8,14,3.2914065381477398e-06,0
float,16,1,1,native,products,2.1167941284179687e-07,0,0,0,0,0,78465616
float,16,1,1,native,solve,8.2817000000000003e-05,4,10,8,14,3.2914065381477398e-06,0
float,16,1,1,reference,products,2.1762973022460936e-07,0,0,0,0,0,78465616
float,16,1,1,reference,solve,9.1413e-05,4,10,8,14,3.2914065381477398e-06,0
float,16,1,2,reference,products,2.0767373657226563e-07,0,0,0,0,0,78465616
float,16,1,2,reference,solve,8.0181999999999999e-05,4,10,8,14,3.2914065381477398e-06,0
float,16,1,2,native,products,2.0763888549804688e-07,0,0,0,0,0,78465616
float,16,1,2,native,solve,8.0733000000000001e-05,4,10,8,14,3.2914065381477398e-06,0
float,16,1,3,native,products,2.1107586669921876e-07,0,0,0,0,0,78465616
float,16,1,3,native,solve,7.9892e-05,4,10,8,14,3.2914065381477398e-06,0
float,16,1,3,reference,products,2.1119998168945313e-07,0,0,0,0,0,78465616
float,16,1,3,reference,solve,8.0111999999999995e-05,4,10,8,14,3.2914065381477398e-06,0
float,16,1,4,reference,products,2.1196499633789062e-07,0,0,0,0,0,78465616
float,16,1,4,reference,solve,8.6624000000000003e-05,4,10,8,14,3.2914065381477398e-06,0
float,16,1,4,native,products,2.0939208984375001e-07,0,0,0,0,0,78465616
float,16,1,4,native,solve,7.9701000000000001e-05,4,10,8,14,3.2914065381477398e-06,0
float,16,1,5,native,products,2.1141403198242187e-07,0,0,0,0,0,78465616
float,16,1,5,native,solve,9.8426999999999998e-05,4,10,8,14,3.2914065381477398e-06,0
float,16,1,5,reference,products,2.0651004028320314e-07,0,0,0,0,0,78465616
float,16,1,5,reference,solve,8.0152000000000001e-05,4,10,8,14,3.2914065381477398e-06,0
float,16,1,6,reference,products,2.111373291015625e-07,0,0,0,0,0,78465616
float,16,1,6,reference,solve,8.0041000000000002e-05,4,10,8,14,3.2914065381477398e-06,0
float,16,1,6,native,products,2.512007141113281e-07,0,0,0,0,0,78465616
float,16,1,6,native,solve,8.1073000000000001e-05,4,10,8,14,3.2914065381477398e-06,0
float,16,1,7,native,products,2.1492837524414061e-07,0,0,0,0,0,78465616
float,16,1,7,native,solve,7.9740999999999994e-05,4,10,8,14,3.2914065381477398e-06,0
float,16,1,7,reference,products,2.1014300537109376e-07,0,0,0,0,0,78465616
float,16,1,7,reference,solve,8.1032999999999995e-05,4,10,8,14,3.2914065381477398e-06,0
float,16,1,8,reference,products,2.1790887451171874e-07,0,0,0,0,0,78465616
float,16,1,8,reference,solve,8.0031999999999995e-05,4,10,8,14,3.2914065381477398e-06,0
float,16,1,8,native,products,2.1053131103515625e-07,0,0,0,0,0,78465616
float,16,1,8,native,solve,8.0442e-05,4,10,8,14,3.2914065381477398e-06,0
float,16,1,9,native,products,2.0999441528320313e-07,0,0,0,0,0,78465616
float,16,1,9,native,solve,7.9851000000000005e-05,4,10,8,14,3.2914065381477398e-06,0
float,16,1,9,reference,products,2.1033715820312499e-07,0,0,0,0,0,78465616
float,16,1,9,reference,solve,8.0532999999999996e-05,4,10,8,14,3.2914065381477398e-06,0
double,16,1,-1,native,profile_operator,3.8664000000000001e-05,7,16,14,23,4.5613717577587319e-10,0
double,16,1,-1,native,profile_preconditioner,0.00010327599999999998,7,16,14,23,4.5613717577587319e-10,0
double,16,1,-1,native,profile_total,0.00015714799999999999,7,16,14,23,4.5613717577587319e-10,0
double,16,1,-1,reference,profile_operator,3.9925999999999997e-05,7,16,14,23,4.5613717577587319e-10,0
double,16,1,-1,reference,profile_preconditioner,0.00010323699999999999,7,16,14,23,4.5613717577587319e-10,0
double,16,1,-1,reference,profile_total,0.000167176,7,16,14,23,4.5613717577587319e-10,0
double,16,1,0,reference,products,1.3711740112304688e-07,0,0,0,0,0,78465625.174233173
double,16,1,0,reference,solve,0.00014234999999999999,7,16,14,23,4.5613717577587319e-10,0
double,16,1,0,native,products,1.3802517700195313e-07,0,0,0,0,0,78465625.174233173
double,16,1,0,native,solve,0.000141428,7,16,14,23,4.5613717577587319e-10,0
double,16,1,1,native,products,1.3942367553710937e-07,0,0,0,0,0,78465625.174233173
double,16,1,1,native,solve,0.000140536,7,16,14,23,4.5613717577587319e-10,0
double,16,1,1,reference,products,1.3705712890625e-07,0,0,0,0,0,78465625.174233173
double,16,1,1,reference,solve,0.00014055599999999999,7,16,14,23,4.5613717577587319e-10,0
double,16,1,2,reference,products,1.3892132568359375e-07,0,0,0,0,0,78465625.174233173
double,16,1,2,reference,solve,0.000139925,7,16,14,23,4.5613717577587319e-10,0
double,16,1,2,native,products,1.3916378784179686e-07,0,0,0,0,0,78465625.174233173
double,16,1,2,native,solve,0.00014028599999999999,7,16,14,23,4.5613717577587319e-10,0
double,16,1,3,native,products,1.3771301269531251e-07,0,0,0,0,0,78465625.174233173
double,16,1,3,native,solve,0.00015006500000000001,7,16,14,23,4.5613717577587319e-10,0
double,16,1,3,reference,products,1.7660595703125e-07,0,0,0,0,0,78465625.174233173
double,16,1,3,reference,solve,0.00016433100000000001,7,16,14,23,4.5613717577587319e-10,0
double,16,1,4,reference,products,1.3607720947265624e-07,0,0,0,0,0,78465625.174233173
double,16,1,4,reference,solve,0.000139985,7,16,14,23,4.5613717577587319e-10,0
double,16,1,4,native,products,1.3694555664062501e-07,0,0,0,0,0,78465625.174233173
double,16,1,4,native,solve,0.00014248,7,16,14,23,4.5613717577587319e-10,0
double,16,1,5,native,products,1.3823400878906251e-07,0,0,0,0,0,78465625.174233173
double,16,1,5,native,solve,0.000159963,7,16,14,23,4.5613717577587319e-10,0
double,16,1,5,reference,products,1.3599588012695312e-07,0,0,0,0,0,78465625.174233173
double,16,1,5,reference,solve,0.00014039599999999999,7,16,14,23,4.5613717577587319e-10,0
double,16,1,6,reference,products,1.3696115112304688e-07,0,0,0,0,0,78465625.174233173
double,16,1,6,reference,solve,0.00013994499999999999,7,16,14,23,4.5613717577587319e-10,0
double,16,1,6,native,products,1.3646459960937501e-07,0,0,0,0,0,78465625.174233173
double,16,1,6,native,solve,0.000140426,7,16,14,23,4.5613717577587319e-10,0
double,16,1,7,native,products,1.3744085693359376e-07,0,0,0,0,0,78465625.174233173
double,16,1,7,native,solve,0.00014010499999999999,7,16,14,23,4.5613717577587319e-10,0
double,16,1,7,reference,products,1.3797717285156249e-07,0,0,0,0,0,78465625.174233173
double,16,1,7,reference,solve,0.000140016,7,16,14,23,4.5613717577587319e-10,0
double,16,1,8,reference,products,1.3540975952148438e-07,0,0,0,0,0,78465625.174233173
double,16,1,8,reference,solve,0.00013996500000000001,7,16,14,23,4.5613717577587319e-10,0
double,16,1,8,native,products,1.3660830688476562e-07,0,0,0,0,0,78465625.174233173
double,16,1,8,native,solve,0.000143802,7,16,14,23,4.5613717577587319e-10,0
double,16,1,9,native,products,1.3737759399414063e-07,0,0,0,0,0,78465625.174233173
double,16,1,9,native,solve,0.00014041600000000001,7,16,14,23,4.5613717577587319e-10,0
double,16,1,9,reference,products,1.3691314697265625e-07,0,0,0,0,0,78465625.174233173
double,16,1,9,reference,solve,0.000140085,7,16,14,23,4.5613717577587319e-10,0
float,16,5,-1,native,profile_operator,4.1028000000000001e-05,4,10,8,14,3.3816904203655107e-06,0
float,16,5,-1,native,profile_preconditioner,7.4060999999999994e-05,4,10,8,14,3.3816904203655107e-06,0
float,16,5,-1,native,profile_total,0.00015310000000000001,4,10,8,14,3.3816904203655107e-06,0
float,16,5,-1,reference,profile_operator,4.0575999999999999e-05,4,10,8,14,3.3816904203655107e-06,0
float,16,5,-1,reference,profile_preconditioner,7.2627999999999996e-05,4,10,8,14,3.3816904203655107e-06,0
float,16,5,-1,reference,profile_total,0.00016655500000000001,4,10,8,14,3.3816904203655107e-06,0
float,16,5,0,reference,products,9.3354188921104837e-07,0,0,0,0,0,79192294.665039062
float,16,5,0,reference,solve,0.00012927500000000001,4,10,8,14,3.3816904203655107e-06,0
float,16,5,0,native,products,9.3325606592400431e-07,0,0,0,0,0,79192294.665039062
float,16,5,0,native,solve,0.00012751099999999999,4,10,8,14,3.3816904203655107e-06,0
float,16,5,1,native,products,1.137359987791851e-06,0,0,0,0,0,79192294.665039062
float,16,5,1,native,solve,0.00012728199999999999,4,10,8,14,3.3816904203655107e-06,0
float,16,5,1,reference,products,9.2768457195177785e-07,0,0,0,0,0,79192294.665039062
float,16,5,1,reference,solve,0.000128042,4,10,8,14,3.3816904203655107e-06,0
float,16,5,2,reference,products,9.9111780863726538e-07,0,0,0,0,0,79192294.665039062
float,16,5,2,reference,solve,0.00012771200000000001,4,10,8,14,3.3816904203655107e-06,0
float,16,5,2,native,products,9.2909735998779191e-07,0,0,0,0,0,79192294.665039062
float,16,5,2,native,solve,0.00012715099999999999,4,10,8,14,3.3816904203655107e-06,0
float,16,5,3,native,products,9.3891454295742415e-07,0,0,0,0,0,79192294.665039062
float,16,5,3,native,solve,0.000145566,4,10,8,14,3.3816904203655107e-06,0
float,16,5,3,reference,products,9.3033587669769567e-07,0,0,0,0,0,79192294.665039062
float,16,5,3,reference,solve,0.00012767200000000001,4,10,8,14,3.3816904203655107e-06,0
float,16,5,4,reference,products,9.4189119487257752e-07,0,0,0,0,0,79192294.665039062
float,16,5,4,reference,solve,0.00013325300000000001,4,10,8,14,3.3816904203655107e-06,0
float,16,5,4,native,products,9.5280787425606598e-07,0,0,0,0,0,79192294.665039062
float,16,5,4,native,solve,0.000127071,4,10,8,14,3.3816904203655107e-06,0
float,16,5,5,native,products,9.3397451548908896e-07,0,0,0,0,0,79192294.665039062
float,16,5,5,native,solve,0.00012725099999999999,4,10,8,14,3.3816904203655107e-06,0
float,16,5,5,reference,products,9.3209705478406838e-07,0,0,0,0,0,79192294.665039062
float,16,5,5,reference,solve,0.00014868100000000001,4,10,8,14,3.3816904203655107e-06,0
float,16,5,6,reference,products,9.3117823897451545e-07,0,0,0,0,0,79192294.665039062
float,16,5,6,reference,solve,0.00012753100000000001,4,10,8,14,3.3816904203655107e-06,0
float,16,5,6,native,products,9.3013856249046237e-07,0,0,0,0,0,79192294.665039062
float,16,5,6,native,solve,0.00012715099999999999,4,10,8,14,3.3816904203655107e-06,0
float,16,5,7,native,products,9.4257469861132305e-07,0,0,0,0,0,79192294.665039062
float,16,5,7,native,solve,0.00014700800000000001,4,10,8,14,3.3816904203655107e-06,0
float,16,5,7,reference,products,9.325878223714329e-07,0,0,0,0,0,79192294.665039062
float,16,5,7,reference,solve,0.00012728199999999999,4,10,8,14,3.3816904203655107e-06,0
float,16,5,8,reference,products,9.3200701968564022e-07,0,0,0,0,0,79192294.665039062
float,16,5,8,reference,solve,0.00012695999999999999,4,10,8,14,3.3816904203655107e-06,0
float,16,5,8,native,products,1.1339291927361513e-06,0,0,0,0,0,79192294.665039062
float,16,5,8,native,solve,0.00012748100000000001,4,10,8,14,3.3816904203655107e-06,0
float,16,5,9,native,products,9.2679780253319086e-07,0,0,0,0,0,79192294.665039062
float,16,5,9,native,solve,0.00012706100000000001,4,10,8,14,3.3816904203655107e-06,0
float,16,5,9,reference,products,9.45967343201587e-07,0,0,0,0,0,79192294.665039062
float,16,5,9,reference,solve,0.00012720099999999999,4,10,8,14,3.3816904203655107e-06,0
double,16,5,-1,native,profile_operator,6.4301999999999995e-05,7,16,14,23,5.6037012670773305e-10,0
double,16,5,-1,native,profile_preconditioner,0.00014002600000000002,7,16,14,23,5.6037012670773305e-10,0
double,16,5,-1,native,profile_total,0.00027427000000000002,7,16,14,23,5.6037012670773305e-10,0
double,16,5,-1,reference,profile_operator,6.3581e-05,7,16,14,23,5.6037012670773305e-10,0
double,16,5,-1,reference,profile_preconditioner,0.000145208,7,16,14,23,5.6037012670773305e-10,0
double,16,5,-1,reference,profile_total,0.00031019799999999997,7,16,14,23,5.6037012670773305e-10,0
double,16,5,0,reference,products,6.265142682740729e-07,0,0,0,0,0,79192302.082384101
double,16,5,0,reference,solve,0.00022895399999999999,7,16,14,23,5.6037012670773305e-10,0
double,16,5,0,native,products,6.6025286128490774e-07,0,0,0,0,0,79192302.082384101
double,16,5,0,native,solve,0.00022931500000000001,7,16,14,23,5.6037012670773305e-10,0
double,16,5,1,native,products,6.2659529986265833e-07,0,0,0,0,0,79192302.082384101
double,16,5,1,native,solve,0.00022685000000000001,7,16,14,23,5.6037012670773305e-10,0
double,16,5,1,reference,products,6.2267373721959415e-07,0,0,0,0,0,79192302.082384101
double,16,5,1,reference,solve,0.00022867300000000001,7,16,14,23,5.6037012670773305e-10,0
double,16,5,2,reference,products,6.7855714939722271e-07,0,0,0,0,0,79192302.082384101
double,16,5,2,reference,solve,0.000238583,7,16,14,23,5.6037012670773305e-10,0
double,16,5,2,native,products,6.2704486494735235e-07,0,0,0,0,0,79192302.082384101
double,16,5,2,native,solve,0.000227691,7,16,14,23,5.6037012670773305e-10,0
double,16,5,3,native,products,6.3061193346558821e-07,0,0,0,0,0,79192302.082384101
double,16,5,3,native,solve,0.00024678699999999999,7,16,14,23,5.6037012670773305e-10,0
double,16,5,3,reference,products,6.2838257286738893e-07,0,0,0,0,0,79192302.082384101
double,16,5,3,reference,solve,0.00022797200000000001,7,16,14,23,5.6037012670773305e-10,0
double,16,5,4,reference,products,6.2994048527392029e-07,0,0,0,0,0,79192302.082384101
double,16,5,4,reference,solve,0.00024802,7,16,14,23,5.6037012670773305e-10,0
double,16,5,4,native,products,6.2690721806806038e-07,0,0,0,0,0,79192302.082384101
double,16,5,4,native,solve,0.00022713,7,16,14,23,5.6037012670773305e-10,0
double,16,5,5,native,products,6.2879856554249962e-07,0,0,0,0,0,79192302.082384101
double,16,5,5,native,solve,0.00022703999999999999,7,16,14,23,5.6037012670773305e-10,0
double,16,5,5,reference,products,6.2740103769265989e-07,0,0,0,0,0,79192302.082384101
double,16,5,5,reference,solve,0.00022764199999999999,7,16,14,23,5.6037012670773305e-10,0
double,16,5,6,reference,products,6.5112986418434297e-07,0,0,0,0,0,79192302.082384101
double,16,5,6,reference,solve,0.000241177,7,16,14,23,5.6037012670773305e-10,0
double,16,5,6,native,products,6.2667648405310537e-07,0,0,0,0,0,79192302.082384101
double,16,5,6,native,solve,0.000227221,7,16,14,23,5.6037012670773305e-10,0
double,16,5,7,native,products,6.2733389287349312e-07,0,0,0,0,0,79192302.082384101
double,16,5,7,native,solve,0.00022724099999999999,7,16,14,23,5.6037012670773305e-10,0
double,16,5,7,reference,products,8.2486052189836725e-07,0,0,0,0,0,79192302.082384101
double,16,5,7,reference,solve,0.000227741,7,16,14,23,5.6037012670773305e-10,0
double,16,5,8,reference,products,6.2577430184648254e-07,0,0,0,0,0,79192302.082384101
double,16,5,8,reference,solve,0.00025484200000000002,7,16,14,23,5.6037012670773305e-10,0
double,16,5,8,native,products,6.2688737982603388e-07,0,0,0,0,0,79192302.082384101
double,16,5,8,native,solve,0.000227801,7,16,14,23,5.6037012670773305e-10,0
double,16,5,9,native,products,6.2633541889211044e-07,0,0,0,0,0,79192302.082384101
double,16,5,9,native,solve,0.00023368299999999999,7,16,14,23,5.6037012670773305e-10,0
double,16,5,9,reference,products,6.3150465435678304e-07,0,0,0,0,0,79192302.082384101
double,16,5,9,reference,solve,0.000233141,7,16,14,23,5.6037012670773305e-10,0
float,16,1296,-1,native,profile_operator,0.0047865679999999997,4,10,8,14,6.7133383752071177e-06,0
float,16,1296,-1,native,profile_preconditioner,0.0083223259999999997,4,10,8,14,6.7133383752071177e-06,0
float,16,1296,-1,native,profile_total,0.024022542000000001,4,10,8,14,6.7133383752071177e-06,0
float,16,1296,-1,reference,profile_operator,0.0041889860000000004,4,10,8,14,6.7133383752071177e-06,0
float,16,1296,-1,reference,profile_preconditioner,0.0074123750000000006,4,10,8,14,6.7133383752071177e-06,0
float,16,1296,-1,reference,profile_total,0.023070528999999999,4,10,8,14,6.7133383752071177e-06,0
float,16,1296,0,reference,products,0.00025462279999999998,0,0,0,0,0,80810075
float,16,1296,0,reference,solve,0.020708955000000001,4,10,8,14,6.7133383752071177e-06,0
float,16,1296,0,native,products,0.00024382436000000001,0,0,0,0,0,80810075
float,16,1296,0,native,solve,0.016600120999999999,4,10,8,14,6.7133383752071177e-06,0
float,16,1296,1,native,products,0.00024504143999999996,0,0,0,0,0,80810075
float,16,1296,1,native,solve,0.018308537,4,10,8,14,6.7133383752071177e-06,0
float,16,1296,1,reference,products,0.00025102516,0,0,0,0,0,80810075
float,16,1296,1,reference,solve,0.017786548999999999,4,10,8,14,6.7133383752071177e-06,0
float,16,1296,2,reference,products,0.0002419396,0,0,0,0,0,80810075
float,16,1296,2,reference,solve,0.017340053000000001,4,10,8,14,6.7133383752071177e-06,0
float,16,1296,2,native,products,0.00031285551999999999,0,0,0,0,0,80810075
float,16,1296,2,native,solve,0.017266422,4,10,8,14,6.7133383752071177e-06,0
float,16,1296,3,native,products,0.00024317232000000002,0,0,0,0,0,80810075
float,16,1296,3,native,solve,0.019014435,4,10,8,14,6.7133383752071177e-06,0
float,16,1296,3,reference,products,0.00024003595999999997,0,0,0,0,0,80810075
float,16,1296,3,reference,solve,0.018095644000000001,4,10,8,14,6.7133383752071177e-06,0
float,16,1296,4,reference,products,0.00025215816,0,0,0,0,0,80810075
float,16,1296,4,reference,solve,0.018189291,4,10,8,14,6.7133383752071177e-06,0
float,16,1296,4,native,products,0.00023906291999999999,0,0,0,0,0,80810075
float,16,1296,4,native,solve,0.019816833999999998,4,10,8,14,6.7133383752071177e-06,0
float,16,1296,5,native,products,0.00023954223999999999,0,0,0,0,0,80810075
float,16,1296,5,native,solve,0.017827646999999999,4,10,8,14,6.7133383752071177e-06,0
float,16,1296,5,reference,products,0.00023591015999999999,0,0,0,0,0,80810075
float,16,1296,5,reference,solve,0.017387512000000001,4,10,8,14,6.7133383752071177e-06,0
float,16,1296,6,reference,products,0.00024858816000000001,0,0,0,0,0,80810075
float,16,1296,6,reference,solve,0.018598977999999999,4,10,8,14,6.7133383752071177e-06,0
float,16,1296,6,native,products,0.00025035032000000001,0,0,0,0,0,80810075
float,16,1296,6,native,solve,0.018894086000000001,4,10,8,14,6.7133383752071177e-06,0
float,16,1296,7,native,products,0.00024772975999999997,0,0,0,0,0,80810075
float,16,1296,7,native,solve,0.017845801000000001,4,10,8,14,6.7133383752071177e-06,0
float,16,1296,7,reference,products,0.00023906816000000001,0,0,0,0,0,80810075
float,16,1296,7,reference,solve,0.021856249000000001,4,10,8,14,6.7133383752071177e-06,0
float,16,1296,8,reference,products,0.00024358548,0,0,0,0,0,80810075
float,16,1296,8,reference,solve,0.017415514999999999,4,10,8,14,6.7133383752071177e-06,0
float,16,1296,8,native,products,0.00031285071999999998,0,0,0,0,0,80810075
float,16,1296,8,native,solve,0.018617593000000002,4,10,8,14,6.7133383752071177e-06,0
float,16,1296,9,native,products,0.00023658424000000001,0,0,0,0,0,80810075
float,16,1296,9,native,solve,0.016938109999999999,4,10,8,14,6.7133383752071177e-06,0
float,16,1296,9,reference,products,0.00024076455999999999,0,0,0,0,0,80810075
float,16,1296,9,reference,solve,0.018953158000000001,4,10,8,14,6.7133383752071177e-06,0
double,16,1296,-1,native,profile_operator,0.020968361999999997,7,16,14,24,2.8102878011790435e-10,0
double,16,1296,-1,native,profile_preconditioner,0.041207962000000008,7,16,14,24,2.8102878011790435e-10,0
double,16,1296,-1,native,profile_total,0.089170109999999997,7,16,14,24,2.8102878011790435e-10,0
double,16,1296,-1,reference,profile_operator,0.019769702,7,16,14,24,2.8102878011790435e-10,0
double,16,1296,-1,reference,profile_preconditioner,0.037133796999999996,7,16,14,24,2.8102878011790435e-10,0
double,16,1296,-1,reference,profile_total,0.084136012999999996,7,16,14,24,2.8102878011790435e-10,0
double,16,1296,0,reference,products,0.0001794776,0,0,0,0,0,80810078.788519325
double,16,1296,0,reference,solve,0.071734996999999995,7,16,14,24,2.8102878011790435e-10,0
double,16,1296,0,native,products,0.00018297308000000002,0,0,0,0,0,80810078.788519325
double,16,1296,0,native,solve,0.072434501999999998,7,16,14,24,2.8102878011790435e-10,0
double,16,1296,1,native,products,0.00016778907999999998,0,0,0,0,0,80810078.788519325
double,16,1296,1,native,solve,0.072836224000000005,7,16,14,24,2.8102878011790435e-10,0
double,16,1296,1,reference,products,0.00018341348000000001,0,0,0,0,0,80810078.788519325
double,16,1296,1,reference,solve,0.073747780999999998,7,16,14,24,2.8102878011790435e-10,0
double,16,1296,2,reference,products,0.00017307031999999999,0,0,0,0,0,80810078.788519325
double,16,1296,2,reference,solve,0.074033591999999995,7,16,14,24,2.8102878011790435e-10,0
double,16,1296,2,native,products,0.0001684844,0,0,0,0,0,80810078.788519325
double,16,1296,2,native,solve,0.073666786999999997,7,16,14,24,2.8102878011790435e-10,0
double,16,1296,3,native,products,0.00017026656000000001,0,0,0,0,0,80810078.788519325
double,16,1296,3,native,solve,0.073035120999999995,7,16,14,24,2.8102878011790435e-10,0
double,16,1296,3,reference,products,0.00016931476,0,0,0,0,0,80810078.788519325
double,16,1296,3,reference,solve,0.073384071999999995,7,16,14,24,2.8102878011790435e-10,0
double,16,1296,4,reference,products,0.00023302748000000002,0,0,0,0,0,80810078.788519325
double,16,1296,4,reference,solve,0.078725000000000003,7,16,14,24,2.8102878011790435e-10,0
double,16,1296,4,native,products,0.00017185360000000001,0,0,0,0,0,80810078.788519325
double,16,1296,4,native,solve,0.072894053,7,16,14,24,2.8102878011790435e-10,0
double,16,1296,5,native,products,0.00019087039999999999,0,0,0,0,0,80810078.788519325
double,16,1296,5,native,solve,0.073806110999999994,7,16,14,24,2.8102878011790435e-10,0
double,16,1296,5,reference,products,0.00018096603999999999,0,0,0,0,0,80810078.788519325
double,16,1296,5,reference,solve,0.073978738000000002,7,16,14,24,2.8102878011790435e-10,0
double,16,1296,6,reference,products,0.00017331355999999998,0,0,0,0,0,80810078.788519325
double,16,1296,6,reference,solve,0.072315106000000004,7,16,14,24,2.8102878011790435e-10,0
double,16,1296,6,native,products,0.00017576819999999999,0,0,0,0,0,80810078.788519325
double,16,1296,6,native,solve,0.072405126,7,16,14,24,2.8102878011790435e-10,0
double,16,1296,7,native,products,0.00018006515999999999,0,0,0,0,0,80810078.788519325
double,16,1296,7,native,solve,0.070114266999999994,7,16,14,24,2.8102878011790435e-10,0
double,16,1296,7,reference,products,0.00018670372,0,0,0,0,0,80810078.788519325
double,16,1296,7,reference,solve,0.070126480000000005,7,16,14,24,2.8102878011790435e-10,0
double,16,1296,8,reference,products,0.00018286764000000001,0,0,0,0,0,80810078.788519325
double,16,1296,8,reference,solve,0.075192556999999993,7,16,14,24,2.8102878011790435e-10,0
double,16,1296,8,native,products,0.00016743964000000001,0,0,0,0,0,80810078.788519325
double,16,1296,8,native,solve,0.073931477999999995,7,16,14,24,2.8102878011790435e-10,0
double,16,1296,9,native,products,0.00018015492000000001,0,0,0,0,0,80810078.788519325
double,16,1296,9,native,solve,0.069280686999999994,7,16,14,24,2.8102878011790435e-10,0
double,16,1296,9,reference,products,0.00017547564000000001,0,0,0,0,0,80810078.788519325
double,16,1296,9,reference,solve,0.073014469999999998,7,16,14,24,2.8102878011790435e-10,0
