[t14s:607577] MCW rank 3 bound to socket 0[core 3[hwt 0-1]]: [../../../BB/../../../..]
[t14s:607577] MCW rank 0 bound to socket 0[core 0[hwt 0-1]]: [BB/../../../../../../..]
[t14s:607577] MCW rank 1 bound to socket 0[core 1[hwt 0-1]]: [../BB/../../../../../..]
[t14s:607577] MCW rank 2 bound to socket 0[core 2[hwt 0-1]]: [../../BB/../../../../..]
ww-x 9c0befac-dirty (built 2026-09-13T18:04:57Z)
Domain Decomping using repart
Domain nNodes nGhosts ghosts% total% chunk%
0 444 60 13.513513565063477 24.971878051757812 100
1 445 67 15.056180000305176 25.028121948242188 100.22522735595703
2 444 40 9.0090093612670898 24.971878051757812 100
3 445 41 9.2134828567504883 25.028121948242188 100.22522735595703

Max neighbor domain 2
nThreads minNodes maxNodes meanNodes minGhosts maxGhosts meanGhosts minNeighbors maxNeighbors meanNeighbors
4 444 445 444.5 40 67 52 2 3 2.5
Solver: solver_type=22, rtol=1e-08, maxiter=1000, check_interval=1, omega=1
Filling 3D look-up table for SIN4. please wait...

╔════════════════════════════════════════════════════════════════╗
║             TRITON-C Wave Model - Time Integration            ║
╚════════════════════════════════════════════════════════════════╝

  Configuration:
    • Timesteps:  6 × 600s = 1.0 hours
    • Grid:       1778 nodes, 36 frequencies, 36 directions
    • MPI ranks:  4
    • Solver:     solver_type=22

IT=    0/6 (  0%)  t=0.0h
  Matrix: RHS=6.58e+01, DIAG=2.27e+09
OWT-Krylov: 4 iterations, true_rel_residual=4.46773100e-09, linear_rel_residual=4.467731e-09, projected_entries=0, state=pre_physics_limiters, step=0, status=converged, operator_apps=10, preconditioner_apps=8, reductions=14, spatial_seconds=0.045042975, spectral_seconds=0.01198443, preconditioner_seconds=0.046724639, update=0.006708527 s, solve=0.1675594 s
  After solver - owned action sum: 7.74727810e-02
nbIter = 4
nConverged 0 0
OWT-Krylov: 28 iterations, true_rel_residual=9.13975098e-11, linear_rel_residual=9.139751e-11, projected_entries=0, state=pre_physics_limiters, step=1, status=converged, operator_apps=58, preconditioner_apps=56, reductions=86, spatial_seconds=0.25291472, spectral_seconds=0.066438536, preconditioner_seconds=0.33737001, update=0.002028686 s, solve=0.93372816 s
nbIter = 28
nConverged 0 0
OWT-Krylov: 26 iterations, true_rel_residual=3.01118011e-09, linear_rel_residual=3.0111801e-09, projected_entries=0, state=pre_physics_limiters, step=2, status=converged, operator_apps=54, preconditioner_apps=52, reductions=80, spatial_seconds=0.23249557, spectral_seconds=0.058403134, preconditioner_seconds=0.30894532, update=0.002088858 s, solve=0.87369323 s
nbIter = 26
nConverged 0 0
OWT-Krylov: 25 iterations, true_rel_residual=9.72118419e-09, linear_rel_residual=9.7211842e-09, projected_entries=0, state=pre_physics_limiters, step=3, status=converged, operator_apps=52, preconditioner_apps=50, reductions=78, spatial_seconds=0.23237559, spectral_seconds=0.056385111, preconditioner_seconds=0.29601781, update=0.0021588 s, solve=0.84261914 s
nbIter = 25
nConverged 0 0
OWT-Krylov: 25 iterations, true_rel_residual=9.36925766e-09, linear_rel_residual=9.3692577e-09, projected_entries=0, state=pre_physics_limiters, step=4, status=converged, operator_apps=52, preconditioner_apps=50, reductions=77, spatial_seconds=0.23148722, spectral_seconds=0.05703671, preconditioner_seconds=0.29802689, update=0.002159411 s, solve=0.83553519 s
nbIter = 25
nConverged 0 0
OWT-Krylov: 24 iterations, true_rel_residual=9.72698039e-09, linear_rel_residual=9.7269804e-09, projected_entries=0, state=pre_physics_limiters, step=5, status=converged, operator_apps=50, preconditioner_apps=48, reductions=74, spatial_seconds=0.21536237, spectral_seconds=0.053375986, preconditioner_seconds=0.28837535, update=0.002090823 s, solve=0.80915469 s
nbIter = 24
nConverged 0 0
Timings:
FKM       : 0.1711 +- 0.005334 sec 3.294 %
Sources   : 0.3895 +- 0.003541 sec 7.498 %
  SPR     : 0.04763 sec 0.9169 %
  SIN4    : 0.07307 sec 1.407 %
  SDS4    : 0.1788 sec 3.442 %
  FMEANWS : 0.004758 sec 0.09161 %
  SINLIN  : 0.007002 sec 0.1348 %
  SBREAK  : 0.006813 sec 0.1312 %
  SNL4    : 9.332e-05 sec 0.001797 %
Solver    : 4.55 +- 0.004862 sec 87.6 %
Limiter   : 0.0244 +- 0.0003465 sec 0.4697 %
Sources Post: 0.04846 +- 0.0006167 sec 0.933 %
Rest      : 0.01069 sec
Timestep  : 5.194 sec

Integration wall seconds: 5.1942566360000004

Simulation complete.
wwx reached the end of a computation loop at 20:05:45
Initialization time : 10.32 s
Elapsed time        : 15.53 s
Simulated time      : 3600.00 s
