[t14s:624948] MCW rank 0 bound to socket 0[core 0[hwt 0-1]]: [BB/../../../../../../..]
[t14s:624948] MCW rank 1 bound to socket 0[core 1[hwt 0-1]]: [../BB/../../../../../..]
[t14s:624948] MCW rank 2 bound to socket 0[core 2[hwt 0-1]]: [../../BB/../../../../..]
[t14s:624948] MCW rank 3 bound to socket 0[core 3[hwt 0-1]]: [../../../BB/../../../..]
ww-x 9c0befac-dirty (built 2026-09-13T18:18:02Z)
Domain Decomping using repart
Domain nNodes nGhosts ghosts% total% chunk%
0 444 60 13.513513565063477 24.971878051757812 100
1 445 67 15.056180000305176 25.028121948242188 100.22522735595703
2 444 40 9.0090093612670898 24.971878051757812 100
3 445 41 9.2134828567504883 25.028121948242188 100.22522735595703

Max neighbor domain 2
nThreads minNodes maxNodes meanNodes minGhosts maxGhosts meanGhosts minNeighbors maxNeighbors meanNeighbors
4 444 445 444.5 40 67 52 2 3 2.5
Solver: solver_type=22, rtol=1e-08, maxiter=1000, check_interval=1, omega=1
Filling 3D look-up table for SIN4. please wait...

╔════════════════════════════════════════════════════════════════╗
║             TRITON-C Wave Model - Time Integration            ║
╚════════════════════════════════════════════════════════════════╝

  Configuration:
    • Timesteps:  6 × 600s = 1.0 hours
    • Grid:       1778 nodes, 36 frequencies, 36 directions
    • MPI ranks:  4
    • Solver:     solver_type=22

IT=    0/6 (  0%)  t=0.0h
  Matrix: RHS=6.58e+01, DIAG=2.27e+09
OWT-Krylov: 4 iterations, true_rel_residual=4.46773100e-09, linear_rel_residual=4.467731e-09, projected_entries=0, state=pre_physics_limiters, step=0, status=converged, operator_apps=10, preconditioner_apps=8, reductions=14, spatial_seconds=0.042139982, spectral_seconds=0.00923071, preconditioner_seconds=0.04675969, update=0.008399671 s, solve=0.18741353 s
  After solver - owned action sum: 7.74727810e-02
nbIter = 4
nConverged 0 0
OWT-Krylov: 28 iterations, true_rel_residual=9.13975098e-11, linear_rel_residual=9.139751e-11, projected_entries=0, state=pre_physics_limiters, step=1, status=converged, operator_apps=58, preconditioner_apps=56, reductions=86, spatial_seconds=0.2543107, spectral_seconds=0.063135099, preconditioner_seconds=0.34041799, update=0.00240669 s, solve=1.0488933 s
nbIter = 28
nConverged 0 0
OWT-Krylov: 26 iterations, true_rel_residual=3.01118011e-09, linear_rel_residual=3.0111801e-09, projected_entries=0, state=pre_physics_limiters, step=2, status=converged, operator_apps=54, preconditioner_apps=52, reductions=80, spatial_seconds=0.26803503, spectral_seconds=0.083161181, preconditioner_seconds=0.34981471, update=0.002508701 s, solve=0.94227307 s
nbIter = 26
nConverged 0 0
OWT-Krylov: 25 iterations, true_rel_residual=9.72118419e-09, linear_rel_residual=9.7211842e-09, projected_entries=0, state=pre_physics_limiters, step=3, status=converged, operator_apps=52, preconditioner_apps=50, reductions=78, spatial_seconds=0.2379136, spectral_seconds=0.064764658, preconditioner_seconds=0.3066381, update=0.00224098 s, solve=0.84101292 s
nbIter = 25
nConverged 0 0
OWT-Krylov: 25 iterations, true_rel_residual=9.36925766e-09, linear_rel_residual=9.3692577e-09, projected_entries=0, state=pre_physics_limiters, step=4, status=converged, operator_apps=52, preconditioner_apps=50, reductions=77, spatial_seconds=0.24093274, spectral_seconds=0.067675254, preconditioner_seconds=0.31561646, update=0.002135111 s, solve=0.85242337 s
nbIter = 25
nConverged 0 0
OWT-Krylov: 24 iterations, true_rel_residual=9.72698039e-09, linear_rel_residual=9.7269804e-09, projected_entries=0, state=pre_physics_limiters, step=5, status=converged, operator_apps=50, preconditioner_apps=48, reductions=74, spatial_seconds=0.23121839, spectral_seconds=0.062820148, preconditioner_seconds=0.29218328, update=0.002228056 s, solve=0.80086048 s
nbIter = 24
nConverged 0 0
Timings:
FKM       : 0.1879 +- 0.01126 sec 3.361 %
Sources   : 0.476 +- 0.0352 sec 8.516 %
  SPR     : 0.05239 sec 0.9371 %
  SIN4    : 0.08026 sec 1.436 %
  SDS4    : 0.1989 sec 3.558 %
  FMEANWS : 0.005465 sec 0.09776 %
  SINLIN  : 0.007609 sec 0.1361 %
  SBREAK  : 0.007549 sec 0.135 %
  SNL4    : 0.0001028 sec 0.00184 %
Solver    : 4.824 +- 0.04642 sec 86.3 %
Limiter   : 0.02605 +- 0.001227 sec 0.4661 %
Sources Post: 0.05573 +- 0.005356 sec 0.997 %
Rest      : 0.02003 sec
Timestep  : 5.59 sec

Integration wall seconds: 5.59010462

Simulation complete.
wwx reached the end of a computation loop at 20:20:31
Initialization time : 11.04 s
Elapsed time        : 16.65 s
Simulated time      : 3600.00 s
