2d1597d91b79b03574989d3a94a26648cd1337303068195331563ff4a4e719f0  CMakeLists.txt
36bbdb5e429d1d74adaef0431e61e568299802af0788abc11997dd601fb0b842  tests/CMakeLists.txt
f826491d84b716f632a19b0f6b4f7dd933f027f337d1649f7c680c5058e153fc  tests/test_application_convergence.cpp
6e7b9c0e2afa03abc29d4b6e166a2417956f18ca8ceb70f049a124c1f49ba9fa  tests/test_core.cpp
9cf0fabcfd1ba54721cfc0901d5d592e0b48f7de2a735d179e97547a783cc4f1  tests/test_foundation.cpp
e4b3d9c02135d5e6fcaa82cbef260d1f3cf5caff9469a3efd84cea74b0591e59  tests/test_mpi.cpp
db49b1e6917e48b2d3f9cdbeffe809050425cad7e20af0c8da34d7414fdbe7a7  tests/test_mpi_partitions.cpp
61bf6ca5c06ba20ddf17e8b4eb2dd91a28555d38a65290ec7a3a631a8b8287ad  tests/test_split_ssor.cpp
2c3550545cf1d16d8d043ad5e384ab5f3cdf68341cff237c37f768b58a75d056  benchmarks/reference_split_ssor.hpp
b68604c0c225b7c56ff1968120f6b0930e74a34fd0007c35ffbce5481013e763  tests/review/CMakeLists.txt
6749f3cc5d62e3fc48c6b1257cb1b74c5c84b8c8328f433ffc987e020a746acd  tests/review/review_cases.cpp
2518c0e07e836916ccfe33c2f7d7373a2f4446ba2e5319ee7f8e4c3ba2b3cb89  tests/review/review_contracts.cpp
7060f4d045cc3af9fee50d1112156570f0178e47e8fb95c187647dc1f669700f  tests/review/review_harmonic.cpp
7667db11edfd5d93932c3244863996b5b962f014f2ecc4c4a73b2c31b4e0b725  tests/review/review_mpi_contracts.cpp
a65fbc44d8b4bd89d36ddb31b2fc389a23161c0b1cbd4cf1919376bfa93bae05  tests/review/review_mpi.cpp
dd4d1e5853f1fdb846fd3337b02c3c7218d49d78ca2fb025015f06a5a61a1aee  tests/review/run_review.sh
b3e4950cec4e5c93f967ebd5bd05c8b00c2b83eaed12f56137f9f5b45ad55482  tests/consumer/CMakeLists.txt
6fe64575c795072c9d873cd854ce0dec3868133334e5941b812b17f0cbe0af5e  tests/consumer/main.cpp
edac7fde682e57feccff24d7f03669045fe2c4df6d270afaa34f19df21e04aee  tests/consumer/unsafe_math.cpp
556e4f95b8dc46eb82c27d010082871f14ad7bb41a4576a0b77b96cf78d8f411  tests/consumer/run.cmake
d9848ad58d091e5f44f7318af3f1f28564538e8dccdc91d263f381ec91e38633  include/owt/krylov/block_csr.hpp
c75eed658bdc32fb0bdb762e450a02ace5c06926e936b4dd0b4fad9bc8bb0a3c  include/owt/krylov/coarse.hpp
252dca6dfeb1b658c37849fca776cc211f819e73955dc33100b76dcd95ea961f  include/owt/krylov/core.hpp
9d62760c16ac6facf94e4ee6558f1cdb3410ba79590e79dfd9a4a92745f8c0c5  include/owt/krylov/dense_block_csr.hpp
d27fbebfbd3f12a3e6341ba2596813b85a62fcd269b096c5955ad04543d3c3e6  include/owt/krylov/distributed_layout.hpp
8ccb10fa9b198203838fe13563292464b828d2cafc6acb265aa9f4a83120afcc  include/owt/krylov/execution.hpp
c03dc57eb3f3f8be8e923e797d99d30fc1a3b70d6015c7c9d8058be9c4a13811  include/owt/krylov/gcrodr.hpp
a3c21766eb291863c66ca80e50d6aa9165d63ae1f88101aa6182aa11dbef9919  include/owt/krylov/idrs.hpp
0ff515fff3eb4524b0322fd10708ef328629436cd4beac63ef026a1ab7fea686  include/owt/krylov/krylov_solvers.hpp
fbe21097de7f530b1a2985a5c42784ba3ed7d0c11444628620af06100c54dde8  include/owt/krylov/mpi_halo.hpp
357e484a8884ef5546d2490349185e401cd84285c2ff6daffb8efe4b249d1a85  include/owt/krylov/multigrid.hpp
ddefde5b5f601b0dc97d304c96b598bf3a403e7d3420ea1070629f260877dcf2  include/owt/krylov/ordering.hpp
bc44eb33355226631c5e20fa5faeb5896df1c3cdc216ac28f6e24a69bcd35db9  include/owt/krylov/overlap.hpp
fa90100047510cf34469c2e8458066cd16ca6930fe04a48a1ca367fb631bf512  include/owt/krylov/overlap_plan.hpp
e3ba9227fc16fbb3117bcc552e22294fa5f751739254d94cd41d38c6a4e396e7  include/owt/krylov/owt_krylov.hpp
92be04f5e4a868f3502e3e7d4ade7a3b558a071dea42e9fb97bbe97e40e67334  include/owt/krylov/petsc_adapter.hpp
28106c97ce2f962530421a3b9dc665f7046f4aa81f393d7e64915b0a0c715072  include/owt/krylov/petsc_coarse.hpp
d418e13c915e3e2edd2e8bf839bbe1db49a40a4465e7005edff4ff88e59bf815  include/owt/krylov/pipelined_bicgstab.hpp
a092308b2115385a9089ece56a4e9512bf0e1bdc2f713fe43c2a3102e4c444b4  include/owt/krylov/preconditioner.hpp
ef771264c652e8ea4de18cfa0a96a40f6ae403fc6b3293eb0498eb688bc9fdfd  include/owt/krylov/recycling.hpp
563f998c727be625cb35f6535dd9b916702d6570ffc8987cdc18bc11d34f26e7  include/owt/krylov/reduction.hpp
fe7e77fbb967fbc41f066ea3024f1ae7bebef5b870060751106b5a19e3b71911  include/owt/krylov/simd.hpp
749aa328e78ddfb8abc72a792b2ac4d146b795cc81acaddd05f57a2f84cafc57  include/owt/krylov/specwave_compat.hpp
fbce8813a20d63302b2b141f0b030cc8998c3f9cbfe3f6740db9ecced6ff4f75  include/owt/krylov/split_block_csr.hpp
29996cba252bc306f9b914b3bf04c48318f34b48c77a60b9b52f8f9d25244bba  include/owt/krylov/stationary.hpp
8a20e2ade83dbd3a2792e78cec233d9ef19ccb6ed0c1c856b08e24fbdc034f6f  benchmarks/benchmark_distributed.cpp
3507c443dced5a90e52779e1b503fd70a396ca6483d87bdf50de0860d2295c49  benchmarks/benchmark_split.cpp
83061647f9047c6d5fd36720e501cb74c5fb357a5a5cb908b1557d8b58a38b8c  benchmarks/benchmark_unstructured.cpp
21101843db9af0fdf5594a7e625cf38711e2121b9cf64cc1f3556b15e9796d9a  benchmarks/run_optimization.sh
350b3d45516f17e1088e4ae063bd74a429e7e33a0f5b3febcace65541bcd94d7  benchmarks/specwave_limon.sh
