[  4%] Building CXX object tests/CMakeFiles/owt_krylov_core_tests.dir/test_core.cpp.o
[  8%] Linking CXX executable owt_krylov_core_tests
[  8%] Built target owt_krylov_core_tests
[ 12%] Building CXX object tests/CMakeFiles/owt_krylov_foundation_tests.dir/test_foundation.cpp.o
[ 16%] Linking CXX executable owt_krylov_foundation_tests
[ 16%] Built target owt_krylov_foundation_tests
[ 20%] Building CXX object tests/CMakeFiles/owt_krylov_foundation_timer.dir/test_foundation.cpp.o
[ 25%] Linking CXX executable owt_krylov_foundation_timer
[ 25%] Built target owt_krylov_foundation_timer
[ 29%] Building CXX object tests/CMakeFiles/owt_krylov_foundation_mpi.dir/test_foundation.cpp.o
[ 33%] Linking CXX executable owt_krylov_foundation_mpi
[ 33%] Built target owt_krylov_foundation_mpi
[ 37%] Building CXX object tests/CMakeFiles/owt_krylov_mpi_tests.dir/test_mpi.cpp.o
[ 41%] Linking CXX executable owt_krylov_mpi_tests
[ 41%] Built target owt_krylov_mpi_tests
[ 45%] Building CXX object tests/CMakeFiles/owt_krylov_partition_tests.dir/test_mpi_partitions.cpp.o
[ 50%] Linking CXX executable owt_krylov_partition_tests
[ 50%] Built target owt_krylov_partition_tests
[ 54%] Building CXX object tests/review/CMakeFiles/owt_review_cases.dir/review_cases.cpp.o
[ 58%] Linking CXX executable owt_review_cases
[ 58%] Built target owt_review_cases
[ 62%] Building CXX object tests/review/CMakeFiles/owt_review_timer.dir/review_cases.cpp.o
[ 66%] Linking CXX executable owt_review_timer
[ 66%] Built target owt_review_timer
[ 70%] Building CXX object tests/review/CMakeFiles/owt_review_harmonic.dir/review_harmonic.cpp.o
[ 75%] Linking CXX executable owt_review_harmonic
[ 75%] Built target owt_review_harmonic
[ 79%] Building CXX object tests/review/CMakeFiles/owt_review_mpi.dir/review_mpi.cpp.o
[ 83%] Linking CXX executable owt_review_mpi
[ 83%] Built target owt_review_mpi
[ 87%] Building CXX object benchmarks/CMakeFiles/owt_krylov_unstructured_benchmark.dir/benchmark_unstructured.cpp.o
[ 91%] Linking CXX executable owt_krylov_unstructured_benchmark
[ 91%] Built target owt_krylov_unstructured_benchmark
[ 95%] Building CXX object benchmarks/CMakeFiles/owt_krylov_distributed_benchmark.dir/benchmark_distributed.cpp.o
[100%] Linking CXX executable owt_krylov_distributed_benchmark
[100%] Built target owt_krylov_distributed_benchmark
