2d1597d91b79b03574989d3a94a26648cd1337303068195331563ff4a4e719f0  CMakeLists.txt
5a42609c6c2fb5397a25afee9fda14f8e7f28e1619444dc14f2eb8b3fb11c150  tests/CMakeLists.txt
09b79df52f3f22c7622710002be0b658819fa3f61128555726ba1633966711af  tests/test_core.cpp
0ef17c8be98cac0f74a2c5215a214c5f9f506c10150d32056690573fc7f46ddf  tests/test_foundation.cpp
c97ee8b2fbda3601db39aef73afaa01f643bea74d8ac6534cd49b8244bda66ae  tests/test_mpi.cpp
db49b1e6917e48b2d3f9cdbeffe809050425cad7e20af0c8da34d7414fdbe7a7  tests/test_mpi_partitions.cpp
cf3926182e4ea89aee38c0690980d2b6622010e6a2e5f74a39ba58a1f8f9aace  tests/review/CMakeLists.txt
6749f3cc5d62e3fc48c6b1257cb1b74c5c84b8c8328f433ffc987e020a746acd  tests/review/review_cases.cpp
4bf55e99d68c12a33891b4afae0ec9319c4f2ff405ba62d43368e349f954decc  tests/review/review_harmonic.cpp
a65fbc44d8b4bd89d36ddb31b2fc389a23161c0b1cbd4cf1919376bfa93bae05  tests/review/review_mpi.cpp
88f1cd041014307edab2c9d8285ed8fc2d9055033cdfa646dac32e747ef1567f  tests/review/run_review.sh
d9848ad58d091e5f44f7318af3f1f28564538e8dccdc91d263f381ec91e38633  include/owt/krylov/block_csr.hpp
c75eed658bdc32fb0bdb762e450a02ace5c06926e936b4dd0b4fad9bc8bb0a3c  include/owt/krylov/coarse.hpp
d09099e1eb5e6a3efc5443c50b5fed3fd6a08da22f7c6ad87768f375390d33be  include/owt/krylov/core.hpp
9d62760c16ac6facf94e4ee6558f1cdb3410ba79590e79dfd9a4a92745f8c0c5  include/owt/krylov/dense_block_csr.hpp
d27fbebfbd3f12a3e6341ba2596813b85a62fcd269b096c5955ad04543d3c3e6  include/owt/krylov/distributed_layout.hpp
8ccb10fa9b198203838fe13563292464b828d2cafc6acb265aa9f4a83120afcc  include/owt/krylov/execution.hpp
12ec43780f075bff274416b184d44e648c8ef6a871003e887c2a548fb8c26db0  include/owt/krylov/gcrodr.hpp
396544ddad35c5595a3800f871a46e2c39e1250741994e0443b2ce6cf586903c  include/owt/krylov/idrs.hpp
cf30da5bc2ddf2a8860c592ed5221d3fd7b85584dcf750409210546b0d17029b  include/owt/krylov/krylov_solvers.hpp
fbe21097de7f530b1a2985a5c42784ba3ed7d0c11444628620af06100c54dde8  include/owt/krylov/mpi_halo.hpp
3ac3d742f7b16419f93928f3cccba7d7870552ec66cb4c3227c79b7bf669b4ee  include/owt/krylov/multigrid.hpp
ddefde5b5f601b0dc97d304c96b598bf3a403e7d3420ea1070629f260877dcf2  include/owt/krylov/ordering.hpp
bc44eb33355226631c5e20fa5faeb5896df1c3cdc216ac28f6e24a69bcd35db9  include/owt/krylov/overlap.hpp
fa90100047510cf34469c2e8458066cd16ca6930fe04a48a1ca367fb631bf512  include/owt/krylov/overlap_plan.hpp
e3ba9227fc16fbb3117bcc552e22294fa5f751739254d94cd41d38c6a4e396e7  include/owt/krylov/owt_krylov.hpp
80989b5d1d4e05187250d943194179d9b1c0e765224da42f2df904f7babcd1a5  include/owt/krylov/petsc_adapter.hpp
28106c97ce2f962530421a3b9dc665f7046f4aa81f393d7e64915b0a0c715072  include/owt/krylov/petsc_coarse.hpp
e0050dba867cde35572d30fac6c27e04ea6ac67d1d89a6743c2b301c517e31e4  include/owt/krylov/pipelined_bicgstab.hpp
a092308b2115385a9089ece56a4e9512bf0e1bdc2f713fe43c2a3102e4c444b4  include/owt/krylov/preconditioner.hpp
97fa6e7794282cd5828666dd92cc0c09cc95bb64f6a943ed032e3ca983cb66cd  include/owt/krylov/recycling.hpp
563f998c727be625cb35f6535dd9b916702d6570ffc8987cdc18bc11d34f26e7  include/owt/krylov/reduction.hpp
fe7e77fbb967fbc41f066ea3024f1ae7bebef5b870060751106b5a19e3b71911  include/owt/krylov/simd.hpp
749aa328e78ddfb8abc72a792b2ac4d146b795cc81acaddd05f57a2f84cafc57  include/owt/krylov/specwave_compat.hpp
80dea1c3aaa0db8ce630c2c4a128c7f21db3afbacf60acf51ec52a8d8cdd3a1d  include/owt/krylov/split_block_csr.hpp
50435e43abaf1c3ee16e302500b9ae4fca35f04ef048acaab0e825cf90e99855  include/owt/krylov/stationary.hpp
8a20e2ade83dbd3a2792e78cec233d9ef19ccb6ed0c1c856b08e24fbdc034f6f  benchmarks/benchmark_distributed.cpp
83061647f9047c6d5fd36720e501cb74c5fb357a5a5cb908b1557d8b58a38b8c  benchmarks/benchmark_unstructured.cpp
cc9096296ed344977b0bcb4c10d258b6d621bf8db116b3ff7349b930131ba3df  benchmarks/specwave_limon.sh
