precision,side,block,sample,variant,phase,seconds,iterations,operator_apps,preconditioner_apps,reductions,relative_residual,checksum
float,16,1,-1,native,profile_operator,2.5597999999999998e-05,4,10,8,14,3.2914065381477398e-06,0
float,16,1,-1,native,profile_preconditioner,5.5275000000000002e-05,4,10,8,14,3.2914065381477398e-06,0
float,16,1,-1,native,profile_total,9.2205000000000002e-05,4,10,8,14,3.2914065381477398e-06,0
float,16,1,-1,reference,profile_operator,2.1551000000000004e-05,4,10,8,14,3.2914065381477398e-06,0
float,16,1,-1,reference,profile_preconditioner,5.4674000000000005e-05,4,10,8,14,3.2914065381477398e-06,0
float,16,1,-1,reference,profile_total,9.1273000000000005e-05,4,10,8,14,3.2914065381477398e-06,0
float,16,1,0,reference,products,2.1337423706054687e-07,0,0,0,0,0,78465616
float,16,1,0,reference,preconditioner,6.9870000000000002e-06,0,0,0,0,0,-0.84679639339447021
float,16,1,0,reference,solve,8.1073000000000001e-05,4,10,8,14,3.2914065381477398e-06,0
float,16,1,0,native,products,2.0837518310546874e-07,0,0,0,0,0,78465616
float,16,1,0,native,preconditioner,7.1836250000000002e-06,0,0,0,0,0,-0.84679639339447021
float,16,1,0,native,solve,7.9940999999999999e-05,4,10,8,14,3.2914065381477398e-06,0
float,16,1,1,native,products,2.1061450195312499e-07,0,0,0,0,0,78465616
float,16,1,1,native,preconditioner,7.2073749999999998e-06,0,0,0,0,0,-0.84679639339447021
float,16,1,1,native,solve,7.9079999999999995e-05,4,10,8,14,3.2914065381477398e-06,0
float,16,1,1,reference,products,2.1006475830078126e-07,0,0,0,0,0,78465616
float,16,1,1,reference,preconditioner,6.9782499999999996e-06,0,0,0,0,0,-0.84679639339447021
float,16,1,1,reference,solve,7.9892e-05,4,10,8,14,3.2914065381477398e-06,0
float,16,1,2,reference,products,2.0918081665039062e-07,0,0,0,0,0,78465616
float,16,1,2,reference,preconditioner,6.9720000000000003e-06,0,0,0,0,0,-0.84679639339447021
float,16,1,2,reference,solve,7.9530999999999995e-05,4,10,8,14,3.2914065381477398e-06,0
float,16,1,2,native,products,2.10768310546875e-07,0,0,0,0,0,78465616
float,16,1,2,native,preconditioner,7.1998750000000002e-06,0,0,0,0,0,-0.84679639339447021
float,16,1,2,native,solve,8.0020999999999998e-05,4,10,8,14,3.2914065381477398e-06,0
float,16,1,3,native,products,2.0790002441406251e-07,0,0,0,0,0,78465616
float,16,1,3,native,preconditioner,7.1509999999999998e-06,0,0,0,0,0,-0.84679639339447021
float,16,1,3,native,solve,8.5111999999999994e-05,4,10,8,14,3.2914065381477398e-06,0
float,16,1,3,reference,products,2.1277008056640624e-07,0,0,0,0,0,78465616
float,16,1,3,reference,preconditioner,6.98075e-06,0,0,0,0,0,-0.84679639339447021
float,16,1,3,reference,solve,7.9721000000000005e-05,4,10,8,14,3.2914065381477398e-06,0
float,16,1,4,reference,products,2.1031484985351563e-07,0,0,0,0,0,78465616
float,16,1,4,reference,preconditioner,6.98075e-06,0,0,0,0,0,-0.84679639339447021
float,16,1,4,reference,solve,7.9730999999999999e-05,4,10,8,14,3.2914065381477398e-06,0
float,16,1,4,native,products,2.1075024414062501e-07,0,0,0,0,0,78465616
float,16,1,4,native,preconditioner,7.1998750000000002e-06,0,0,0,0,0,-0.84679639339447021
float,16,1,4,native,solve,7.9019999999999999e-05,4,10,8,14,3.2914065381477398e-06,0
float,16,1,5,native,products,2.0960491943359376e-07,0,0,0,0,0,78465616
float,16,1,5,native,preconditioner,7.1723750000000001e-06,0,0,0,0,0,-0.84679639339447021
float,16,1,5,native,solve,7.8808999999999997e-05,4,10,8,14,3.2914065381477398e-06,0
float,16,1,5,reference,products,2.1203594970703125e-07,0,0,0,0,0,78465616
float,16,1,5,reference,preconditioner,6.9645e-06,0,0,0,0,0,-0.84679639339447021
float,16,1,5,reference,solve,7.9550999999999998e-05,4,10,8,14,3.2914065381477398e-06,0
float,16,1,6,reference,products,2.1192803955078124e-07,0,0,0,0,0,78465616
float,16,1,6,reference,preconditioner,6.9781250000000002e-06,0,0,0,0,0,-0.84679639339447021
float,16,1,6,reference,solve,7.9469999999999996e-05,4,10,8,14,3.2914065381477398e-06,0
float,16,1,6,native,products,2.5089584350585936e-07,0,0,0,0,0,78465616
float,16,1,6,native,preconditioner,7.182375e-06,0,0,0,0,0,-0.84679639339447021
float,16,1,6,native,solve,9.4609000000000002e-05,4,10,8,14,3.2914065381477398e-06,0
float,16,1,7,native,products,2.0994308471679687e-07,0,0,0,0,0,78465616
float,16,1,7,native,preconditioner,9.0132500000000005e-06,0,0,0,0,0,-0.84679639339447021
float,16,1,7,native,solve,7.9159999999999994e-05,4,10,8,14,3.2914065381477398e-06,0
float,16,1,7,reference,products,2.0994979858398438e-07,0,0,0,0,0,78465616
float,16,1,7,reference,preconditioner,7.6106249999999997e-06,0,0,0,0,0,-0.84679639339447021
float,16,1,7,reference,solve,0.000102805,4,10,8,14,3.2914065381477398e-06,0
float,16,1,8,reference,products,2.2348187255859375e-07,0,0,0,0,0,78465616
float,16,1,8,reference,preconditioner,7.1160000000000001e-06,0,0,0,0,0,-0.84679639339447021
float,16,1,8,reference,solve,8.1304000000000006e-05,4,10,8,14,3.2914065381477398e-06,0
float,16,1,8,native,products,2.0824584960937499e-07,0,0,0,0,0,78465616
float,16,1,8,native,preconditioner,7.2387499999999999e-06,0,0,0,0,0,-0.84679639339447021
float,16,1,8,native,solve,8.0332000000000003e-05,4,10,8,14,3.2914065381477398e-06,0
float,16,1,9,native,products,2.0975625610351562e-07,0,0,0,0,0,78465616
float,16,1,9,native,preconditioner,5.1280874999999997e-05,0,0,0,0,0,-0.84679639339447021
float,16,1,9,native,solve,7.9751000000000003e-05,4,10,8,14,3.2914065381477398e-06,0
float,16,1,9,reference,products,2.0947253417968749e-07,0,0,0,0,0,78465616
float,16,1,9,reference,preconditioner,7.007e-06,0,0,0,0,0,-0.84679639339447021
float,16,1,9,reference,solve,8.0000999999999995e-05,4,10,8,14,3.2914065381477398e-06,0
double,16,1,-1,native,profile_operator,3.7863e-05,7,16,14,23,4.5613717577587319e-10,0
double,16,1,-1,native,profile_preconditioner,0.00010918500000000002,7,16,14,23,4.5613717577587319e-10,0
double,16,1,-1,native,profile_total,0.000166355,7,16,14,23,4.5613717577587319e-10,0
double,16,1,-1,reference,profile_operator,3.3744000000000001e-05,7,16,14,23,4.5613717577587319e-10,0
double,16,1,-1,reference,profile_preconditioner,0.00010211199999999999,7,16,14,23,4.5613717577587319e-10,0
double,16,1,-1,reference,profile_total,0.00015291,7,16,14,23,4.5613717577587319e-10,0
double,16,1,0,reference,products,1.3784796142578125e-07,0,0,0,0,0,78465625.174233173
double,16,1,0,reference,preconditioner,7.3902500000000001e-06,0,0,0,0,0,-0.8467963401021481
double,16,1,0,reference,solve,0.00014141800000000001,7,16,14,23,4.5613717577587319e-10,0
double,16,1,0,native,products,1.3828732299804688e-07,0,0,0,0,0,78465625.174233173
double,16,1,0,native,preconditioner,7.6607499999999995e-06,0,0,0,0,0,-0.8467963401021481
double,16,1,0,native,solve,0.000140366,7,16,14,23,4.5613717577587319e-10,0
double,16,1,1,native,products,1.365906982421875e-07,0,0,0,0,0,78465625.174233173
double,16,1,1,native,preconditioner,8.6187499999999994e-06,0,0,0,0,0,-0.8467963401021481
double,16,1,1,native,solve,0.000140476,7,16,14,23,4.5613717577587319e-10,0
double,16,1,1,reference,products,1.3823135375976563e-07,0,0,0,0,0,78465625.174233173
double,16,1,1,reference,preconditioner,7.4015000000000002e-06,0,0,0,0,0,-0.8467963401021481
double,16,1,1,reference,solve,0.00014055599999999999,7,16,14,23,4.5613717577587319e-10,0
double,16,1,2,reference,products,1.3816198730468749e-07,0,0,0,0,0,78465625.174233173
double,16,1,2,reference,preconditioner,7.374e-06,0,0,0,0,0,-0.8467963401021481
double,16,1,2,reference,solve,0.00014022500000000001,7,16,14,23,4.5613717577587319e-10,0
double,16,1,2,native,products,1.3768133544921876e-07,0,0,0,0,0,78465625.174233173
double,16,1,2,native,preconditioner,7.5830000000000001e-06,0,0,0,0,0,-0.8467963401021481
double,16,1,2,native,solve,0.00013901300000000001,7,16,14,23,4.5613717577587319e-10,0
double,16,1,3,native,products,1.3677505493164062e-07,0,0,0,0,0,78465625.174233173
double,16,1,3,native,preconditioner,8.4547500000000007e-06,0,0,0,0,0,-0.8467963401021481
double,16,1,3,native,solve,0.000139054,7,16,14,23,4.5613717577587319e-10,0
double,16,1,3,reference,products,1.3581805419921875e-07,0,0,0,0,0,78465625.174233173
double,16,1,3,reference,preconditioner,7.3927499999999996e-06,0,0,0,0,0,-0.8467963401021481
double,16,1,3,reference,solve,0.000140266,7,16,14,23,4.5613717577587319e-10,0
double,16,1,4,reference,products,1.8038363647460938e-07,0,0,0,0,0,78465625.174233173
double,16,1,4,reference,preconditioner,7.3626249999999997e-06,0,0,0,0,0,-0.8467963401021481
double,16,1,4,reference,solve,0.000155234,7,16,14,23,4.5613717577587319e-10,0
double,16,1,4,native,products,1.3566458129882812e-07,0,0,0,0,0,78465625.174233173
double,16,1,4,native,preconditioner,7.6933749999999998e-06,0,0,0,0,0,-0.8467963401021481
double,16,1,4,native,solve,0.000139023,7,16,14,23,4.5613717577587319e-10,0
double,16,1,5,native,products,1.4089358520507813e-07,0,0,0,0,0,78465625.174233173
double,16,1,5,native,preconditioner,7.6682500000000007e-06,0,0,0,0,0,-0.8467963401021481
double,16,1,5,native,solve,0.00014023599999999999,7,16,14,23,4.5613717577587319e-10,0
double,16,1,5,reference,products,1.3773208618164063e-07,0,0,0,0,0,78465625.174233173
double,16,1,5,reference,preconditioner,7.4216250000000003e-06,0,0,0,0,0,-0.8467963401021481
double,16,1,5,reference,solve,0.00014113799999999999,7,16,14,23,4.5613717577587319e-10,0
double,16,1,6,reference,products,1.3909909057617188e-07,0,0,0,0,0,78465625.174233173
double,16,1,6,reference,preconditioner,7.3889999999999999e-06,0,0,0,0,0,-0.8467963401021481
double,16,1,6,reference,solve,0.000140576,7,16,14,23,4.5613717577587319e-10,0
double,16,1,6,native,products,1.3807452392578124e-07,0,0,0,0,0,78465625.174233173
double,16,1,6,native,preconditioner,8.6713749999999996e-06,0,0,0,0,0,-0.8467963401021481
double,16,1,6,native,solve,0.00016362000000000001,7,16,14,23,4.5613717577587319e-10,0
double,16,1,7,native,products,1.3756668090820313e-07,0,0,0,0,0,78465625.174233173
double,16,1,7,native,preconditioner,7.6182500000000003e-06,0,0,0,0,0,-0.8467963401021481
double,16,1,7,native,solve,0.000138954,7,16,14,23,4.5613717577587319e-10,0
double,16,1,7,reference,products,1.3679556274414063e-07,0,0,0,0,0,78465625.174233173
double,16,1,7,reference,preconditioner,7.4364999999999999e-06,0,0,0,0,0,-0.8467963401021481
double,16,1,7,reference,solve,0.00014095700000000001,7,16,14,23,4.5613717577587319e-10,0
double,16,1,8,reference,products,1.3575933837890624e-07,0,0,0,0,0,78465625.174233173
double,16,1,8,reference,preconditioner,7.5255000000000002e-06,0,0,0,0,0,-0.8467963401021481
double,16,1,8,reference,solve,0.000140366,7,16,14,23,4.5613717577587319e-10,0
double,16,1,8,native,products,1.3854354858398438e-07,0,0,0,0,0,78465625.174233173
double,16,1,8,native,preconditioner,7.6745000000000008e-06,0,0,0,0,0,-0.8467963401021481
double,16,1,8,native,solve,0.00015069500000000001,7,16,14,23,4.5613717577587319e-10,0
double,16,1,9,native,products,1.3752630615234375e-07,0,0,0,0,0,78465625.174233173
double,16,1,9,native,preconditioner,7.5881250000000003e-06,0,0,0,0,0,-0.8467963401021481
double,16,1,9,native,solve,0.00013890300000000001,7,16,14,23,4.5613717577587319e-10,0
double,16,1,9,reference,products,1.3710803222656249e-07,0,0,0,0,0,78465625.174233173
double,16,1,9,reference,preconditioner,7.4403749999999999e-06,0,0,0,0,0,-0.8467963401021481
double,16,1,9,reference,solve,0.00014069700000000001,7,16,14,23,4.5613717577587319e-10,0
float,16,5,-1,native,profile_operator,4.5327000000000002e-05,4,10,8,14,3.3816904203655107e-06,0
float,16,5,-1,native,profile_preconditioner,8.2245999999999998e-05,4,10,8,14,3.3816904203655107e-06,0
float,16,5,-1,native,profile_total,0.000182435,4,10,8,14,3.3816904203655107e-06,0
float,16,5,-1,reference,profile_operator,3.9466000000000005e-05,4,10,8,14,3.3816904203655107e-06,0
float,16,5,-1,reference,profile_preconditioner,7.3398000000000004e-05,4,10,8,14,3.3816904203655107e-06,0
float,16,5,-1,reference,profile_total,0.00016734599999999999,4,10,8,14,3.3816904203655107e-06,0
float,16,5,0,reference,products,9.3797909354494132e-07,0,0,0,0,0,79192294.665039062
float,16,5,0,reference,preconditioner,9.3026249999999997e-06,0,0,0,0,0,-0.84679639339447021
float,16,5,0,reference,solve,0.00014278000000000001,4,10,8,14,3.3816904203655107e-06,0
float,16,5,0,native,products,9.3928628109262935e-07,0,0,0,0,0,79192294.665039062
float,16,5,0,native,preconditioner,9.3176250000000004e-06,0,0,0,0,0,-0.84679639339447021
float,16,5,0,native,solve,0.000126119,4,10,8,14,3.3816904203655107e-06,0
float,16,5,1,native,products,9.3561696932702579e-07,0,0,0,0,0,79192294.665039062
float,16,5,1,native,preconditioner,9.2776250000000008e-06,0,0,0,0,0,-0.84679639339447021
float,16,5,1,native,solve,0.00014662799999999999,4,10,8,14,3.3816904203655107e-06,0
float,16,5,1,reference,products,9.2937280634823746e-07,0,0,0,0,0,79192294.665039062
float,16,5,1,reference,preconditioner,9.3063749999999995e-06,0,0,0,0,0,-0.84679639339447021
float,16,5,1,reference,solve,0.00012652,4,10,8,14,3.3816904203655107e-06,0
float,16,5,2,reference,products,9.3523470166336026e-07,0,0,0,0,0,79192294.665039062
float,16,5,2,reference,preconditioner,9.3327499999999997e-06,0,0,0,0,0,-0.84679639339447021
float,16,5,2,reference,solve,0.00012735099999999999,4,10,8,14,3.3816904203655107e-06,0
float,16,5,2,native,products,1.1453027620936974e-06,0,0,0,0,0,79192294.665039062
float,16,5,2,native,preconditioner,9.3852499999999996e-06,0,0,0,0,0,-0.84679639339447021
float,16,5,2,native,solve,0.00012741200000000001,4,10,8,14,3.3816904203655107e-06,0
float,16,5,3,native,products,9.3722234091255914e-07,0,0,0,0,0,79192294.665039062
float,16,5,3,native,preconditioner,9.2838749999999993e-06,0,0,0,0,0,-0.84679639339447021
float,16,5,3,native,solve,0.00012560800000000001,4,10,8,14,3.3816904203655107e-06,0
float,16,5,3,reference,products,9.3194292690370823e-07,0,0,0,0,0,79192294.665039062
float,16,5,3,reference,preconditioner,9.3076250000000005e-06,0,0,0,0,0,-0.84679639339447021
float,16,5,3,reference,solve,0.00012725099999999999,4,10,8,14,3.3816904203655107e-06,0
float,16,5,4,reference,products,9.477030367770487e-07,0,0,0,0,0,79192294.665039062
float,16,5,4,reference,preconditioner,9.3301250000000007e-06,0,0,0,0,0,-0.84679639339447021
float,16,5,4,reference,solve,0.00012624000000000001,4,10,8,14,3.3816904203655107e-06,0
float,16,5,4,native,products,9.3211872424843581e-07,0,0,0,0,0,79192294.665039062
float,16,5,4,native,preconditioner,9.2987499999999997e-06,0,0,0,0,0,-0.84679639339447021
float,16,5,4,native,solve,0.00012560800000000001,4,10,8,14,3.3816904203655107e-06,0
float,16,5,5,native,products,9.3223958492293617e-07,0,0,0,0,0,79192294.665039062
float,16,5,5,native,preconditioner,1.1273875000000001e-05,0,0,0,0,0,-0.84679639339447021
float,16,5,5,native,solve,0.000128904,4,10,8,14,3.3816904203655107e-06,0
float,16,5,5,reference,products,9.4557622462994046e-07,0,0,0,0,0,79192294.665039062
float,16,5,5,reference,preconditioner,9.3226249999999995e-06,0,0,0,0,0,-0.84679639339447021
float,16,5,5,reference,solve,0.00012638999999999999,4,10,8,14,3.3816904203655107e-06,0
float,16,5,6,reference,products,9.4046665649320928e-07,0,0,0,0,0,79192294.665039062
float,16,5,6,reference,preconditioner,1.0421000000000001e-05,0,0,0,0,0,-0.84679639339447021
float,16,5,6,reference,solve,0.00012596800000000001,4,10,8,14,3.3816904203655107e-06,0
float,16,5,6,native,products,9.3294887837631615e-07,0,0,0,0,0,79192294.665039062
float,16,5,6,native,preconditioner,9.2962499999999993e-06,0,0,0,0,0,-0.84679639339447021
float,16,5,6,native,solve,0.00012564799999999999,4,10,8,14,3.3816904203655107e-06,0
float,16,5,7,native,products,9.3197649931329156e-07,0,0,0,0,0,79192294.665039062
float,16,5,7,native,preconditioner,9.26875e-06,0,0,0,0,0,-0.84679639339447021
float,16,5,7,native,solve,0.000146427,4,10,8,14,3.3816904203655107e-06,0
float,16,5,7,reference,products,9.2777063940180071e-07,0,0,0,0,0,79192294.665039062
float,16,5,7,reference,preconditioner,9.26875e-06,0,0,0,0,0,-0.84679639339447021
float,16,5,7,reference,solve,0.00012631900000000001,4,10,8,14,3.3816904203655107e-06,0
float,16,5,8,reference,products,9.5370395238821914e-07,0,0,0,0,0,79192294.665039062
float,16,5,8,reference,preconditioner,9.2724999999999997e-06,0,0,0,0,0,-0.84679639339447021
float,16,5,8,reference,solve,0.00014105699999999999,4,10,8,14,3.3816904203655107e-06,0
float,16,5,8,native,products,9.2670181596215476e-07,0,0,0,0,0,79192294.665039062
float,16,5,8,native,preconditioner,9.3013750000000004e-06,0,0,0,0,0,-0.84679639339447021
float,16,5,8,native,solve,0.00012574799999999999,4,10,8,14,3.3816904203655107e-06,0
float,16,5,9,native,products,9.3696383335876692e-07,0,0,0,0,0,79192294.665039062
float,16,5,9,native,preconditioner,9.3101249999999992e-06,0,0,0,0,0,-0.84679639339447021
float,16,5,9,native,solve,0.00014920299999999999,4,10,8,14,3.3816904203655107e-06,0
float,16,5,9,reference,products,9.252081489394171e-07,0,0,0,0,0,79192294.665039062
float,16,5,9,reference,preconditioner,9.3227499999999998e-06,0,0,0,0,0,-0.84679639339447021
float,16,5,9,reference,solve,0.000128143,4,10,8,14,3.3816904203655107e-06,0
double,16,5,-1,native,profile_operator,6.3810000000000001e-05,7,16,14,23,5.6037012670773305e-10,0
double,16,5,-1,native,profile_preconditioner,0.000134776,7,16,14,23,5.6037012670773305e-10,0
double,16,5,-1,native,profile_total,0.00028032000000000003,7,16,14,23,5.6037012670773305e-10,0
double,16,5,-1,reference,profile_operator,6.7448000000000009e-05,7,16,14,23,5.6037012670773305e-10,0
double,16,5,-1,reference,profile_preconditioner,0.00014714799999999999,7,16,14,23,5.6037012670773305e-10,0
double,16,5,-1,reference,profile_total,0.00029538900000000001,7,16,14,23,5.6037012670773305e-10,0
double,16,5,0,reference,products,6.3614863421333738e-07,0,0,0,0,0,79192302.082384101
double,16,5,0,reference,preconditioner,1.0066499999999999e-05,0,0,0,0,0,-0.8467963401021481
double,16,5,0,reference,solve,0.00022724,7,16,14,23,5.6037012670773305e-10,0
double,16,5,0,native,products,6.3046101022432467e-07,0,0,0,0,0,79192302.082384101
double,16,5,0,native,preconditioner,1.0127875e-05,0,0,0,0,0,-0.8467963401021481
double,16,5,0,native,solve,0.000222592,7,16,14,23,5.6037012670773305e-10,0
double,16,5,1,native,products,6.2873035251030061e-07,0,0,0,0,0,79192302.082384101
double,16,5,1,native,preconditioner,1.0018875e-05,0,0,0,0,0,-0.8467963401021481
double,16,5,1,native,solve,0.00022111900000000001,7,16,14,23,5.6037012670773305e-10,0
double,16,5,1,reference,products,6.7237158553334357e-07,0,0,0,0,0,79192302.082384101
double,16,5,1,reference,preconditioner,1.0067875000000001e-05,0,0,0,0,0,-0.8467963401021481
double,16,5,1,reference,solve,0.00022724999999999999,7,16,14,23,5.6037012670773305e-10,0
double,16,5,2,reference,products,6.2741553486952531e-07,0,0,0,0,0,79192302.082384101
double,16,5,2,reference,preconditioner,1.1290125000000001e-05,0,0,0,0,0,-0.8467963401021481
double,16,5,2,reference,solve,0.00022587799999999999,7,16,14,23,5.6037012670773305e-10,0
double,16,5,2,native,products,6.2748130627193652e-07,0,0,0,0,0,79192302.082384101
double,16,5,2,native,preconditioner,1.0016374999999999e-05,0,0,0,0,0,-0.8467963401021481
double,16,5,2,native,solve,0.00022081800000000001,7,16,14,23,5.6037012670773305e-10,0
double,16,5,3,native,products,6.8757378300015264e-07,0,0,0,0,0,79192302.082384101
double,16,5,3,native,preconditioner,1.002525e-05,0,0,0,0,0,-0.8467963401021481
double,16,5,3,native,solve,0.00022036700000000001,7,16,14,23,5.6037012670773305e-10,0
double,16,5,3,reference,products,6.3152372958950095e-07,0,0,0,0,0,79192302.082384101
double,16,5,3,reference,preconditioner,1.005525e-05,0,0,0,0,0,-0.8467963401021481
double,16,5,3,reference,solve,0.00022619799999999999,7,16,14,23,5.6037012670773305e-10,0
double,16,5,4,reference,products,6.4298748664733715e-07,0,0,0,0,0,79192302.082384101
double,16,5,4,reference,preconditioner,1.00515e-05,0,0,0,0,0,-0.8467963401021481
double,16,5,4,reference,solve,0.000240506,7,16,14,23,5.6037012670773305e-10,0
double,16,5,4,native,products,6.2657149397222642e-07,0,0,0,0,0,79192302.082384101
double,16,5,4,native,preconditioner,1.0008875e-05,0,0,0,0,0,-0.8467963401021481
double,16,5,4,native,solve,0.00022098800000000001,7,16,14,23,5.6037012670773305e-10,0
double,16,5,5,native,products,6.3163528155043493e-07,0,0,0,0,0,79192302.082384101
double,16,5,5,native,preconditioner,1.0011375e-05,0,0,0,0,0,-0.8467963401021481
double,16,5,5,native,solve,0.00023817099999999999,7,16,14,23,5.6037012670773305e-10,0
double,16,5,5,reference,products,6.5413490004578052e-07,0,0,0,0,0,79192302.082384101
double,16,5,5,reference,preconditioner,1.0112874999999999e-05,0,0,0,0,0,-0.8467963401021481
double,16,5,5,reference,solve,0.00022946500000000001,7,16,14,23,5.6037012670773305e-10,0
double,16,5,6,reference,products,6.2694475812604912e-07,0,0,0,0,0,79192302.082384101
double,16,5,6,reference,preconditioner,1.0040249999999999e-05,0,0,0,0,0,-0.8467963401021481
double,16,5,6,reference,solve,0.00022626800000000001,7,16,14,23,5.6037012670773305e-10,0
double,16,5,6,native,products,6.2667862047916984e-07,0,0,0,0,0,79192302.082384101
double,16,5,6,native,preconditioner,1.008775e-05,0,0,0,0,0,-0.8467963401021481
double,16,5,6,native,solve,0.000240194,7,16,14,23,5.6037012670773305e-10,0
double,16,5,7,native,products,6.3127453074927511e-07,0,0,0,0,0,79192302.082384101
double,16,5,7,native,preconditioner,1.003275e-05,0,0,0,0,0,-0.8467963401021481
double,16,5,7,native,solve,0.00022144999999999999,7,16,14,23,5.6037012670773305e-10,0
double,16,5,7,reference,products,6.2333648710514266e-07,0,0,0,0,0,79192302.082384101
double,16,5,7,reference,preconditioner,1.0056499999999999e-05,0,0,0,0,0,-0.8467963401021481
double,16,5,7,reference,solve,0.000241728,7,16,14,23,5.6037012670773305e-10,0
double,16,5,8,reference,products,6.2486525255608125e-07,0,0,0,0,0,79192302.082384101
double,16,5,8,reference,preconditioner,1.00415e-05,0,0,0,0,0,-0.8467963401021481
double,16,5,8,reference,solve,0.000243921,7,16,14,23,5.6037012670773305e-10,0
double,16,5,8,native,products,8.2728582328704404e-07,0,0,0,0,0,79192302.082384101
double,16,5,8,native,preconditioner,1.0049e-05,0,0,0,0,0,-0.8467963401021481
double,16,5,8,native,solve,0.00022568800000000001,7,16,14,23,5.6037012670773305e-10,0
double,16,5,9,native,products,6.2785746986113228e-07,0,0,0,0,0,79192302.082384101
double,16,5,9,native,preconditioner,1.0017625000000001e-05,0,0,0,0,0,-0.8467963401021481
double,16,5,9,native,solve,0.000235035,7,16,14,23,5.6037012670773305e-10,0
double,16,5,9,reference,products,6.287366091866321e-07,0,0,0,0,0,79192302.082384101
double,16,5,9,reference,preconditioner,1.0050374999999999e-05,0,0,0,0,0,-0.8467963401021481
double,16,5,9,reference,solve,0.00022699999999999999,7,16,14,23,5.6037012670773305e-10,0
float,16,1296,-1,native,profile_operator,0.0048182830000000005,4,10,8,14,6.7133383752071177e-06,0
float,16,1296,-1,native,profile_preconditioner,0.0077551219999999988,4,10,8,14,6.7133383752071177e-06,0
float,16,1296,-1,native,profile_total,0.024720031,4,10,8,14,6.7133383752071177e-06,0
float,16,1296,-1,reference,profile_operator,0.0049589180000000005,4,10,8,14,6.7133383752071177e-06,0
float,16,1296,-1,reference,profile_preconditioner,0.0089452049999999995,4,10,8,14,6.7133383752071177e-06,0
float,16,1296,-1,reference,profile_total,0.026120232,4,10,8,14,6.7133383752071177e-06,0
float,16,1296,0,reference,products,0.00024330064,0,0,0,0,0,80810075
float,16,1296,0,reference,preconditioner,0.00066122062500000001,0,0,0,0,0,-0.84679639339447021
float,16,1296,0,reference,solve,0.016704336,4,10,8,14,6.7133383752071177e-06,0
float,16,1296,0,native,products,0.00024172604,0,0,0,0,0,80810075
float,16,1296,0,native,preconditioner,0.00073557387499999997,0,0,0,0,0,-0.84679639339447021
float,16,1296,0,native,solve,0.017325220999999998,4,10,8,14,6.7133383752071177e-06,0
float,16,1296,1,native,products,0.00024443076000000002,0,0,0,0,0,80810075
float,16,1296,1,native,preconditioner,0.00058506262500000001,0,0,0,0,0,-0.84679639339447021
float,16,1296,1,native,solve,0.019087037000000001,4,10,8,14,6.7133383752071177e-06,0
float,16,1296,1,reference,products,0.00024200455999999999,0,0,0,0,0,80810075
float,16,1296,1,reference,preconditioner,0.00066514437500000002,0,0,0,0,0,-0.84679639339447021
float,16,1296,1,reference,solve,0.018934607999999999,4,10,8,14,6.7133383752071177e-06,0
float,16,1296,2,reference,products,0.00025011312,0,0,0,0,0,80810075
float,16,1296,2,reference,preconditioner,0.00084514249999999996,0,0,0,0,0,-0.84679639339447021
float,16,1296,2,reference,solve,0.019175303000000001,4,10,8,14,6.7133383752071177e-06,0
float,16,1296,2,native,products,0.00024189760000000002,0,0,0,0,0,80810075
float,16,1296,2,native,preconditioner,0.0005868135,0,0,0,0,0,-0.84679639339447021
float,16,1296,2,native,solve,0.016718613,4,10,8,14,6.7133383752071177e-06,0
float,16,1296,3,native,products,0.00024780396000000001,0,0,0,0,0,80810075
float,16,1296,3,native,preconditioner,0.00071918662500000002,0,0,0,0,0,-0.84679639339447021
float,16,1296,3,native,solve,0.017066521000000001,4,10,8,14,6.7133383752071177e-06,0
float,16,1296,3,reference,products,0.00024241415999999997,0,0,0,0,0,80810075
float,16,1296,3,reference,preconditioner,0.000605760625,0,0,0,0,0,-0.84679639339447021
float,16,1296,3,reference,solve,0.019004581,4,10,8,14,6.7133383752071177e-06,0
float,16,1296,4,reference,products,0.00024762280000000002,0,0,0,0,0,80810075
float,16,1296,4,reference,preconditioner,0.00066024625000000005,0,0,0,0,0,-0.84679639339447021
float,16,1296,4,reference,solve,0.018126638,4,10,8,14,6.7133383752071177e-06,0
float,16,1296,4,native,products,0.00025235296000000003,0,0,0,0,0,80810075
float,16,1296,4,native,preconditioner,0.00057143937499999999,0,0,0,0,0,-0.84679639339447021
float,16,1296,4,native,solve,0.018620483,4,10,8,14,6.7133383752071177e-06,0
float,16,1296,5,native,products,0.00026175839999999998,0,0,0,0,0,80810075
float,16,1296,5,native,preconditioner,0.000648574125,0,0,0,0,0,-0.84679639339447021
float,16,1296,5,native,solve,0.01739839,4,10,8,14,6.7133383752071177e-06,0
float,16,1296,5,reference,products,0.00024399876000000002,0,0,0,0,0,80810075
float,16,1296,5,reference,preconditioner,0.00076590000000000002,0,0,0,0,0,-0.84679639339447021
float,16,1296,5,reference,solve,0.017759914000000002,4,10,8,14,6.7133383752071177e-06,0
float,16,1296,6,reference,products,0.00024400875999999998,0,0,0,0,0,80810075
float,16,1296,6,reference,preconditioner,0.00061078125,0,0,0,0,0,-0.84679639339447021
float,16,1296,6,reference,solve,0.020208440000000001,4,10,8,14,6.7133383752071177e-06,0
float,16,1296,6,native,products,0.00025001335999999996,0,0,0,0,0,80810075
float,16,1296,6,native,preconditioner,0.00057391037499999998,0,0,0,0,0,-0.84679639339447021
float,16,1296,6,native,solve,0.018918317,4,10,8,14,6.7133383752071177e-06,0
float,16,1296,7,native,products,0.00027174448000000001,0,0,0,0,0,80810075
float,16,1296,7,native,preconditioner,0.00060408612500000003,0,0,0,0,0,-0.84679639339447021
float,16,1296,7,native,solve,0.018405417,4,10,8,14,6.7133383752071177e-06,0
float,16,1296,7,reference,products,0.00024107640000000001,0,0,0,0,0,80810075
float,16,1296,7,reference,preconditioner,0.00065863325000000003,0,0,0,0,0,-0.84679639339447021
float,16,1296,7,reference,solve,0.017125853999999999,4,10,8,14,6.7133383752071177e-06,0
float,16,1296,8,reference,products,0.0002445506,0,0,0,0,0,80810075
float,16,1296,8,reference,preconditioner,0.0007635605,0,0,0,0,0,-0.84679639339447021
float,16,1296,8,reference,solve,0.017591765999999998,4,10,8,14,6.7133383752071177e-06,0
float,16,1296,8,native,products,0.00024306615999999999,0,0,0,0,0,80810075
float,16,1296,8,native,preconditioner,0.00060163399999999998,0,0,0,0,0,-0.84679639339447021
float,16,1296,8,native,solve,0.019053522999999999,4,10,8,14,6.7133383752071177e-06,0
float,16,1296,9,native,products,0.00024955247999999998,0,0,0,0,0,80810075
float,16,1296,9,native,preconditioner,0.00071475075000000004,0,0,0,0,0,-0.84679639339447021
float,16,1296,9,native,solve,0.018126047999999999,4,10,8,14,6.7133383752071177e-06,0
float,16,1296,9,reference,products,0.00032448471999999999,0,0,0,0,0,80810075
float,16,1296,9,reference,preconditioner,0.00071684224999999996,0,0,0,0,0,-0.84679639339447021
float,16,1296,9,reference,solve,0.018375448999999999,4,10,8,14,6.7133383752071177e-06,0
double,16,1296,-1,native,profile_operator,0.020686024000000001,7,16,14,24,2.8102878011790435e-10,0
double,16,1296,-1,native,profile_preconditioner,0.037968104999999995,7,16,14,24,2.8102878011790435e-10,0
double,16,1296,-1,native,profile_total,0.086658555999999998,7,16,14,24,2.8102878011790435e-10,0
double,16,1296,-1,reference,profile_operator,0.020350565999999997,7,16,14,24,2.8102878011790435e-10,0
double,16,1296,-1,reference,profile_preconditioner,0.037129654999999998,7,16,14,24,2.8102878011790435e-10,0
double,16,1296,-1,reference,profile_total,0.087482947000000005,7,16,14,24,2.8102878011790435e-10,0
double,16,1296,0,reference,products,0.00024072572000000001,0,0,0,0,0,80810078.788519325
double,16,1296,0,reference,preconditioner,0.00235361475,0,0,0,0,0,-0.8467963401021481
double,16,1296,0,reference,solve,0.069381776000000006,7,16,14,24,2.8102878011790435e-10,0
double,16,1296,0,native,products,0.00018162224000000001,0,0,0,0,0,80810078.788519325
double,16,1296,0,native,preconditioner,0.0021088876249999999,0,0,0,0,0,-0.8467963401021481
double,16,1296,0,native,solve,0.071513323000000004,7,16,14,24,2.8102878011790435e-10,0
double,16,1296,1,native,products,0.00017536199999999998,0,0,0,0,0,80810078.788519325
double,16,1296,1,native,preconditioner,0.0022940581249999998,0,0,0,0,0,-0.8467963401021481
double,16,1296,1,native,solve,0.072605179000000006,7,16,14,24,2.8102878011790435e-10,0
double,16,1296,1,reference,products,0.00016874348000000001,0,0,0,0,0,80810078.788519325
double,16,1296,1,reference,preconditioner,0.0025346173750000001,0,0,0,0,0,-0.8467963401021481
double,16,1296,1,reference,solve,0.068783094000000003,7,16,14,24,2.8102878011790435e-10,0
double,16,1296,2,reference,products,0.00018039512,0,0,0,0,0,80810078.788519325
double,16,1296,2,reference,preconditioner,0.0022795382500000001,0,0,0,0,0,-0.8467963401021481
double,16,1296,2,reference,solve,0.071895727000000006,7,16,14,24,2.8102878011790435e-10,0
double,16,1296,2,native,products,0.00017932072000000001,0,0,0,0,0,80810078.788519325
double,16,1296,2,native,preconditioner,0.002456457,0,0,0,0,0,-0.8467963401021481
double,16,1296,2,native,solve,0.083566962999999994,7,16,14,24,2.8102878011790435e-10,0
double,16,1296,3,native,products,0.00019542555999999998,0,0,0,0,0,80810078.788519325
double,16,1296,3,native,preconditioner,0.0026428773749999999,0,0,0,0,0,-0.8467963401021481
double,16,1296,3,native,solve,0.072458100999999997,7,16,14,24,2.8102878011790435e-10,0
double,16,1296,3,reference,products,0.00019285555999999998,0,0,0,0,0,80810078.788519325
double,16,1296,3,reference,preconditioner,0.0023278321250000001,0,0,0,0,0,-0.8467963401021481
double,16,1296,3,reference,solve,0.069864381000000003,7,16,14,24,2.8102878011790435e-10,0
double,16,1296,4,reference,products,0.00016972695999999999,0,0,0,0,0,80810078.788519325
double,16,1296,4,reference,preconditioner,0.0023571326250000002,0,0,0,0,0,-0.8467963401021481
double,16,1296,4,reference,solve,0.071764668000000004,7,16,14,24,2.8102878011790435e-10,0
double,16,1296,4,native,products,0.00020421299999999999,0,0,0,0,0,80810078.788519325
double,16,1296,4,native,preconditioner,0.0023857267499999999,0,0,0,0,0,-0.8467963401021481
double,16,1296,4,native,solve,0.070319001000000006,7,16,14,24,2.8102878011790435e-10,0
double,16,1296,5,native,products,0.00020710572000000001,0,0,0,0,0,80810078.788519325
double,16,1296,5,native,preconditioner,0.0023234050000000002,0,0,0,0,0,-0.8467963401021481
double,16,1296,5,native,solve,0.070021578000000001,7,16,14,24,2.8102878011790435e-10,0
double,16,1296,5,reference,products,0.00016710316,0,0,0,0,0,80810078.788519325
double,16,1296,5,reference,preconditioner,0.0021332751249999999,0,0,0,0,0,-0.8467963401021481
double,16,1296,5,reference,solve,0.070261041999999996,7,16,14,24,2.8102878011790435e-10,0
double,16,1296,6,reference,products,0.00016542839999999999,0,0,0,0,0,80810078.788519325
double,16,1296,6,reference,preconditioner,0.0020710547500000002,0,0,0,0,0,-0.8467963401021481
double,16,1296,6,reference,solve,0.071073869999999997,7,16,14,24,2.8102878011790435e-10,0
double,16,1296,6,native,products,0.00017821420000000001,0,0,0,0,0,80810078.788519325
double,16,1296,6,native,preconditioner,0.002477417875,0,0,0,0,0,-0.8467963401021481
double,16,1296,6,native,solve,0.070293162000000006,7,16,14,24,2.8102878011790435e-10,0
double,16,1296,7,native,products,0.00017130067999999998,0,0,0,0,0,80810078.788519325
double,16,1296,7,native,preconditioner,0.0020853718749999999,0,0,0,0,0,-0.8467963401021481
double,16,1296,7,native,solve,0.069691503000000002,7,16,14,24,2.8102878011790435e-10,0
double,16,1296,7,reference,products,0.00017923972000000001,0,0,0,0,0,80810078.788519325
double,16,1296,7,reference,preconditioner,0.0023979098750000001,0,0,0,0,0,-0.8467963401021481
double,16,1296,7,reference,solve,0.071381332000000006,7,16,14,24,2.8102878011790435e-10,0
double,16,1296,8,reference,products,0.00016964519999999999,0,0,0,0,0,80810078.788519325
double,16,1296,8,reference,preconditioner,0.0023491537500000001,0,0,0,0,0,-0.8467963401021481
double,16,1296,8,reference,solve,0.070966907999999995,7,16,14,24,2.8102878011790435e-10,0
double,16,1296,8,native,products,0.00018363567999999999,0,0,0,0,0,80810078.788519325
double,16,1296,8,native,preconditioner,0.0023120710000000002,0,0,0,0,0,-0.8467963401021481
double,16,1296,8,native,solve,0.071105880999999996,7,16,14,24,2.8102878011790435e-10,0
double,16,1296,9,native,products,0.00019942316000000002,0,0,0,0,0,80810078.788519325
double,16,1296,9,native,preconditioner,0.0020857262499999999,0,0,0,0,0,-0.8467963401021481
double,16,1296,9,native,solve,0.073829958000000001,7,16,14,24,2.8102878011790435e-10,0
double,16,1296,9,reference,products,0.00019454392000000002,0,0,0,0,0,80810078.788519325
double,16,1296,9,reference,preconditioner,0.0022175683749999999,0,0,0,0,0,-0.8467963401021481
double,16,1296,9,reference,solve,0.072432872999999995,7,16,14,24,2.8102878011790435e-10,0
