precision,side,block,sample,variant,phase,seconds,iterations,operator_apps,preconditioner_apps,reductions,relative_residual,checksum
float,16,1,-1,native,profile_operator,2.4036000000000002e-05,4,10,8,14,3.2914065381477398e-06,0
float,16,1,-1,native,profile_preconditioner,5.5475000000000007e-05,4,10,8,14,3.2914065381477398e-06,0
float,16,1,-1,native,profile_total,9.1823000000000005e-05,4,10,8,14,3.2914065381477398e-06,0
float,16,1,-1,reference,profile_operator,2.3285000000000005e-05,4,10,8,14,3.2914065381477398e-06,0
float,16,1,-1,reference,profile_preconditioner,5.4443e-05,4,10,8,14,3.2914065381477398e-06,0
float,16,1,-1,reference,profile_total,9.3826999999999995e-05,4,10,8,14,3.2914065381477398e-06,0
float,16,1,0,reference,products,2.1162759399414063e-07,0,0,0,0,0,78465616
float,16,1,0,reference,solve,8.1563999999999994e-05,4,10,8,14,3.2914065381477398e-06,0
float,16,1,0,native,products,2.7832681274414063e-07,0,0,0,0,0,78465616
float,16,1,0,native,solve,8.4890999999999997e-05,4,10,8,14,3.2914065381477398e-06,0
float,16,1,1,native,products,2.7278747558593752e-07,0,0,0,0,0,78465616
float,16,1,1,native,solve,9.0912e-05,4,10,8,14,3.2914065381477398e-06,0
float,16,1,1,reference,products,2.0975332641601563e-07,0,0,0,0,0,78465616
float,16,1,1,reference,solve,8.0362000000000001e-05,4,10,8,14,3.2914065381477398e-06,0
float,16,1,2,reference,products,2.5281951904296878e-07,0,0,0,0,0,78465616
float,16,1,2,reference,solve,7.9460000000000002e-05,4,10,8,14,3.2914065381477398e-06,0
float,16,1,2,native,products,2.7502038574218748e-07,0,0,0,0,0,78465616
float,16,1,2,native,solve,7.9710999999999996e-05,4,10,8,14,3.2914065381477398e-06,0
float,16,1,3,native,products,2.7201879882812501e-07,0,0,0,0,0,78465616
float,16,1,3,native,solve,7.9530999999999995e-05,4,10,8,14,3.2914065381477398e-06,0
float,16,1,3,reference,products,2.1557550048828126e-07,0,0,0,0,0,78465616
float,16,1,3,reference,solve,7.9641000000000005e-05,4,10,8,14,3.2914065381477398e-06,0
float,16,1,4,reference,products,2.0708224487304688e-07,0,0,0,0,0,78465616
float,16,1,4,reference,solve,7.9300000000000003e-05,4,10,8,14,3.2914065381477398e-06,0
float,16,1,4,native,products,2.8217535400390624e-07,0,0,0,0,0,78465616
float,16,1,4,native,solve,7.9259999999999997e-05,4,10,8,14,3.2914065381477398e-06,0
float,16,1,5,native,products,2.7170046997070313e-07,0,0,0,0,0,78465616
float,16,1,5,native,solve,7.9470999999999999e-05,4,10,8,14,3.2914065381477398e-06,0
float,16,1,5,reference,products,2.1180618286132812e-07,0,0,0,0,0,78465616
float,16,1,5,reference,solve,7.9289999999999995e-05,4,10,8,14,3.2914065381477398e-06,0
float,16,1,6,reference,products,2.1171566772460937e-07,0,0,0,0,0,78465616
float,16,1,6,reference,solve,7.9950999999999994e-05,4,10,8,14,3.2914065381477398e-06,0
float,16,1,6,native,products,2.7422723388671873e-07,0,0,0,0,0,78465616
float,16,1,6,native,solve,9.6482000000000002e-05,4,10,8,14,3.2914065381477398e-06,0
float,16,1,7,native,products,2.7427557373046875e-07,0,0,0,0,0,78465616
float,16,1,7,native,solve,7.9801000000000004e-05,4,10,8,14,3.2914065381477398e-06,0
float,16,1,7,reference,products,2.1374926757812501e-07,0,0,0,0,0,78465616
float,16,1,7,reference,solve,8.0181999999999999e-05,4,10,8,14,3.2914065381477398e-06,0
float,16,1,8,reference,products,2.5164633178710937e-07,0,0,0,0,0,78465616
float,16,1,8,reference,solve,8.0191999999999994e-05,4,10,8,14,3.2914065381477398e-06,0
float,16,1,8,native,products,2.7357629394531248e-07,0,0,0,0,0,78465616
float,16,1,8,native,solve,8.0662999999999997e-05,4,10,8,14,3.2914065381477398e-06,0
float,16,1,9,native,products,2.7265997314453126e-07,0,0,0,0,0,78465616
float,16,1,9,native,solve,8.0130999999999996e-05,4,10,8,14,3.2914065381477398e-06,0
float,16,1,9,reference,products,2.1332974243164061e-07,0,0,0,0,0,78465616
float,16,1,9,reference,solve,8.1525000000000003e-05,4,10,8,14,3.2914065381477398e-06,0
double,16,1,-1,native,profile_operator,3.3735999999999997e-05,7,16,14,23,4.5613717577587319e-10,0
double,16,1,-1,native,profile_preconditioner,0.000103008,7,16,14,23,4.5613717577587319e-10,0
double,16,1,-1,native,profile_total,0.000156367,7,16,14,23,4.5613717577587319e-10,0
double,16,1,-1,reference,profile_operator,3.2901000000000002e-05,7,16,14,23,4.5613717577587319e-10,0
double,16,1,-1,reference,profile_preconditioner,0.00010196500000000002,7,16,14,23,4.5613717577587319e-10,0
double,16,1,-1,reference,profile_total,0.00015300000000000001,7,16,14,23,4.5613717577587319e-10,0
double,16,1,0,reference,products,1.4163360595703125e-07,0,0,0,0,0,78465625.174233173
double,16,1,0,reference,solve,0.00014841100000000001,7,16,14,23,4.5613717577587319e-10,0
double,16,1,0,native,products,2.3532421875e-07,0,0,0,0,0,78465625.174233173
double,16,1,0,native,solve,0.000147379,7,16,14,23,4.5613717577587319e-10,0
double,16,1,1,native,products,2.3444091796875001e-07,0,0,0,0,0,78465625.174233173
double,16,1,1,native,solve,0.00014582700000000001,7,16,14,23,4.5613717577587319e-10,0
double,16,1,1,reference,products,1.4594076538085938e-07,0,0,0,0,0,78465625.174233173
double,16,1,1,reference,solve,0.00014542600000000001,7,16,14,23,4.5613717577587319e-10,0
double,16,1,2,reference,products,1.4046469116210937e-07,0,0,0,0,0,78465625.174233173
double,16,1,2,reference,solve,0.00017276699999999999,7,16,14,23,4.5613717577587319e-10,0
double,16,1,2,native,products,2.3991821289062499e-07,0,0,0,0,0,78465625.174233173
double,16,1,2,native,solve,0.00015030499999999999,7,16,14,23,4.5613717577587319e-10,0
double,16,1,3,native,products,2.3494479370117187e-07,0,0,0,0,0,78465625.174233173
double,16,1,3,native,solve,0.00016320899999999999,7,16,14,23,4.5613717577587319e-10,0
double,16,1,3,reference,products,1.4269641113281249e-07,0,0,0,0,0,78465625.174233173
double,16,1,3,reference,solve,0.000146217,7,16,14,23,4.5613717577587319e-10,0
double,16,1,4,reference,products,1.492362060546875e-07,0,0,0,0,0,78465625.174233173
double,16,1,4,reference,solve,0.000158701,7,16,14,23,4.5613717577587319e-10,0
double,16,1,4,native,products,2.7455838012695313e-07,0,0,0,0,0,78465625.174233173
double,16,1,4,native,solve,0.00014710799999999999,7,16,14,23,4.5613717577587319e-10,0
double,16,1,5,native,products,2.3535723876953126e-07,0,0,0,0,0,78465625.174233173
double,16,1,5,native,solve,0.00015808,7,16,14,23,4.5613717577587319e-10,0
double,16,1,5,reference,products,1.3987551879882812e-07,0,0,0,0,0,78465625.174233173
double,16,1,5,reference,solve,0.00014557599999999999,7,16,14,23,4.5613717577587319e-10,0
double,16,1,6,reference,products,1.401534423828125e-07,0,0,0,0,0,78465625.174233173
double,16,1,6,reference,solve,0.00014524500000000001,7,16,14,23,4.5613717577587319e-10,0
double,16,1,6,native,products,2.3599322509765624e-07,0,0,0,0,0,78465625.174233173
double,16,1,6,native,solve,0.000146518,7,16,14,23,4.5613717577587319e-10,0
double,16,1,7,native,products,2.3385263061523437e-07,0,0,0,0,0,78465625.174233173
double,16,1,7,native,solve,0.00014597699999999999,7,16,14,23,4.5613717577587319e-10,0
double,16,1,7,reference,products,1.3989141845703124e-07,0,0,0,0,0,78465625.174233173
double,16,1,7,reference,solve,0.00014988299999999999,7,16,14,23,4.5613717577587319e-10,0
double,16,1,8,reference,products,1.4110494995117188e-07,0,0,0,0,0,78465625.174233173
double,16,1,8,reference,solve,0.00014509399999999999,7,16,14,23,4.5613717577587319e-10,0
double,16,1,8,native,products,2.3456198120117188e-07,0,0,0,0,0,78465625.174233173
double,16,1,8,native,solve,0.000145766,7,16,14,23,4.5613717577587319e-10,0
double,16,1,9,native,products,2.3583514404296875e-07,0,0,0,0,0,78465625.174233173
double,16,1,9,native,solve,0.000146518,7,16,14,23,4.5613717577587319e-10,0
double,16,1,9,reference,products,1.3887387084960936e-07,0,0,0,0,0,78465625.174233173
double,16,1,9,reference,solve,0.00014529500000000001,7,16,14,23,4.5613717577587319e-10,0
float,16,5,-1,native,profile_operator,4.4064000000000004e-05,4,10,8,14,3.3816904203655107e-06,0
float,16,5,-1,native,profile_preconditioner,8.6972999999999996e-05,4,10,8,14,3.3816904203655107e-06,0
float,16,5,-1,native,profile_total,0.00017805699999999999,4,10,8,14,3.3816904203655107e-06,0
float,16,5,-1,reference,profile_operator,4.0241999999999992e-05,4,10,8,14,3.3816904203655107e-06,0
float,16,5,-1,reference,profile_preconditioner,7.3130999999999988e-05,4,10,8,14,3.3816904203655107e-06,0
float,16,5,-1,reference,profile_total,0.00016576399999999999,4,10,8,14,3.3816904203655107e-06,0
float,16,5,0,reference,products,1.133300167862048e-06,0,0,0,0,0,79192294.665039062
float,16,5,0,reference,solve,0.000130717,4,10,8,14,3.3816904203655107e-06,0
float,16,5,0,native,products,1.2821857164657409e-06,0,0,0,0,0,79192294.665039062
float,16,5,0,native,solve,0.00013196,4,10,8,14,3.3816904203655107e-06,0
float,16,5,1,native,products,1.2957854417823897e-06,0,0,0,0,0,79192294.665039062
float,16,5,1,native,solve,0.00013136800000000001,4,10,8,14,3.3816904203655107e-06,0
float,16,5,1,reference,products,9.6486571036166654e-07,0,0,0,0,0,79192294.665039062
float,16,5,1,reference,solve,0.00013152899999999999,4,10,8,14,3.3816904203655107e-06,0
float,16,5,2,reference,products,9.3743689913016941e-07,0,0,0,0,0,79192294.665039062
float,16,5,2,reference,solve,0.00012718000000000001,4,10,8,14,3.3816904203655107e-06,0
float,16,5,2,native,products,1.2930700442545399e-06,0,0,0,0,0,79192294.665039062
float,16,5,2,native,solve,0.000136408,4,10,8,14,3.3816904203655107e-06,0
float,16,5,3,native,products,1.283323210743171e-06,0,0,0,0,0,79192294.665039062
float,16,5,3,native,solve,0.00012801199999999999,4,10,8,14,3.3816904203655107e-06,0
float,16,5,3,reference,products,9.8785899587974971e-07,0,0,0,0,0,79192294.665039062
float,16,5,3,reference,solve,0.00012785199999999999,4,10,8,14,3.3816904203655107e-06,0
float,16,5,4,reference,products,9.3586677857469861e-07,0,0,0,0,0,79192294.665039062
float,16,5,4,reference,solve,0.00013256100000000001,4,10,8,14,3.3816904203655107e-06,0
float,16,5,4,native,products,1.2775041965511978e-06,0,0,0,0,0,79192294.665039062
float,16,5,4,native,solve,0.000144664,4,10,8,14,3.3816904203655107e-06,0
float,16,5,5,native,products,1.2787427132611019e-06,0,0,0,0,0,79192294.665039062
float,16,5,5,native,solve,0.00012787200000000001,4,10,8,14,3.3816904203655107e-06,0
float,16,5,5,reference,products,9.287129558980619e-07,0,0,0,0,0,79192294.665039062
float,16,5,5,reference,solve,0.000127742,4,10,8,14,3.3816904203655107e-06,0
float,16,5,6,reference,products,9.5234396459636805e-07,0,0,0,0,0,79192294.665039062
float,16,5,6,reference,solve,0.00014358200000000001,4,10,8,14,3.3816904203655107e-06,0
float,16,5,6,native,products,1.2876043033725012e-06,0,0,0,0,0,79192294.665039062
float,16,5,6,native,solve,0.00013512600000000001,4,10,8,14,3.3816904203655107e-06,0
float,16,5,7,native,products,1.5218597588890586e-06,0,0,0,0,0,79192294.665039062
float,16,5,7,native,solve,0.00017803799999999999,4,10,8,14,3.3816904203655107e-06,0
float,16,5,7,reference,products,9.4123317564474289e-07,0,0,0,0,0,79192294.665039062
float,16,5,7,reference,solve,0.00015919099999999999,4,10,8,14,3.3816904203655107e-06,0
float,16,5,8,reference,products,9.3944590264001229e-07,0,0,0,0,0,79192294.665039062
float,16,5,8,reference,solve,0.00012764100000000001,4,10,8,14,3.3816904203655107e-06,0
float,16,5,8,native,products,1.2851808332061651e-06,0,0,0,0,0,79192294.665039062
float,16,5,8,native,solve,0.00012932500000000001,4,10,8,14,3.3816904203655107e-06,0
float,16,5,9,native,products,1.2937244010376926e-06,0,0,0,0,0,79192294.665039062
float,16,5,9,native,solve,0.00012816300000000001,4,10,8,14,3.3816904203655107e-06,0
float,16,5,9,reference,products,9.3800259423164958e-07,0,0,0,0,0,79192294.665039062
float,16,5,9,reference,solve,0.000129405,4,10,8,14,3.3816904203655107e-06,0
double,16,5,-1,native,profile_operator,6.5955000000000015e-05,7,16,14,23,5.6037012670773305e-10,0
double,16,5,-1,native,profile_preconditioner,0.00014073800000000001,7,16,14,23,5.6037012670773305e-10,0
double,16,5,-1,native,profile_total,0.00030534799999999999,7,16,14,23,5.6037012670773305e-10,0
double,16,5,-1,reference,profile_operator,6.4572999999999993e-05,7,16,14,23,5.6037012670773305e-10,0
double,16,5,-1,reference,profile_preconditioner,0.000139054,7,16,14,23,5.6037012670773305e-10,0
double,16,5,-1,reference,profile_total,0.00028692300000000002,7,16,14,23,5.6037012670773305e-10,0
double,16,5,0,reference,products,6.268470929345338e-07,0,0,0,0,0,79192302.082384101
double,16,5,0,reference,solve,0.00027816700000000001,7,16,14,23,5.6037012670773305e-10,0
double,16,5,0,native,products,1.1030383030672974e-06,0,0,0,0,0,79192302.082384101
double,16,5,0,native,solve,0.00025489300000000001,7,16,14,23,5.6037012670773305e-10,0
double,16,5,1,native,products,1.0930988860064092e-06,0,0,0,0,0,79192302.082384101
double,16,5,1,native,solve,0.000231198,7,16,14,23,5.6037012670773305e-10,0
double,16,5,1,reference,products,6.4036899130169387e-07,0,0,0,0,0,79192302.082384101
double,16,5,1,reference,solve,0.000260673,7,16,14,23,5.6037012670773305e-10,0
double,16,5,2,reference,products,6.6260857622462985e-07,0,0,0,0,0,79192302.082384101
double,16,5,2,reference,solve,0.00022620800000000001,7,16,14,23,5.6037012670773305e-10,0
double,16,5,2,native,products,1.0900057988707461e-06,0,0,0,0,0,79192302.082384101
double,16,5,2,native,solve,0.00023186999999999999,7,16,14,23,5.6037012670773305e-10,0
double,16,5,3,native,products,1.0911004120250267e-06,0,0,0,0,0,79192302.082384101
double,16,5,3,native,solve,0.00023116799999999999,7,16,14,23,5.6037012670773305e-10,0
double,16,5,3,reference,products,8.357747596520678e-07,0,0,0,0,0,79192302.082384101
double,16,5,3,reference,solve,0.00022887299999999999,7,16,14,23,5.6037012670773305e-10,0
double,16,5,4,reference,products,6.2729528460247215e-07,0,0,0,0,0,79192302.082384101
double,16,5,4,reference,solve,0.000244033,7,16,14,23,5.6037012670773305e-10,0
double,16,5,4,native,products,1.0929290401342897e-06,0,0,0,0,0,79192302.082384101
double,16,5,4,native,solve,0.000232671,7,16,14,23,5.6037012670773305e-10,0
double,16,5,5,native,products,1.0918390050358615e-06,0,0,0,0,0,79192302.082384101
double,16,5,5,native,solve,0.000252699,7,16,14,23,5.6037012670773305e-10,0
double,16,5,5,reference,products,6.2701236075080115e-07,0,0,0,0,0,79192302.082384101
double,16,5,5,reference,solve,0.000227681,7,16,14,23,5.6037012670773305e-10,0
double,16,5,6,reference,products,6.3300885090798103e-07,0,0,0,0,0,79192302.082384101
double,16,5,6,reference,solve,0.0002477,7,16,14,23,5.6037012670773305e-10,0
double,16,5,6,native,products,1.0866406226155959e-06,0,0,0,0,0,79192302.082384101
double,16,5,6,native,solve,0.000231158,7,16,14,23,5.6037012670773305e-10,0
double,16,5,7,native,products,1.0844222493514421e-06,0,0,0,0,0,79192302.082384101
double,16,5,7,native,solve,0.00023592700000000001,7,16,14,23,5.6037012670773305e-10,0
double,16,5,7,reference,products,6.4240088509079803e-07,0,0,0,0,0,79192302.082384101
double,16,5,7,reference,solve,0.00022776200000000001,7,16,14,23,5.6037012670773305e-10,0
double,16,5,8,reference,products,6.3005035861437505e-07,0,0,0,0,0,79192302.082384101
double,16,5,8,reference,solve,0.00024290999999999999,7,16,14,23,5.6037012670773305e-10,0
double,16,5,8,native,products,1.0991303219899282e-06,0,0,0,0,0,79192302.082384101
double,16,5,8,native,solve,0.000234925,7,16,14,23,5.6037012670773305e-10,0
double,16,5,9,native,products,1.1014375095376164e-06,0,0,0,0,0,79192302.082384101
double,16,5,9,native,solve,0.00027097299999999998,7,16,14,23,5.6037012670773305e-10,0
double,16,5,9,reference,products,6.2666061345948417e-07,0,0,0,0,0,79192302.082384101
double,16,5,9,reference,solve,0.00022760099999999999,7,16,14,23,5.6037012670773305e-10,0
float,16,1296,-1,native,profile_operator,0.0048075850000000005,4,10,8,14,6.7133383752071177e-06,0
float,16,1296,-1,native,profile_preconditioner,0.008458298999999999,4,10,8,14,6.7133383752071177e-06,0
float,16,1296,-1,native,profile_total,0.026971292000000001,4,10,8,14,6.7133383752071177e-06,0
float,16,1296,-1,reference,profile_operator,0.0045386549999999999,4,10,8,14,6.7133383752071177e-06,0
float,16,1296,-1,reference,profile_preconditioner,0.0076800129999999994,4,10,8,14,6.7133383752071177e-06,0
float,16,1296,-1,reference,profile_total,0.023208776,4,10,8,14,6.7133383752071177e-06,0
float,16,1296,0,reference,products,0.00024340379999999998,0,0,0,0,0,80810075
float,16,1296,0,reference,solve,0.017011157999999998,4,10,8,14,6.7133383752071177e-06,0
float,16,1296,0,native,products,0.00033697579999999999,0,0,0,0,0,80810075
float,16,1296,0,native,solve,0.017176191,4,10,8,14,6.7133383752071177e-06,0
float,16,1296,1,native,products,0.00033920199999999998,0,0,0,0,0,80810075
float,16,1296,1,native,solve,0.018424676000000001,4,10,8,14,6.7133383752071177e-06,0
float,16,1296,1,reference,products,0.00024481488,0,0,0,0,0,80810075
float,16,1296,1,reference,solve,0.017454306999999999,4,10,8,14,6.7133383752071177e-06,0
float,16,1296,2,reference,products,0.00025458336000000004,0,0,0,0,0,80810075
float,16,1296,2,reference,solve,0.017864745000000001,4,10,8,14,6.7133383752071177e-06,0
float,16,1296,2,native,products,0.00033110672000000001,0,0,0,0,0,80810075
float,16,1296,2,native,solve,0.019667489,4,10,8,14,6.7133383752071177e-06,0
float,16,1296,3,native,products,0.00034046564000000002,0,0,0,0,0,80810075
float,16,1296,3,native,solve,0.018141078000000001,4,10,8,14,6.7133383752071177e-06,0
float,16,1296,3,reference,products,0.00023724051999999998,0,0,0,0,0,80810075
float,16,1296,3,reference,solve,0.019153976999999999,4,10,8,14,6.7133383752071177e-06,0
float,16,1296,4,reference,products,0.00024151944000000002,0,0,0,0,0,80810075
float,16,1296,4,reference,solve,0.01896047,4,10,8,14,6.7133383752071177e-06,0
float,16,1296,4,native,products,0.00034084916000000001,0,0,0,0,0,80810075
float,16,1296,4,native,solve,0.018275672999999999,4,10,8,14,6.7133383752071177e-06,0
float,16,1296,5,native,products,0.00035068095999999998,0,0,0,0,0,80810075
float,16,1296,5,native,solve,0.017298572000000002,4,10,8,14,6.7133383752071177e-06,0
float,16,1296,5,reference,products,0.00024816603999999997,0,0,0,0,0,80810075
float,16,1296,5,reference,solve,0.019189202999999998,4,10,8,14,6.7133383752071177e-06,0
float,16,1296,6,reference,products,0.00024094555999999999,0,0,0,0,0,80810075
float,16,1296,6,reference,solve,0.017867569999999999,4,10,8,14,6.7133383752071177e-06,0
float,16,1296,6,native,products,0.00033986767999999998,0,0,0,0,0,80810075
float,16,1296,6,native,solve,0.018056928,4,10,8,14,6.7133383752071177e-06,0
float,16,1296,7,native,products,0.00033290611999999995,0,0,0,0,0,80810075
float,16,1296,7,native,solve,0.016935604999999999,4,10,8,14,6.7133383752071177e-06,0
float,16,1296,7,reference,products,0.00024224359999999999,0,0,0,0,0,80810075
float,16,1296,7,reference,solve,0.018657114999999998,4,10,8,14,6.7133383752071177e-06,0
float,16,1296,8,reference,products,0.00024292408000000003,0,0,0,0,0,80810075
float,16,1296,8,reference,solve,0.018814332999999999,4,10,8,14,6.7133383752071177e-06,0
float,16,1296,8,native,products,0.00034743844000000002,0,0,0,0,0,80810075
float,16,1296,8,native,solve,0.022497086999999999,4,10,8,14,6.7133383752071177e-06,0
float,16,1296,9,native,products,0.00033962279999999998,0,0,0,0,0,80810075
float,16,1296,9,native,solve,0.019153495,4,10,8,14,6.7133383752071177e-06,0
float,16,1296,9,reference,products,0.00026942547999999998,0,0,0,0,0,80810075
float,16,1296,9,reference,solve,0.018125738999999998,4,10,8,14,6.7133383752071177e-06,0
double,16,1296,-1,native,profile_operator,0.020771219,7,16,14,24,2.8102878011790435e-10,0
double,16,1296,-1,native,profile_preconditioner,0.038593504999999993,7,16,14,24,2.8102878011790435e-10,0
double,16,1296,-1,native,profile_total,0.089533019000000005,7,16,14,24,2.8102878011790435e-10,0
double,16,1296,-1,reference,profile_operator,0.019793858999999997,7,16,14,24,2.8102878011790435e-10,0
double,16,1296,-1,reference,profile_preconditioner,0.042903008000000006,7,16,14,24,2.8102878011790435e-10,0
double,16,1296,-1,reference,profile_total,0.089719012000000001,7,16,14,24,2.8102878011790435e-10,0
double,16,1296,0,reference,products,0.00016798136000000001,0,0,0,0,0,80810078.788519325
double,16,1296,0,reference,solve,0.074652487000000003,7,16,14,24,2.8102878011790435e-10,0
double,16,1296,0,native,products,0.00030122927999999999,0,0,0,0,0,80810078.788519325
double,16,1296,0,native,solve,0.074913592000000001,7,16,14,24,2.8102878011790435e-10,0
double,16,1296,1,native,products,0.00031457060000000001,0,0,0,0,0,80810078.788519325
double,16,1296,1,native,solve,0.074151488000000002,7,16,14,24,2.8102878011790435e-10,0
double,16,1296,1,reference,products,0.00020201059999999999,0,0,0,0,0,80810078.788519325
double,16,1296,1,reference,solve,0.070971004000000004,7,16,14,24,2.8102878011790435e-10,0
double,16,1296,2,reference,products,0.00022992788,0,0,0,0,0,80810078.788519325
double,16,1296,2,reference,solve,0.071387833999999997,7,16,14,24,2.8102878011790435e-10,0
double,16,1296,2,native,products,0.00028903580000000004,0,0,0,0,0,80810078.788519325
double,16,1296,2,native,solve,0.071989371999999996,7,16,14,24,2.8102878011790435e-10,0
double,16,1296,3,native,products,0.00029012063999999998,0,0,0,0,0,80810078.788519325
double,16,1296,3,native,solve,0.072607794000000003,7,16,14,24,2.8102878011790435e-10,0
double,16,1296,3,reference,products,0.00019098172,0,0,0,0,0,80810078.788519325
double,16,1296,3,reference,solve,0.069538872000000002,7,16,14,24,2.8102878011790435e-10,0
double,16,1296,4,reference,products,0.00023881027999999999,0,0,0,0,0,80810078.788519325
double,16,1296,4,reference,solve,0.073895411999999994,7,16,14,24,2.8102878011790435e-10,0
double,16,1296,4,native,products,0.00031632147999999998,0,0,0,0,0,80810078.788519325
double,16,1296,4,native,solve,0.07587373,7,16,14,24,2.8102878011790435e-10,0
double,16,1296,5,native,products,0.00029838951999999996,0,0,0,0,0,80810078.788519325
double,16,1296,5,native,solve,0.073835638999999995,7,16,14,24,2.8102878011790435e-10,0
double,16,1296,5,reference,products,0.00019305283999999999,0,0,0,0,0,80810078.788519325
double,16,1296,5,reference,solve,0.073979491999999994,7,16,14,24,2.8102878011790435e-10,0
double,16,1296,6,reference,products,0.00017228552,0,0,0,0,0,80810078.788519325
double,16,1296,6,reference,solve,0.07115929,7,16,14,24,2.8102878011790435e-10,0
double,16,1296,6,native,products,0.00030044300000000001,0,0,0,0,0,80810078.788519325
double,16,1296,6,native,solve,0.072460584999999994,7,16,14,24,2.8102878011790435e-10,0
double,16,1296,7,native,products,0.00028669015999999999,0,0,0,0,0,80810078.788519325
double,16,1296,7,native,solve,0.072474130999999997,7,16,14,24,2.8102878011790435e-10,0
double,16,1296,7,reference,products,0.00016766472000000001,0,0,0,0,0,80810078.788519325
double,16,1296,7,reference,solve,0.074120369000000005,7,16,14,24,2.8102878011790435e-10,0
double,16,1296,8,reference,products,0.00017611835999999998,0,0,0,0,0,80810078.788519325
double,16,1296,8,reference,solve,0.073352723999999994,7,16,14,24,2.8102878011790435e-10,0
double,16,1296,8,native,products,0.0002895552,0,0,0,0,0,80810078.788519325
double,16,1296,8,native,solve,0.072607251999999997,7,16,14,24,2.8102878011790435e-10,0
double,16,1296,9,native,products,0.00028676911999999999,0,0,0,0,0,80810078.788519325
double,16,1296,9,native,solve,0.072714576000000003,7,16,14,24,2.8102878011790435e-10,0
double,16,1296,9,reference,products,0.00018207643999999999,0,0,0,0,0,80810078.788519325
double,16,1296,9,reference,solve,0.075454895999999994,7,16,14,24,2.8102878011790435e-10,0
