[t14s:623747] MCW rank 0 bound to socket 0[core 0[hwt 0-1]]: [BB/../../../../../../..]
[t14s:623747] MCW rank 1 bound to socket 0[core 1[hwt 0-1]]: [../BB/../../../../../..]
[t14s:623747] MCW rank 2 bound to socket 0[core 2[hwt 0-1]]: [../../BB/../../../../..]
[t14s:623747] MCW rank 3 bound to socket 0[core 3[hwt 0-1]]: [../../../BB/../../../..]
ww-x 9c0befac-dirty (built 2026-09-13T18:18:02Z)
Domain Decomping using repart
Domain nNodes nGhosts ghosts% total% chunk%
0 444 60 13.513513565063477 24.971878051757812 100
1 445 67 15.056180000305176 25.028121948242188 100.22522735595703
2 444 40 9.0090093612670898 24.971878051757812 100
3 445 41 9.2134828567504883 25.028121948242188 100.22522735595703

Max neighbor domain 2
nThreads minNodes maxNodes meanNodes minGhosts maxGhosts meanGhosts minNeighbors maxNeighbors meanNeighbors
4 444 445 444.5 40 67 52 2 3 2.5
Solver: solver_type=22, rtol=1e-08, maxiter=1000, check_interval=1, omega=1
Filling 3D look-up table for SIN4. please wait...

╔════════════════════════════════════════════════════════════════╗
║             TRITON-C Wave Model - Time Integration            ║
╚════════════════════════════════════════════════════════════════╝

  Configuration:
    • Timesteps:  6 × 600s = 1.0 hours
    • Grid:       1778 nodes, 36 frequencies, 36 directions
    • MPI ranks:  4
    • Solver:     solver_type=22

IT=    0/6 (  0%)  t=0.0h
  Matrix: RHS=6.58e+01, DIAG=2.27e+09
OWT-Krylov: 4 iterations, true_rel_residual=4.46773100e-09, linear_rel_residual=4.467731e-09, projected_entries=0, state=pre_physics_limiters, step=0, status=converged, operator_apps=10, preconditioner_apps=8, reductions=14, spatial_seconds=0.045168966, spectral_seconds=0.013970789, preconditioner_seconds=0.04854634, update=0.007306307 s, solve=0.17050609 s
  After solver - owned action sum: 7.74727810e-02
nbIter = 4
nConverged 0 0
OWT-Krylov: 28 iterations, true_rel_residual=9.13975098e-11, linear_rel_residual=9.139751e-11, projected_entries=0, state=pre_physics_limiters, step=1, status=converged, operator_apps=58, preconditioner_apps=56, reductions=86, spatial_seconds=0.26057832, spectral_seconds=0.07226427, preconditioner_seconds=0.34761981, update=0.002328562 s, solve=0.94074422 s
nbIter = 28
nConverged 0 0
OWT-Krylov: 26 iterations, true_rel_residual=3.01118011e-09, linear_rel_residual=3.0111801e-09, projected_entries=0, state=pre_physics_limiters, step=2, status=converged, operator_apps=54, preconditioner_apps=52, reductions=80, spatial_seconds=0.25183662, spectral_seconds=0.068387221, preconditioner_seconds=0.32140653, update=0.002340033 s, solve=0.87059323 s
nbIter = 26
nConverged 0 0
OWT-Krylov: 25 iterations, true_rel_residual=9.72118419e-09, linear_rel_residual=9.7211842e-09, projected_entries=0, state=pre_physics_limiters, step=3, status=converged, operator_apps=52, preconditioner_apps=50, reductions=78, spatial_seconds=0.25244764, spectral_seconds=0.069397814, preconditioner_seconds=0.32648212, update=0.002240898 s, solve=0.88390359 s
nbIter = 25
nConverged 0 0
OWT-Krylov: 25 iterations, true_rel_residual=9.36925766e-09, linear_rel_residual=9.3692577e-09, projected_entries=0, state=pre_physics_limiters, step=4, status=converged, operator_apps=52, preconditioner_apps=50, reductions=77, spatial_seconds=0.24951679, spectral_seconds=0.068351565, preconditioner_seconds=0.31557003, update=0.002085266 s, solve=0.86239333 s
nbIter = 25
nConverged 0 0
OWT-Krylov: 24 iterations, true_rel_residual=9.72698039e-09, linear_rel_residual=9.7269804e-09, projected_entries=0, state=pre_physics_limiters, step=5, status=converged, operator_apps=50, preconditioner_apps=48, reductions=74, spatial_seconds=0.26372734, spectral_seconds=0.069773981, preconditioner_seconds=0.31015007, update=0.002426035 s, solve=0.86464412 s
nbIter = 24
nConverged 0 0
Timings:
FKM       : 0.1833 +- 0.004442 sec 3.379 %
Sources   : 0.4356 +- 0.02669 sec 8.028 %
  SPR     : 0.05221 sec 0.9621 %
  SIN4    : 0.07948 sec 1.465 %
  SDS4    : 0.1985 sec 3.659 %
  FMEANWS : 0.005189 sec 0.09562 %
  SINLIN  : 0.007563 sec 0.1394 %
  SBREAK  : 0.00749 sec 0.138 %
  SNL4    : 0.0001012 sec 0.001864 %
Solver    : 4.712 +- 0.0311 sec 86.84 %
Limiter   : 0.02574 +- 0.0009668 sec 0.4744 %
Sources Post: 0.05393 +- 0.00338 sec 0.9938 %
Rest      : 0.01552 sec
Timestep  : 5.426 sec

Integration wall seconds: 5.4264788309999998

Simulation complete.
wwx reached the end of a computation loop at 20:19:20
Initialization time : 10.85 s
Elapsed time        : 16.30 s
Simulated time      : 3600.00 s
