[t14s:620296] MCW rank 1 bound to socket 0[core 1[hwt 0-1]]: [../BB/../../../../../..]
[t14s:620296] MCW rank 2 bound to socket 0[core 2[hwt 0-1]]: [../../BB/../../../../..]
[t14s:620296] MCW rank 3 bound to socket 0[core 3[hwt 0-1]]: [../../../BB/../../../..]
[t14s:620296] MCW rank 0 bound to socket 0[core 0[hwt 0-1]]: [BB/../../../../../../..]
ww-x 9c0befac-dirty (built 2026-09-13T18:06:15Z)
Domain Decomping using repart
Domain nNodes nGhosts ghosts% total% chunk%
0 444 60 13.513513565063477 24.971878051757812 100
1 445 67 15.056180000305176 25.028121948242188 100.22522735595703
2 444 40 9.0090093612670898 24.971878051757812 100
3 445 41 9.2134828567504883 25.028121948242188 100.22522735595703

Max neighbor domain 2
nThreads minNodes maxNodes meanNodes minGhosts maxGhosts meanGhosts minNeighbors maxNeighbors meanNeighbors
4 444 445 444.5 40 67 52 2 3 2.5
Solver: solver_type=22, rtol=1e-08, maxiter=1000, check_interval=1, omega=1
Filling 3D look-up table for SIN4. please wait...

╔════════════════════════════════════════════════════════════════╗
║             TRITON-C Wave Model - Time Integration            ║
╚════════════════════════════════════════════════════════════════╝

  Configuration:
    • Timesteps:  36 × 600s = 6.0 hours
    • Grid:       1778 nodes, 36 frequencies, 36 directions
    • MPI ranks:  4
    • Solver:     solver_type=22

IT=    0/36 (  0%)  t=0.0h
  Matrix: RHS=6.58e+01, DIAG=2.27e+09
OWT-Krylov: 4 iterations, true_rel_residual=4.46773100e-09, linear_rel_residual=4.467731e-09, projected_entries=0, state=pre_physics_limiters, step=0, status=converged, operator_apps=10, preconditioner_apps=8, reductions=14, spatial_seconds=0.060132896, spectral_seconds=0.015138147, preconditioner_seconds=0.050628372, update=0.009531062 s, solve=0.19265138 s
  After solver - owned action sum: 7.74727810e-02
nbIter = 4
nConverged 0 0
OWT-Krylov: 28 iterations, true_rel_residual=9.13975098e-11, linear_rel_residual=9.139751e-11, projected_entries=0, state=pre_physics_limiters, step=1, status=converged, operator_apps=58, preconditioner_apps=56, reductions=86, spatial_seconds=0.29971825, spectral_seconds=0.067975625, preconditioner_seconds=0.362462, update=0.002226066 s, solve=1.0237143 s
nbIter = 28
nConverged 0 0
OWT-Krylov: 26 iterations, true_rel_residual=3.01118011e-09, linear_rel_residual=3.0111801e-09, projected_entries=0, state=pre_physics_limiters, step=2, status=converged, operator_apps=54, preconditioner_apps=52, reductions=80, spatial_seconds=0.24401864, spectral_seconds=0.057553883, preconditioner_seconds=0.33327198, update=0.004234674 s, solve=0.92875977 s
nbIter = 26
nConverged 0 0
OWT-Krylov: 25 iterations, true_rel_residual=9.72118419e-09, linear_rel_residual=9.7211842e-09, projected_entries=0, state=pre_physics_limiters, step=3, status=converged, operator_apps=52, preconditioner_apps=50, reductions=78, spatial_seconds=0.23360331, spectral_seconds=0.054062624, preconditioner_seconds=0.31965182, update=0.002007825 s, solve=0.90495011 s
nbIter = 25
nConverged 0 0
OWT-Krylov: 25 iterations, true_rel_residual=9.36925766e-09, linear_rel_residual=9.3692577e-09, projected_entries=0, state=pre_physics_limiters, step=4, status=converged, operator_apps=52, preconditioner_apps=50, reductions=77, spatial_seconds=0.24108228, spectral_seconds=0.056539127, preconditioner_seconds=0.32414325, update=0.002182014 s, solve=0.90980741 s
nbIter = 25
nConverged 0 0
OWT-Krylov: 24 iterations, true_rel_residual=9.72698039e-09, linear_rel_residual=9.7269804e-09, projected_entries=0, state=pre_physics_limiters, step=5, status=converged, operator_apps=50, preconditioner_apps=48, reductions=74, spatial_seconds=0.23033849, spectral_seconds=0.054340056, preconditioner_seconds=0.30915063, update=0.002202863 s, solve=0.87722062 s
nbIter = 24
nConverged 0 0
Timings:
FKM       : 0.1891 +- 0.006757 sec 3.325 %
Sources   : 0.4501 +- 0.01978 sec 7.912 %
  SPR     : 0.0527 sec 0.9264 %
  SIN4    : 0.08013 sec 1.409 %
  SDS4    : 0.1994 sec 3.506 %
  FMEANWS : 0.005222 sec 0.09179 %
  SINLIN  : 0.007657 sec 0.1346 %
  SBREAK  : 0.007499 sec 0.1318 %
  SNL4    : 0.0001017 sec 0.001787 %
Solver    : 4.95 +- 0.02206 sec 87.01 %
Limiter   : 0.02634 +- 0.0006974 sec 0.463 %
Sources Post: 0.05627 +- 0.002998 sec 0.9892 %
Rest      : 0.01724 sec
Timestep  : 5.689 sec

IT=    6/36 ( 16%)  t=1.0h speedup=632.8x
OWT-Krylov: 24 iterations, true_rel_residual=3.76769204e-09, linear_rel_residual=3.767692e-09, projected_entries=0, state=pre_physics_limiters, step=6, status=converged, operator_apps=50, preconditioner_apps=48, reductions=74, spatial_seconds=0.25814148, spectral_seconds=0.069680581, preconditioner_seconds=0.33200863, update=0.002338828 s, solve=0.95009877 s
nbIter = 24
nConverged 0 0
OWT-Krylov: 23 iterations, true_rel_residual=9.32646271e-09, linear_rel_residual=9.3264627e-09, projected_entries=0, state=pre_physics_limiters, step=7, status=converged, operator_apps=48, preconditioner_apps=46, reductions=72, spatial_seconds=0.2217792, spectral_seconds=0.051333217, preconditioner_seconds=0.29790957, update=0.001966097 s, solve=0.84701471 s
nbIter = 23
nConverged 0 0
OWT-Krylov: 23 iterations, true_rel_residual=9.07838950e-09, linear_rel_residual=9.0783895e-09, projected_entries=0, state=pre_physics_limiters, step=8, status=converged, operator_apps=48, preconditioner_apps=46, reductions=71, spatial_seconds=0.22736862, spectral_seconds=0.051636931, preconditioner_seconds=0.29767522, update=0.002027512 s, solve=0.8743153 s
nbIter = 23
nConverged 0 0
Wave action roundoff projection: entries=1982 maximum_allowed=7.348875e-17
OWT-Krylov: 23 iterations, true_rel_residual=6.55990892e-09, linear_rel_residual=6.5599089e-09, projected_entries=1982, state=pre_physics_limiters, step=9, status=converged, operator_apps=49, preconditioner_apps=46, reductions=73, spatial_seconds=0.2222637, spectral_seconds=0.053814485, preconditioner_seconds=0.29947063, update=0.002005621 s, solve=0.86745054 s
nbIter = 23
nConverged 0 0
Wave action roundoff projection: entries=790 maximum_allowed=8.441113e-17
OWT-Krylov: 23 iterations, true_rel_residual=4.66526477e-09, linear_rel_residual=4.6652648e-09, projected_entries=790, state=pre_physics_limiters, step=10, status=converged, operator_apps=49, preconditioner_apps=46, reductions=73, spatial_seconds=0.22761966, spectral_seconds=0.061113883, preconditioner_seconds=0.30690608, update=0.002360149 s, solve=0.84730354 s
  After solver - owned action sum: 9.56012928e+01
nbIter = 23
nConverged 0 0
Wave action roundoff projection: entries=170 maximum_allowed=9.7229034e-17
OWT-Krylov: 23 iterations, true_rel_residual=3.31755591e-09, linear_rel_residual=3.3175559e-09, projected_entries=170, state=pre_physics_limiters, step=11, status=converged, operator_apps=49, preconditioner_apps=46, reductions=73, spatial_seconds=0.21822658, spectral_seconds=0.048507077, preconditioner_seconds=0.29130421, update=0.002210858 s, solve=0.82931799 s
nbIter = 23
nConverged 0 0
Timings:
FKM       : 0.1898 +- 0.002425 sec 3.125 %
Sources   : 0.4356 +- 0.03028 sec 7.173 %
  SPR     : 0.03321 sec 0.5469 %
  SIN4    : 0.08103 sec 1.334 %
  SDS4    : 0.2202 sec 3.626 %
  FMEANWS : 0.0053 sec 0.08727 %
  SINLIN  : 0.007589 sec 0.125 %
  SBREAK  : 0.007498 sec 0.1235 %
  SNL4    : 0.0001015 sec 0.001671 %
Solver    : 5.34 +- 0.03211 sec 87.94 %
Limiter   : 0.02839 +- 0.0009616 sec 0.4675 %
Sources Post: 0.06155 +- 0.003594 sec 1.014 %
Rest      : 0.01673 sec
Timestep  : 6.073 sec

IT=   12/36 ( 33%)  t=2.0h speedup=592.8x
Wave action roundoff projection: entries=10 maximum_allowed=0.0
OWT-Krylov: 22 iterations, true_rel_residual=7.03998902e-09, linear_rel_residual=7.039989e-09, projected_entries=10, state=pre_physics_limiters, step=12, status=converged, operator_apps=47, preconditioner_apps=44, reductions=71, spatial_seconds=0.21250505, spectral_seconds=0.046207052, preconditioner_seconds=0.28046435, update=0.002157547 s, solve=0.81001049 s
nbIter = 22
nConverged 0 0
OWT-Krylov: 22 iterations, true_rel_residual=7.55836760e-09, linear_rel_residual=7.5583676e-09, projected_entries=0, state=pre_physics_limiters, step=13, status=converged, operator_apps=46, preconditioner_apps=44, reductions=68, spatial_seconds=0.21119005, spectral_seconds=0.047284033, preconditioner_seconds=0.28441632, update=0.002150955 s, solve=0.82137239 s
nbIter = 22
nConverged 0 0
OWT-Krylov: 22 iterations, true_rel_residual=2.17204493e-09, linear_rel_residual=2.1720449e-09, projected_entries=0, state=pre_physics_limiters, step=14, status=converged, operator_apps=46, preconditioner_apps=44, reductions=68, spatial_seconds=0.21392816, spectral_seconds=0.051087793, preconditioner_seconds=0.28978425, update=0.002123333 s, solve=0.82232325 s
nbIter = 22
nConverged 0 0
OWT-Krylov: 21 iterations, true_rel_residual=8.42198002e-09, linear_rel_residual=8.42198e-09, projected_entries=0, state=pre_physics_limiters, step=15, status=converged, operator_apps=44, preconditioner_apps=42, reductions=66, spatial_seconds=0.23402088, spectral_seconds=0.062624786, preconditioner_seconds=0.28150221, update=0.002225565 s, solve=0.77494884 s
nbIter = 21
nConverged 0 0
OWT-Krylov: 21 iterations, true_rel_residual=4.31064309e-09, linear_rel_residual=4.3106431e-09, projected_entries=0, state=pre_physics_limiters, step=16, status=converged, operator_apps=44, preconditioner_apps=42, reductions=65, spatial_seconds=0.2622157, spectral_seconds=0.063717432, preconditioner_seconds=0.27880705, update=0.002319552 s, solve=0.79906111 s
nbIter = 21
nConverged 0 0
OWT-Krylov: 21 iterations, true_rel_residual=2.76745568e-09, linear_rel_residual=2.7674557e-09, projected_entries=0, state=pre_physics_limiters, step=17, status=converged, operator_apps=44, preconditioner_apps=42, reductions=65, spatial_seconds=0.26663815, spectral_seconds=0.060104124, preconditioner_seconds=0.27595502, update=0.002142148 s, solve=0.80011491 s
nbIter = 21
nConverged 0 0
Timings:
FKM       : 0.1893 +- 0.004556 sec 3.343 %
Sources   : 0.4449 +- 0.02524 sec 7.856 %
  SPR     : 0.03392 sec 0.599 %
  SIN4    : 0.08304 sec 1.466 %
  SDS4    : 0.2294 sec 4.051 %
  FMEANWS : 0.005449 sec 0.09621 %
  SINLIN  : 0.007693 sec 0.1358 %
  SBREAK  : 0.007727 sec 0.1364 %
  SNL4    : 0.0001026 sec 0.001812 %
Solver    : 4.929 +- 0.02728 sec 87.02 %
Limiter   : 0.02665 +- 0.001045 sec 0.4705 %
Sources Post: 0.05718 +- 0.002751 sec 1.01 %
Rest      : 0.01701 sec
Timestep  : 5.664 sec

IT=   18/36 ( 50%)  t=3.0h speedup=635.6x
OWT-Krylov: 21 iterations, true_rel_residual=1.67593410e-09, linear_rel_residual=1.6759341e-09, projected_entries=0, state=pre_physics_limiters, step=18, status=converged, operator_apps=44, preconditioner_apps=42, reductions=65, spatial_seconds=0.2089604, spectral_seconds=0.049935493, preconditioner_seconds=0.27658339, update=0.002130356 s, solve=0.78362032 s
nbIter = 21
nConverged 0 0
OWT-Krylov: 21 iterations, true_rel_residual=1.14741531e-09, linear_rel_residual=1.1474153e-09, projected_entries=0, state=pre_physics_limiters, step=19, status=converged, operator_apps=44, preconditioner_apps=42, reductions=65, spatial_seconds=0.84860763, spectral_seconds=0.27393004, preconditioner_seconds=1.1113246, update=0.002203534 s, solve=3.1024543 s
nbIter = 21
nConverged 0 0
OWT-Krylov: 21 iterations, true_rel_residual=1.12304346e-09, linear_rel_residual=1.1230435e-09, projected_entries=0, state=pre_physics_limiters, step=20, status=converged, operator_apps=44, preconditioner_apps=42, reductions=65, spatial_seconds=1.0637325, spectral_seconds=0.34913706, preconditioner_seconds=1.3466764, update=0.00834917 s, solve=3.8748001 s
  After solver - owned action sum: 1.26412737e+02
nbIter = 21
nConverged 0 0
OWT-Krylov: 19 iterations, true_rel_residual=7.24658544e-09, linear_rel_residual=7.2465854e-09, projected_entries=0, state=pre_physics_limiters, step=21, status=converged, operator_apps=40, preconditioner_apps=38, reductions=59, spatial_seconds=0.96561025, spectral_seconds=0.29201978, preconditioner_seconds=1.1741953, update=0.009543486 s, solve=3.4400383 s
nbIter = 19
nConverged 0 0
OWT-Krylov: 18 iterations, true_rel_residual=6.85226494e-09, linear_rel_residual=6.8522649e-09, projected_entries=0, state=pre_physics_limiters, step=22, status=converged, operator_apps=38, preconditioner_apps=36, reductions=56, spatial_seconds=0.93763105, spectral_seconds=0.29282916, preconditioner_seconds=1.1750131, update=0.008223324 s, solve=3.3987964 s
nbIter = 18
nConverged 0 0
OWT-Krylov: 17 iterations, true_rel_residual=8.01218353e-09, linear_rel_residual=8.0121835e-09, projected_entries=0, state=pre_physics_limiters, step=23, status=converged, operator_apps=36, preconditioner_apps=34, reductions=54, spatial_seconds=0.81958549, spectral_seconds=0.25312689, preconditioner_seconds=0.99391204, update=0.008516154 s, solve=2.8728469 s
nbIter = 17
nConverged 0 0
Timings:
FKM       : 0.7482 +- 0.03023 sec 3.461 %
Sources   : 2.202 +- 0.06908 sec 10.19 %
  SPR     : 0.1565 sec 0.7242 %
  SIN4    : 0.4051 sec 1.874 %
  SDS4    : 1.141 sec 5.279 %
  FMEANWS : 0.02693 sec 0.1246 %
  SINLIN  : 0.03328 sec 0.154 %
  SBREAK  : 0.03546 sec 0.1641 %
  SNL4    : 0.0004221 sec 0.001953 %
Solver    : 18.14 +- 0.08588 sec 83.92 %
Limiter   : 0.134 +- 0.004557 sec 0.6201 %
Sources Post: 0.3103 +- 0.01694 sec 1.436 %
Rest      : 0.08039 sec
Timestep  : 21.61 sec

IT=   24/36 ( 66%)  t=4.0h speedup=166.6x
OWT-Krylov: 17 iterations, true_rel_residual=8.47902802e-09, linear_rel_residual=8.479028e-09, projected_entries=0, state=pre_physics_limiters, step=24, status=converged, operator_apps=36, preconditioner_apps=34, reductions=53, spatial_seconds=0.80343379, spectral_seconds=0.25635347, preconditioner_seconds=1.0235716, update=0.007066578 s, solve=2.8895282 s
nbIter = 17
nConverged 0 0
OWT-Krylov: 17 iterations, true_rel_residual=6.05623673e-09, linear_rel_residual=6.0562367e-09, projected_entries=0, state=pre_physics_limiters, step=25, status=converged, operator_apps=36, preconditioner_apps=34, reductions=53, spatial_seconds=0.81900826, spectral_seconds=0.25711102, preconditioner_seconds=1.0116855, update=0.00777087 s, solve=2.8864545 s
nbIter = 17
nConverged 0 0
OWT-Krylov: 17 iterations, true_rel_residual=4.31370354e-09, linear_rel_residual=4.3137035e-09, projected_entries=0, state=pre_physics_limiters, step=26, status=converged, operator_apps=36, preconditioner_apps=34, reductions=53, spatial_seconds=0.78767006, spectral_seconds=0.24940698, preconditioner_seconds=0.99424789, update=0.007525642 s, solve=2.8874546 s
nbIter = 17
nConverged 0 0
OWT-Krylov: 17 iterations, true_rel_residual=2.83088659e-09, linear_rel_residual=2.8308866e-09, projected_entries=0, state=pre_physics_limiters, step=27, status=converged, operator_apps=36, preconditioner_apps=34, reductions=53, spatial_seconds=0.80285409, spectral_seconds=0.25777091, preconditioner_seconds=1.0141452, update=0.007494544 s, solve=2.8569926 s
nbIter = 17
nConverged 0 0
OWT-Krylov: 17 iterations, true_rel_residual=1.49753070e-09, linear_rel_residual=1.4975307e-09, projected_entries=0, state=pre_physics_limiters, step=28, status=converged, operator_apps=36, preconditioner_apps=34, reductions=53, spatial_seconds=0.79896403, spectral_seconds=0.2684586, preconditioner_seconds=1.0622747, update=0.008578513 s, solve=2.9042224 s
nbIter = 17
nConverged 0 0
OWT-Krylov: 17 iterations, true_rel_residual=7.19729610e-10, linear_rel_residual=7.1972961e-10, projected_entries=0, state=pre_physics_limiters, step=29, status=converged, operator_apps=36, preconditioner_apps=34, reductions=53, spatial_seconds=0.79599096, spectral_seconds=0.25528598, preconditioner_seconds=1.0159212, update=0.008973993 s, solve=2.853029 s
nbIter = 17
nConverged 0 0
Timings:
FKM       : 0.9109 +- 0.02553 sec 4.143 %
Sources   : 2.619 +- 0.1838 sec 11.91 %
  SPR     : 0.2038 sec 0.9271 %
  SIN4    : 0.5244 sec 2.385 %
  SDS4    : 1.47 sec 6.688 %
  FMEANWS : 0.03621 sec 0.1647 %
  SINLIN  : 0.04446 sec 0.2022 %
  SBREAK  : 0.04765 sec 0.2168 %
  SNL4    : 0.0006336 sec 0.002882 %
Solver    : 17.93 +- 0.1915 sec 81.56 %
Limiter   : 0.1342 +- 0.006914 sec 0.6105 %
Sources Post: 0.3085 +- 0.01189 sec 1.403 %
Rest      : 0.08131 sec
Timestep  : 21.98 sec

IT=   30/36 ( 83%)  t=5.0h speedup=163.8x
OWT-Krylov: 17 iterations, true_rel_residual=3.26488532e-10, linear_rel_residual=3.2648853e-10, projected_entries=0, state=pre_physics_limiters, step=30, status=converged, operator_apps=36, preconditioner_apps=34, reductions=53, spatial_seconds=0.79529139, spectral_seconds=0.25054829, preconditioner_seconds=1.0042007, update=0.007394058 s, solve=2.8514632 s
  After solver - owned action sum: 1.17801460e+02
nbIter = 17
nConverged 0 0
OWT-Krylov: 17 iterations, true_rel_residual=1.28142723e-10, linear_rel_residual=1.2814272e-10, projected_entries=0, state=pre_physics_limiters, step=31, status=converged, operator_apps=36, preconditioner_apps=34, reductions=53, spatial_seconds=0.78451827, spectral_seconds=0.25467717, preconditioner_seconds=0.99223851, update=0.008489188 s, solve=2.8370321 s
nbIter = 17
nConverged 0 0
OWT-Krylov: 17 iterations, true_rel_residual=6.60072722e-11, linear_rel_residual=6.6007272e-11, projected_entries=0, state=pre_physics_limiters, step=32, status=converged, operator_apps=36, preconditioner_apps=34, reductions=53, spatial_seconds=0.79615463, spectral_seconds=0.25652631, preconditioner_seconds=0.98661208, update=0.007675375 s, solve=2.7976592 s
nbIter = 17
nConverged 0 0
OWT-Krylov: 17 iterations, true_rel_residual=5.73201667e-11, linear_rel_residual=5.7320167e-11, projected_entries=0, state=pre_physics_limiters, step=33, status=converged, operator_apps=36, preconditioner_apps=34, reductions=53, spatial_seconds=0.77895574, spectral_seconds=0.25890392, preconditioner_seconds=1.0051969, update=0.00759799 s, solve=2.7849556 s
nbIter = 17
nConverged 0 0
OWT-Krylov: 17 iterations, true_rel_residual=4.70089449e-11, linear_rel_residual=4.7008945e-11, projected_entries=0, state=pre_physics_limiters, step=34, status=converged, operator_apps=36, preconditioner_apps=34, reductions=53, spatial_seconds=0.80037113, spectral_seconds=0.26034399, preconditioner_seconds=1.0021106, update=0.008781616 s, solve=2.8114972 s
nbIter = 17
nConverged 0 0
OWT-Krylov: 17 iterations, true_rel_residual=2.96454278e-11, linear_rel_residual=2.9645428e-11, projected_entries=0, state=pre_physics_limiters, step=35, status=converged, operator_apps=36, preconditioner_apps=34, reductions=53, spatial_seconds=0.83736157, spectral_seconds=0.24626437, preconditioner_seconds=1.0009076, update=0.008002659 s, solve=2.8800193 s
nbIter = 17
nConverged 0 0
Timings:
FKM       : 0.9537 +- 0.02815 sec 4.35 %
Sources   : 2.703 +- 0.2474 sec 12.33 %
  SPR     : 0.2042 sec 0.9313 %
  SIN4    : 0.5232 sec 2.387 %
  SDS4    : 1.475 sec 6.728 %
  FMEANWS : 0.03572 sec 0.163 %
  SINLIN  : 0.04371 sec 0.1994 %
  SBREAK  : 0.04719 sec 0.2152 %
  SNL4    : 0.0005676 sec 0.002589 %
Solver    : 17.7 +- 0.265 sec 80.73 %
Limiter   : 0.1446 +- 0.005935 sec 0.6597 %
Sources Post: 0.3235 +- 0.02282 sec 1.476 %
Rest      : 0.09979 sec
Timestep  : 21.92 sec

Integration wall seconds: 82.946654460999994

Simulation complete.
wwx reached the end of a computation loop at 20:17:18
Initialization time : 11.22 s
Elapsed time        : 94.27 s
Simulated time      : 21600.00 s
