 M .gitignore
 M README.md
 M benchmarks/specwave_limon.sh
 M docs/LIMON_BENCHMARK.md
 M include/owt/krylov/pipelined_bicgstab.hpp
 M tests/review/README.md
 M tests/test_foundation.cpp
?? benchmarks/specwave_limon.py
?? benchmarks/test_specwave_limon.py
?? docs/MANUAL.md
?? docs/MANUAL.pdf
?? docs/MANUAL.tex
?? docs/application-performance/
?? docs/review-2026-09-12/runs/prepush-20260913/advanced-build.command
?? docs/review-2026-09-12/runs/prepush-20260913/advanced-build.exit
?? docs/review-2026-09-12/runs/prepush-20260913/advanced-build.log
?? docs/review-2026-09-12/runs/prepush-20260913/advanced-cache.command
?? docs/review-2026-09-12/runs/prepush-20260913/advanced-cache.exit
?? docs/review-2026-09-12/runs/prepush-20260913/advanced-cache.log
?? docs/review-2026-09-12/runs/prepush-20260913/advanced-configure.exit
?? docs/review-2026-09-12/runs/prepush-20260913/advanced-configure.log
?? docs/review-2026-09-12/runs/prepush-20260913/advanced-ctest.command
?? docs/review-2026-09-12/runs/prepush-20260913/advanced-ctest.exit
?? docs/review-2026-09-12/runs/prepush-20260913/cmake-version.command
?? docs/review-2026-09-12/runs/prepush-20260913/cmake-version.exit
?? docs/review-2026-09-12/runs/prepush-20260913/cmake-version.log
?? docs/review-2026-09-12/runs/prepush-20260913/compiler.command
?? docs/review-2026-09-12/runs/prepush-20260913/compiler.exit
?? docs/review-2026-09-12/runs/prepush-20260913/compiler.log
?? docs/review-2026-09-12/runs/prepush-20260913/distributed-smoke.command
?? docs/review-2026-09-12/runs/prepush-20260913/distributed-smoke.exit
?? docs/review-2026-09-12/runs/prepush-20260913/distributed-smoke.log
?? docs/review-2026-09-12/runs/prepush-20260913/mpi-version.command
?? docs/review-2026-09-12/runs/prepush-20260913/mpi-version.exit
?? docs/review-2026-09-12/runs/prepush-20260913/mpi-version.log
?? docs/review-2026-09-12/runs/prepush-20260913/platform.command
?? docs/review-2026-09-12/runs/prepush-20260913/platform.exit
?? docs/review-2026-09-12/runs/prepush-20260913/platform.log
?? docs/review-2026-09-12/runs/prepush-20260913/review-build.command
?? docs/review-2026-09-12/runs/prepush-20260913/review-build.exit
?? docs/review-2026-09-12/runs/prepush-20260913/review-build.log
?? docs/review-2026-09-12/runs/prepush-20260913/review-configure.exit
?? docs/review-2026-09-12/runs/prepush-20260913/review-configure.log
?? docs/review-2026-09-12/runs/prepush-20260913/review-ctest.command
?? docs/review-2026-09-12/runs/prepush-20260913/review-ctest.exit
?? docs/review-2026-09-12/runs/prepush-20260913/revision.command
?? docs/review-2026-09-12/runs/prepush-20260913/revision.exit
?? docs/review-2026-09-12/runs/prepush-20260913/source-hashes.command
?? docs/review-2026-09-12/runs/prepush-20260913/source-hashes.exit
?? docs/review-2026-09-12/runs/prepush-20260913/timestamp.command
?? docs/review-2026-09-12/runs/prepush-20260913/timestamp.exit
?? docs/review-2026-09-12/runs/prepush-20260913/timestamp.log
?? docs/review-2026-09-12/runs/prepush-20260913/unstructured-smoke.command
?? docs/review-2026-09-12/runs/prepush-20260913/unstructured-smoke.exit
?? docs/review-2026-09-12/runs/prepush-20260913/unstructured-smoke.log
?? docs/review-2026-09-12/runs/prepush-20260913/worktree.command
?? docs/review-2026-09-12/runs/prepush-20260913/worktree.exit
?? docs/review-2026-09-12/runs/prepush-20260913/worktree.log
?? docs/review-2026-09-12/runs/prepush-sanitizers-20260913/cmake-version.command
?? docs/review-2026-09-12/runs/prepush-sanitizers-20260913/cmake-version.exit
?? docs/review-2026-09-12/runs/prepush-sanitizers-20260913/cmake-version.log
?? docs/review-2026-09-12/runs/prepush-sanitizers-20260913/compiler.command
?? docs/review-2026-09-12/runs/prepush-sanitizers-20260913/compiler.exit
?? docs/review-2026-09-12/runs/prepush-sanitizers-20260913/compiler.log
?? docs/review-2026-09-12/runs/prepush-sanitizers-20260913/mpi-version.command
?? docs/review-2026-09-12/runs/prepush-sanitizers-20260913/mpi-version.exit
?? docs/review-2026-09-12/runs/prepush-sanitizers-20260913/mpi-version.log
?? docs/review-2026-09-12/runs/prepush-sanitizers-20260913/platform.command
?? docs/review-2026-09-12/runs/prepush-sanitizers-20260913/platform.exit
?? docs/review-2026-09-12/runs/prepush-sanitizers-20260913/platform.log
?? docs/review-2026-09-12/runs/prepush-sanitizers-20260913/revision.command
?? docs/review-2026-09-12/runs/prepush-sanitizers-20260913/revision.exit
?? docs/review-2026-09-12/runs/prepush-sanitizers-20260913/revision.log
?? docs/review-2026-09-12/runs/prepush-sanitizers-20260913/sanitizer-build.command
?? docs/review-2026-09-12/runs/prepush-sanitizers-20260913/sanitizer-build.exit
?? docs/review-2026-09-12/runs/prepush-sanitizers-20260913/sanitizer-build.log
?? docs/review-2026-09-12/runs/prepush-sanitizers-20260913/sanitizer-cache.command
?? docs/review-2026-09-12/runs/prepush-sanitizers-20260913/sanitizer-cache.exit
?? docs/review-2026-09-12/runs/prepush-sanitizers-20260913/sanitizer-cache.log
?? docs/review-2026-09-12/runs/prepush-sanitizers-20260913/sanitizer-compiler.command
?? docs/review-2026-09-12/runs/prepush-sanitizers-20260913/sanitizer-compiler.exit
?? docs/review-2026-09-12/runs/prepush-sanitizers-20260913/sanitizer-compiler.log
?? docs/review-2026-09-12/runs/prepush-sanitizers-20260913/sanitizer-configure.exit
?? docs/review-2026-09-12/runs/prepush-sanitizers-20260913/sanitizer-configure.log
?? docs/review-2026-09-12/runs/prepush-sanitizers-20260913/sanitizer-ctest.command
?? docs/review-2026-09-12/runs/prepush-sanitizers-20260913/sanitizer-ctest.exit
?? docs/review-2026-09-12/runs/prepush-sanitizers-20260913/sanitizer-inherited-stack.command
?? docs/review-2026-09-12/runs/prepush-sanitizers-20260913/sanitizer-inherited-stack.exit
?? docs/review-2026-09-12/runs/prepush-sanitizers-20260913/sanitizer-inherited-stack.log
?? docs/review-2026-09-12/runs/prepush-sanitizers-20260913/sanitizer-stack.command
?? docs/review-2026-09-12/runs/prepush-sanitizers-20260913/sanitizer-stack.exit
?? docs/review-2026-09-12/runs/prepush-sanitizers-20260913/sanitizer-stack.log
?? docs/review-2026-09-12/runs/prepush-sanitizers-20260913/source-hashes.command
?? docs/review-2026-09-12/runs/prepush-sanitizers-20260913/source-hashes.exit
?? docs/review-2026-09-12/runs/prepush-sanitizers-20260913/timestamp.command
?? docs/review-2026-09-12/runs/prepush-sanitizers-20260913/timestamp.exit
?? docs/review-2026-09-12/runs/prepush-sanitizers-20260913/timestamp.log
?? docs/review-2026-09-12/runs/prepush-sanitizers-20260913/worktree.command
?? docs/review-2026-09-12/runs/prepush-sanitizers-20260913/worktree.exit
?? docs/review-2026-09-12/runs/prepush-sanitizers-20260913/worktree.log
?? docs/review-2026-09-12/runs/ssor-tiled-cases-20260913/
?? docs/review-2026-09-12/runs/ssor-tiled-sanitizers-20260913/
?? docs/review-2026-09-12/runs/unified-contract-cases/advanced-build.command
?? docs/review-2026-09-12/runs/unified-contract-cases/advanced-build.exit
?? docs/review-2026-09-12/runs/unified-contract-cases/advanced-build.log
?? docs/review-2026-09-12/runs/unified-contract-cases/advanced-cache.command
?? docs/review-2026-09-12/runs/unified-contract-cases/advanced-cache.exit
?? docs/review-2026-09-12/runs/unified-contract-cases/advanced-cache.log
?? docs/review-2026-09-12/runs/unified-contract-cases/advanced-configure.command
?? docs/review-2026-09-12/runs/unified-contract-cases/advanced-configure.exit
?? docs/review-2026-09-12/runs/unified-contract-cases/advanced-configure.log
?? docs/review-2026-09-12/runs/unified-contract-cases/advanced-ctest.command
?? docs/review-2026-09-12/runs/unified-contract-cases/advanced-ctest.exit
?? docs/review-2026-09-12/runs/unified-contract-cases/cmake-version.command
?? docs/review-2026-09-12/runs/unified-contract-cases/cmake-version.exit
?? docs/review-2026-09-12/runs/unified-contract-cases/cmake-version.log
?? docs/review-2026-09-12/runs/unified-contract-cases/compiler.command
?? docs/review-2026-09-12/runs/unified-contract-cases/compiler.exit
?? docs/review-2026-09-12/runs/unified-contract-cases/compiler.log
?? docs/review-2026-09-12/runs/unified-contract-cases/distributed-smoke.command
?? docs/review-2026-09-12/runs/unified-contract-cases/distributed-smoke.exit
?? docs/review-2026-09-12/runs/unified-contract-cases/distributed-smoke.log
?? docs/review-2026-09-12/runs/unified-contract-cases/mpi-version.command
?? docs/review-2026-09-12/runs/unified-contract-cases/mpi-version.exit
?? docs/review-2026-09-12/runs/unified-contract-cases/mpi-version.log
?? docs/review-2026-09-12/runs/unified-contract-cases/platform.command
?? docs/review-2026-09-12/runs/unified-contract-cases/platform.exit
?? docs/review-2026-09-12/runs/unified-contract-cases/platform.log
?? docs/review-2026-09-12/runs/unified-contract-cases/review-build.command
?? docs/review-2026-09-12/runs/unified-contract-cases/review-build.exit
?? docs/review-2026-09-12/runs/unified-contract-cases/review-build.log
?? docs/review-2026-09-12/runs/unified-contract-cases/review-configure.command
?? docs/review-2026-09-12/runs/unified-contract-cases/review-configure.exit
?? docs/review-2026-09-12/runs/unified-contract-cases/review-configure.log
?? docs/review-2026-09-12/runs/unified-contract-cases/review-ctest.command
?? docs/review-2026-09-12/runs/unified-contract-cases/review-ctest.exit
?? docs/review-2026-09-12/runs/unified-contract-cases/revision.command
?? docs/review-2026-09-12/runs/unified-contract-cases/revision.exit
?? docs/review-2026-09-12/runs/unified-contract-cases/revision.log
?? docs/review-2026-09-12/runs/unified-contract-cases/source-hashes.command
?? docs/review-2026-09-12/runs/unified-contract-cases/source-hashes.exit
?? docs/review-2026-09-12/runs/unified-contract-cases/timestamp.command
?? docs/review-2026-09-12/runs/unified-contract-cases/timestamp.exit
?? docs/review-2026-09-12/runs/unified-contract-cases/timestamp.log
?? docs/review-2026-09-12/runs/unified-contract-cases/unstructured-smoke.command
?? docs/review-2026-09-12/runs/unified-contract-cases/unstructured-smoke.exit
?? docs/review-2026-09-12/runs/unified-contract-cases/unstructured-smoke.log
?? docs/review-2026-09-12/runs/unified-contract-cases/worktree.command
?? docs/review-2026-09-12/runs/unified-contract-cases/worktree.exit
?? docs/review-2026-09-12/runs/unified-contract-cases/worktree.log
?? docs/review-2026-09-12/runs/unified-contract-sanitizers/cmake-version.command
?? docs/review-2026-09-12/runs/unified-contract-sanitizers/cmake-version.exit
?? docs/review-2026-09-12/runs/unified-contract-sanitizers/cmake-version.log
?? docs/review-2026-09-12/runs/unified-contract-sanitizers/compiler.command
?? docs/review-2026-09-12/runs/unified-contract-sanitizers/compiler.exit
?? docs/review-2026-09-12/runs/unified-contract-sanitizers/compiler.log
?? docs/review-2026-09-12/runs/unified-contract-sanitizers/mpi-version.command
?? docs/review-2026-09-12/runs/unified-contract-sanitizers/mpi-version.exit
?? docs/review-2026-09-12/runs/unified-contract-sanitizers/mpi-version.log
?? docs/review-2026-09-12/runs/unified-contract-sanitizers/platform.command
?? docs/review-2026-09-12/runs/unified-contract-sanitizers/platform.exit
?? docs/review-2026-09-12/runs/unified-contract-sanitizers/platform.log
?? docs/review-2026-09-12/runs/unified-contract-sanitizers/revision.command
?? docs/review-2026-09-12/runs/unified-contract-sanitizers/revision.exit
?? docs/review-2026-09-12/runs/unified-contract-sanitizers/revision.log
?? docs/review-2026-09-12/runs/unified-contract-sanitizers/sanitizer-build.command
?? docs/review-2026-09-12/runs/unified-contract-sanitizers/sanitizer-build.exit
?? docs/review-2026-09-12/runs/unified-contract-sanitizers/sanitizer-build.log
?? docs/review-2026-09-12/runs/unified-contract-sanitizers/sanitizer-cache.command
?? docs/review-2026-09-12/runs/unified-contract-sanitizers/sanitizer-cache.exit
?? docs/review-2026-09-12/runs/unified-contract-sanitizers/sanitizer-cache.log
?? docs/review-2026-09-12/runs/unified-contract-sanitizers/sanitizer-compiler.command
?? docs/review-2026-09-12/runs/unified-contract-sanitizers/sanitizer-compiler.exit
?? docs/review-2026-09-12/runs/unified-contract-sanitizers/sanitizer-compiler.log
?? docs/review-2026-09-12/runs/unified-contract-sanitizers/sanitizer-configure.command
?? docs/review-2026-09-12/runs/unified-contract-sanitizers/sanitizer-configure.exit
?? docs/review-2026-09-12/runs/unified-contract-sanitizers/sanitizer-configure.log
?? docs/review-2026-09-12/runs/unified-contract-sanitizers/sanitizer-ctest.command
?? docs/review-2026-09-12/runs/unified-contract-sanitizers/sanitizer-ctest.exit
?? docs/review-2026-09-12/runs/unified-contract-sanitizers/sanitizer-inherited-stack.command
?? docs/review-2026-09-12/runs/unified-contract-sanitizers/sanitizer-inherited-stack.exit
?? docs/review-2026-09-12/runs/unified-contract-sanitizers/sanitizer-inherited-stack.log
?? docs/review-2026-09-12/runs/unified-contract-sanitizers/sanitizer-stack.command
?? docs/review-2026-09-12/runs/unified-contract-sanitizers/sanitizer-stack.exit
?? docs/review-2026-09-12/runs/unified-contract-sanitizers/sanitizer-stack.log
?? docs/review-2026-09-12/runs/unified-contract-sanitizers/source-hashes.command
?? docs/review-2026-09-12/runs/unified-contract-sanitizers/source-hashes.exit
?? docs/review-2026-09-12/runs/unified-contract-sanitizers/timestamp.command
?? docs/review-2026-09-12/runs/unified-contract-sanitizers/timestamp.exit
?? docs/review-2026-09-12/runs/unified-contract-sanitizers/timestamp.log
?? docs/review-2026-09-12/runs/unified-contract-sanitizers/worktree.command
?? docs/review-2026-09-12/runs/unified-contract-sanitizers/worktree.exit
?? docs/review-2026-09-12/runs/unified-contract-sanitizers/worktree.log
?? docs/review-2026-09-12/runs/vector-update-final-cases-20260913/
?? docs/review-2026-09-12/runs/vertex-contract-final/
?? docs/review-2026-09-12/runs/vertex-contract-first/
?? docs/review-2026-09-12/runs/vertex-contract-sanitizers/
