precision,side,block,sample,variant,phase,seconds,iterations,operator_apps,preconditioner_apps,reductions,relative_residual,checksum
float,16,1,-1,native,profile_operator,3.4836000000000003e-05,4,10,8,14,3.2914065381477398e-06,0
float,16,1,-1,native,profile_preconditioner,8.4531000000000008e-05,4,10,8,14,3.2914065381477398e-06,0
float,16,1,-1,native,profile_total,0.00013690999999999999,4,10,8,14,3.2914065381477398e-06,0
float,16,1,-1,reference,profile_operator,3.0548e-05,4,10,8,14,3.2914065381477398e-06,0
float,16,1,-1,reference,profile_preconditioner,8.426000000000001e-05,4,10,8,14,3.2914065381477398e-06,0
float,16,1,-1,reference,profile_total,0.0001371,4,10,8,14,3.2914065381477398e-06,0
float,16,1,0,reference,products,2.968945007324219e-07,0,0,0,0,0,78465616
float,16,1,0,reference,preconditioner,9.8524999999999993e-06,0,0,0,0,0,-0.84679639339447021
float,16,1,0,reference,solve,0.00012651000000000001,4,10,8,14,3.2914065381477398e-06,0
float,16,1,0,native,products,2.9450717163085936e-07,0,0,0,0,0,78465616
float,16,1,0,native,preconditioner,9.8723750000000005e-06,0,0,0,0,0,-0.84679639339447021
float,16,1,0,native,solve,0.000113545,4,10,8,14,3.2914065381477398e-06,0
float,16,1,1,native,products,2.9433441162109377e-07,0,0,0,0,0,78465616
float,16,1,1,native,preconditioner,9.9451250000000008e-06,0,0,0,0,0,-0.84679639339447021
float,16,1,1,native,solve,0.00011176200000000001,4,10,8,14,3.2914065381477398e-06,0
float,16,1,1,reference,products,2.9691592407226565e-07,0,0,0,0,0,78465616
float,16,1,1,reference,preconditioner,9.7922499999999993e-06,0,0,0,0,0,-0.84679639339447021
float,16,1,1,reference,solve,0.000111741,4,10,8,14,3.2914065381477398e-06,0
float,16,1,2,reference,products,2.9810589599609375e-07,0,0,0,0,0,78465616
float,16,1,2,reference,preconditioner,9.8247499999999994e-06,0,0,0,0,0,-0.84679639339447021
float,16,1,2,reference,solve,0.000111672,4,10,8,14,3.2914065381477398e-06,0
float,16,1,2,native,products,2.9640591430664064e-07,0,0,0,0,0,78465616
float,16,1,2,native,preconditioner,9.8573749999999998e-06,0,0,0,0,0,-0.84679639339447021
float,16,1,2,native,solve,0.000112524,4,10,8,14,3.2914065381477398e-06,0
float,16,1,3,native,products,2.951278381347656e-07,0,0,0,0,0,78465616
float,16,1,3,native,preconditioner,1.29045e-05,0,0,0,0,0,-0.84679639339447021
float,16,1,3,native,solve,0.00014212900000000001,4,10,8,14,3.2914065381477398e-06,0
float,16,1,3,reference,products,3.0478878784179687e-07,0,0,0,0,0,78465616
float,16,1,3,reference,preconditioner,9.8786250000000006e-06,0,0,0,0,0,-0.84679639339447021
float,16,1,3,reference,solve,0.00012825299999999999,4,10,8,14,3.2914065381477398e-06,0
float,16,1,4,reference,products,2.9873147583007813e-07,0,0,0,0,0,78465616
float,16,1,4,reference,preconditioner,9.8147499999999995e-06,0,0,0,0,0,-0.84679639339447021
float,16,1,4,reference,solve,0.00012812300000000001,4,10,8,14,3.2914065381477398e-06,0
float,16,1,4,native,products,2.9771301269531252e-07,0,0,0,0,0,78465616
float,16,1,4,native,preconditioner,1.1465500000000001e-05,0,0,0,0,0,-0.84679639339447021
float,16,1,4,native,solve,0.00011688099999999999,4,10,8,14,3.2914065381477398e-06,0
float,16,1,5,native,products,2.9237911987304687e-07,0,0,0,0,0,78465616
float,16,1,5,native,preconditioner,9.8097500000000004e-06,0,0,0,0,0,-0.84679639339447021
float,16,1,5,native,solve,0.000111712,4,10,8,14,3.2914065381477398e-06,0
float,16,1,5,reference,products,2.9867034912109374e-07,0,0,0,0,0,78465616
float,16,1,5,reference,preconditioner,9.8749999999999995e-06,0,0,0,0,0,-0.84679639339447021
float,16,1,5,reference,solve,0.000127883,4,10,8,14,3.2914065381477398e-06,0
float,16,1,6,reference,products,3.1051892089843747e-07,0,0,0,0,0,78465616
float,16,1,6,reference,preconditioner,9.5706249999999995e-06,0,0,0,0,0,-0.84679639339447021
float,16,1,6,reference,solve,0.000114026,4,10,8,14,3.2914065381477398e-06,0
float,16,1,6,native,products,3.0017495727539064e-07,0,0,0,0,0,78465616
float,16,1,6,native,preconditioner,9.5079999999999994e-06,0,0,0,0,0,-0.84679639339447021
float,16,1,6,native,solve,0.000107774,4,10,8,14,3.2914065381477398e-06,0
float,16,1,7,native,products,2.7432797241210937e-07,0,0,0,0,0,78465616
float,16,1,7,native,preconditioner,8.8166249999999996e-06,0,0,0,0,0,-0.84679639339447021
float,16,1,7,native,solve,0.000104417,4,10,8,14,3.2914065381477398e-06,0
float,16,1,7,reference,products,2.5927597045898436e-07,0,0,0,0,0,78465616
float,16,1,7,reference,preconditioner,8.2568750000000005e-06,0,0,0,0,0,-0.84679639339447021
float,16,1,7,reference,solve,9.4969999999999994e-05,4,10,8,14,3.2914065381477398e-06,0
float,16,1,8,reference,products,2.4533416748046876e-07,0,0,0,0,0,78465616
float,16,1,8,reference,preconditioner,7.7810000000000005e-06,0,0,0,0,0,-0.84679639339447021
float,16,1,8,reference,solve,8.8216999999999999e-05,4,10,8,14,3.2914065381477398e-06,0
float,16,1,8,native,products,2.2955447387695313e-07,0,0,0,0,0,78465616
float,16,1,8,native,preconditioner,7.4102499999999999e-06,0,0,0,0,0,-0.84679639339447021
float,16,1,8,native,solve,8.4320000000000006e-05,4,10,8,14,3.2914065381477398e-06,0
float,16,1,9,native,products,2.1868032836914063e-07,0,0,0,0,0,78465616
float,16,1,9,native,preconditioner,7.0696250000000001e-06,0,0,0,0,0,-0.84679639339447021
float,16,1,9,native,solve,8.0142000000000006e-05,4,10,8,14,3.2914065381477398e-06,0
float,16,1,9,reference,products,2.1185101318359376e-07,0,0,0,0,0,78465616
float,16,1,9,reference,preconditioner,7.9863750000000003e-06,0,0,0,0,0,-0.84679639339447021
float,16,1,9,reference,solve,7.9350000000000004e-05,4,10,8,14,3.2914065381477398e-06,0
double,16,1,-1,native,profile_operator,3.4316000000000001e-05,7,16,14,23,4.5613717577587319e-10,0
double,16,1,-1,native,profile_preconditioner,0.00010237700000000001,7,16,14,23,4.5613717577587319e-10,0
double,16,1,-1,native,profile_total,0.000153962,7,16,14,23,4.5613717577587319e-10,0
double,16,1,-1,reference,profile_operator,3.3754999999999998e-05,7,16,14,23,4.5613717577587319e-10,0
double,16,1,-1,reference,profile_preconditioner,0.000102006,7,16,14,23,4.5613717577587319e-10,0
double,16,1,-1,reference,profile_total,0.00015207799999999999,7,16,14,23,4.5613717577587319e-10,0
double,16,1,0,reference,products,1.3805709838867188e-07,0,0,0,0,0,78465625.174233173
double,16,1,0,reference,preconditioner,7.2587499999999997e-06,0,0,0,0,0,-0.8467963401021481
double,16,1,0,reference,solve,0.000141388,7,16,14,23,4.5613717577587319e-10,0
double,16,1,0,native,products,1.38294677734375e-07,0,0,0,0,0,78465625.174233173
double,16,1,0,native,preconditioner,7.7434999999999996e-06,0,0,0,0,0,-0.8467963401021481
double,16,1,0,native,solve,0.000141087,7,16,14,23,4.5613717577587319e-10,0
double,16,1,1,native,products,1.3907189941406249e-07,0,0,0,0,0,78465625.174233173
double,16,1,1,native,preconditioner,7.6457500000000004e-06,0,0,0,0,0,-0.8467963401021481
double,16,1,1,native,solve,0.000155916,7,16,14,23,4.5613717577587319e-10,0
double,16,1,1,reference,products,1.369202880859375e-07,0,0,0,0,0,78465625.174233173
double,16,1,1,reference,preconditioner,7.2649999999999999e-06,0,0,0,0,0,-0.8467963401021481
double,16,1,1,reference,solve,0.00014060599999999999,7,16,14,23,4.5613717577587319e-10,0
double,16,1,2,reference,products,1.379742431640625e-07,0,0,0,0,0,78465625.174233173
double,16,1,2,reference,preconditioner,7.2512500000000002e-06,0,0,0,0,0,-0.8467963401021481
double,16,1,2,reference,solve,0.00014031499999999999,7,16,14,23,4.5613717577587319e-10,0
double,16,1,2,native,products,1.3816348266601562e-07,0,0,0,0,0,78465625.174233173
double,16,1,2,native,preconditioner,7.6857500000000001e-06,0,0,0,0,0,-0.8467963401021481
double,16,1,2,native,solve,0.00014040600000000001,7,16,14,23,4.5613717577587319e-10,0
double,16,1,3,native,products,1.4698635864257814e-07,0,0,0,0,0,78465625.174233173
double,16,1,3,native,preconditioner,7.6569999999999997e-06,0,0,0,0,0,-0.8467963401021481
double,16,1,3,native,solve,0.00014026500000000001,7,16,14,23,4.5613717577587319e-10,0
double,16,1,3,reference,products,1.3742694091796875e-07,0,0,0,0,0,78465625.174233173
double,16,1,3,reference,preconditioner,8.2706250000000001e-06,0,0,0,0,0,-0.8467963401021481
double,16,1,3,reference,solve,0.00014345199999999999,7,16,14,23,4.5613717577587319e-10,0
double,16,1,4,reference,products,1.3639163208007813e-07,0,0,0,0,0,78465625.174233173
double,16,1,4,reference,preconditioner,7.2374999999999997e-06,0,0,0,0,0,-0.8467963401021481
double,16,1,4,reference,solve,0.00014045600000000001,7,16,14,23,4.5613717577587319e-10,0
double,16,1,4,native,products,1.4874078369140626e-07,0,0,0,0,0,78465625.174233173
double,16,1,4,native,preconditioner,7.7146250000000007e-06,0,0,0,0,0,-0.8467963401021481
double,16,1,4,native,solve,0.000154773,7,16,14,23,4.5613717577587319e-10,0
double,16,1,5,native,products,1.369420166015625e-07,0,0,0,0,0,78465625.174233173
double,16,1,5,native,preconditioner,7.6832499999999997e-06,0,0,0,0,0,-0.8467963401021481
double,16,1,5,native,solve,0.00014009499999999999,7,16,14,23,4.5613717577587319e-10,0
double,16,1,5,reference,products,1.3741165161132813e-07,0,0,0,0,0,78465625.174233173
double,16,1,5,reference,preconditioner,7.2662500000000001e-06,0,0,0,0,0,-0.8467963401021481
double,16,1,5,reference,solve,0.00014043500000000001,7,16,14,23,4.5613717577587319e-10,0
double,16,1,6,reference,products,1.3940579223632813e-07,0,0,0,0,0,78465625.174233173
double,16,1,6,reference,preconditioner,7.2537499999999998e-06,0,0,0,0,0,-0.8467963401021481
double,16,1,6,reference,solve,0.00014040600000000001,7,16,14,23,4.5613717577587319e-10,0
double,16,1,6,native,products,1.3761437988281249e-07,0,0,0,0,0,78465625.174233173
double,16,1,6,native,preconditioner,7.7246250000000006e-06,0,0,0,0,0,-0.8467963401021481
double,16,1,6,native,solve,0.00015756900000000001,7,16,14,23,4.5613717577587319e-10,0
double,16,1,7,native,products,1.3882971191406249e-07,0,0,0,0,0,78465625.174233173
double,16,1,7,native,preconditioner,7.6983750000000006e-06,0,0,0,0,0,-0.8467963401021481
double,16,1,7,native,solve,0.00014066600000000001,7,16,14,23,4.5613717577587319e-10,0
double,16,1,7,reference,products,1.3765289306640625e-07,0,0,0,0,0,78465625.174233173
double,16,1,7,reference,preconditioner,7.2512500000000002e-06,0,0,0,0,0,-0.8467963401021481
double,16,1,7,reference,solve,0.000140366,7,16,14,23,4.5613717577587319e-10,0
double,16,1,8,reference,products,1.3973785400390625e-07,0,0,0,0,0,78465625.174233173
double,16,1,8,reference,preconditioner,7.2562500000000002e-06,0,0,0,0,0,-0.8467963401021481
double,16,1,8,reference,solve,0.00014006500000000001,7,16,14,23,4.5613717577587319e-10,0
double,16,1,8,native,products,1.3708233642578124e-07,0,0,0,0,0,78465625.174233173
double,16,1,8,native,preconditioner,7.9351249999999997e-06,0,0,0,0,0,-0.8467963401021481
double,16,1,8,native,solve,0.00014055599999999999,7,16,14,23,4.5613717577587319e-10,0
double,16,1,9,native,products,1.7523657226562501e-07,0,0,0,0,0,78465625.174233173
double,16,1,9,native,preconditioner,7.8998750000000003e-06,0,0,0,0,0,-0.8467963401021481
double,16,1,9,native,solve,0.000142039,7,16,14,23,4.5613717577587319e-10,0
double,16,1,9,reference,products,1.3724652099609374e-07,0,0,0,0,0,78465625.174233173
double,16,1,9,reference,preconditioner,7.3365e-06,0,0,0,0,0,-0.8467963401021481
double,16,1,9,reference,solve,0.00014064700000000001,7,16,14,23,4.5613717577587319e-10,0
float,16,5,-1,native,profile_operator,4.0556000000000003e-05,4,10,8,14,3.3816904203655107e-06,0
float,16,5,-1,native,profile_preconditioner,7.4580999999999996e-05,4,10,8,14,3.3816904203655107e-06,0
float,16,5,-1,native,profile_total,0.00015456199999999999,4,10,8,14,3.3816904203655107e-06,0
float,16,5,-1,reference,profile_operator,7.3000000000000013e-05,4,10,8,14,3.3816904203655107e-06,0
float,16,5,-1,reference,profile_preconditioner,7.4119e-05,4,10,8,14,3.3816904203655107e-06,0
float,16,5,-1,reference,profile_total,0.000192354,4,10,8,14,3.3816904203655107e-06,0
float,16,5,0,reference,products,9.3729726842667479e-07,0,0,0,0,0,79192294.665039062
float,16,5,0,reference,preconditioner,9.2637499999999992e-06,0,0,0,0,0,-0.84679639339447021
float,16,5,0,reference,solve,0.000129195,4,10,8,14,3.3816904203655107e-06,0
float,16,5,0,native,products,9.2553532733099348e-07,0,0,0,0,0,79192294.665039062
float,16,5,0,native,preconditioner,9.3752499999999997e-06,0,0,0,0,0,-0.84679639339447021
float,16,5,0,native,solve,0.00012983499999999999,4,10,8,14,3.3816904203655107e-06,0
float,16,5,1,native,products,9.3263711277277582e-07,0,0,0,0,0,79192294.665039062
float,16,5,1,native,preconditioner,9.341375e-06,0,0,0,0,0,-0.84679639339447021
float,16,5,1,native,solve,0.00013210000000000001,4,10,8,14,3.3816904203655107e-06,0
float,16,5,1,reference,products,9.313696017091409e-07,0,0,0,0,0,79192294.665039062
float,16,5,1,reference,preconditioner,9.2675000000000006e-06,0,0,0,0,0,-0.84679639339447021
float,16,5,1,reference,solve,0.00012919400000000001,4,10,8,14,3.3816904203655107e-06,0
float,16,5,2,reference,products,9.3702823134442235e-07,0,0,0,0,0,79192294.665039062
float,16,5,2,reference,preconditioner,9.2350000000000005e-06,0,0,0,0,0,-0.84679639339447021
float,16,5,2,reference,solve,0.00012796300000000001,4,10,8,14,3.3816904203655107e-06,0
float,16,5,2,native,products,9.354426980009156e-07,0,0,0,0,0,79192294.665039062
float,16,5,2,native,preconditioner,9.3702500000000006e-06,0,0,0,0,0,-0.84679639339447021
float,16,5,2,native,solve,0.00012875399999999999,4,10,8,14,3.3816904203655107e-06,0
float,16,5,3,native,products,9.3325011445139626e-07,0,0,0,0,0,79192294.665039062
float,16,5,3,native,preconditioner,1.083425e-05,0,0,0,0,0,-0.84679639339447021
float,16,5,3,native,solve,0.000130598,4,10,8,14,3.3816904203655107e-06,0
float,16,5,3,reference,products,9.3228551808332055e-07,0,0,0,0,0,79192294.665039062
float,16,5,3,reference,preconditioner,9.2524999999999999e-06,0,0,0,0,0,-0.84679639339447021
float,16,5,3,reference,solve,0.000128393,4,10,8,14,3.3816904203655107e-06,0
float,16,5,4,reference,products,9.4138562490462382e-07,0,0,0,0,0,79192294.665039062
float,16,5,4,reference,preconditioner,1.1518000000000001e-05,0,0,0,0,0,-0.84679639339447021
float,16,5,4,reference,solve,0.000128002,4,10,8,14,3.3816904203655107e-06,0
float,16,5,4,native,products,9.3312330230428816e-07,0,0,0,0,0,79192294.665039062
float,16,5,4,native,preconditioner,9.3626250000000008e-06,0,0,0,0,0,-0.84679639339447021
float,16,5,4,native,solve,0.000128694,4,10,8,14,3.3816904203655107e-06,0
float,16,5,5,native,products,9.6226430642453841e-07,0,0,0,0,0,79192294.665039062
float,16,5,5,native,preconditioner,9.3602500000000007e-06,0,0,0,0,0,-0.84679639339447021
float,16,5,5,native,solve,0.000128143,4,10,8,14,3.3816904203655107e-06,0
float,16,5,5,reference,products,9.3504364413245835e-07,0,0,0,0,0,79192294.665039062
float,16,5,5,reference,preconditioner,9.3226249999999995e-06,0,0,0,0,0,-0.84679639339447021
float,16,5,5,reference,solve,0.00013038700000000001,4,10,8,14,3.3816904203655107e-06,0
float,16,5,6,reference,products,9.2842041812910119e-07,0,0,0,0,0,79192294.665039062
float,16,5,6,reference,preconditioner,1.0727874999999999e-05,0,0,0,0,0,-0.84679639339447021
float,16,5,6,reference,solve,0.00012846400000000001,4,10,8,14,3.3816904203655107e-06,0
float,16,5,6,native,products,1.1613778422096748e-06,0,0,0,0,0,79192294.665039062
float,16,5,6,native,preconditioner,1.1546874999999999e-05,0,0,0,0,0,-0.84679639339447021
float,16,5,6,native,solve,0.000129565,4,10,8,14,3.3816904203655107e-06,0
float,16,5,7,native,products,9.3273187852891797e-07,0,0,0,0,0,79192294.665039062
float,16,5,7,native,preconditioner,9.3363749999999992e-06,0,0,0,0,0,-0.84679639339447021
float,16,5,7,native,solve,0.00013234,4,10,8,14,3.3816904203655107e-06,0
float,16,5,7,reference,products,9.3881687776590872e-07,0,0,0,0,0,79192294.665039062
float,16,5,7,reference,preconditioner,9.8423750000000008e-06,0,0,0,0,0,-0.84679639339447021
float,16,5,7,reference,solve,0.000128894,4,10,8,14,3.3816904203655107e-06,0
float,16,5,8,reference,products,9.3774668090950699e-07,0,0,0,0,0,79192294.665039062
float,16,5,8,reference,preconditioner,9.2699999999999993e-06,0,0,0,0,0,-0.84679639339447021
float,16,5,8,reference,solve,0.000129646,4,10,8,14,3.3816904203655107e-06,0
float,16,5,8,native,products,9.2715611170456277e-07,0,0,0,0,0,79192294.665039062
float,16,5,8,native,preconditioner,9.3752499999999997e-06,0,0,0,0,0,-0.84679639339447021
float,16,5,8,native,solve,0.00013337200000000001,4,10,8,14,3.3816904203655107e-06,0
float,16,5,9,native,products,9.3181306271936514e-07,0,0,0,0,0,79192294.665039062
float,16,5,9,native,preconditioner,9.3564999999999993e-06,0,0,0,0,0,-0.84679639339447021
float,16,5,9,native,solve,0.00012842299999999999,4,10,8,14,3.3816904203655107e-06,0
float,16,5,9,reference,products,9.3175034335418893e-07,0,0,0,0,0,79192294.665039062
float,16,5,9,reference,preconditioner,9.2762499999999995e-06,0,0,0,0,0,-0.84679639339447021
float,16,5,9,reference,solve,0.00012887400000000001,4,10,8,14,3.3816904203655107e-06,0
double,16,5,-1,native,profile_operator,6.5005000000000005e-05,7,16,14,23,5.6037012670773305e-10,0
double,16,5,-1,native,profile_preconditioner,0.00013973600000000001,7,16,14,23,5.6037012670773305e-10,0
double,16,5,-1,native,profile_total,0.000281723,7,16,14,23,5.6037012670773305e-10,0
double,16,5,-1,reference,profile_operator,6.7174999999999993e-05,7,16,14,23,5.6037012670773305e-10,0
double,16,5,-1,reference,profile_preconditioner,0.00015410200000000001,7,16,14,23,5.6037012670773305e-10,0
double,16,5,-1,reference,profile_total,0.00030538899999999999,7,16,14,23,5.6037012670773305e-10,0
double,16,5,0,reference,products,6.2607614832900963e-07,0,0,0,0,0,79192302.082384101
double,16,5,0,reference,preconditioner,1.0134125e-05,0,0,0,0,0,-0.8467963401021481
double,16,5,0,reference,solve,0.00023798100000000001,7,16,14,23,5.6037012670773305e-10,0
double,16,5,0,native,products,6.3489195788188623e-07,0,0,0,0,0,79192302.082384101
double,16,5,0,native,preconditioner,1.0621375e-05,0,0,0,0,0,-0.8467963401021481
double,16,5,0,native,solve,0.000231809,7,16,14,23,5.6037012670773305e-10,0
double,16,5,1,native,products,6.3523607508011594e-07,0,0,0,0,0,79192302.082384101
double,16,5,1,native,preconditioner,1.0647625e-05,0,0,0,0,0,-0.8467963401021481
double,16,5,1,native,solve,0.00024859099999999999,7,16,14,23,5.6037012670773305e-10,0
double,16,5,1,reference,products,6.2863863879139324e-07,0,0,0,0,0,79192302.082384101
double,16,5,1,reference,preconditioner,1.0179374999999999e-05,0,0,0,0,0,-0.8467963401021481
double,16,5,1,reference,solve,0.000233883,7,16,14,23,5.6037012670773305e-10,0
double,16,5,2,reference,products,6.3603403021516862e-07,0,0,0,0,0,79192302.082384101
double,16,5,2,reference,preconditioner,1.0205500000000001e-05,0,0,0,0,0,-0.8467963401021481
double,16,5,2,reference,solve,0.00023009500000000001,7,16,14,23,5.6037012670773305e-10,0
double,16,5,2,native,products,6.3355409735998772e-07,0,0,0,0,0,79192302.082384101
double,16,5,2,native,preconditioner,1.0586375000000001e-05,0,0,0,0,0,-0.8467963401021481
double,16,5,2,native,solve,0.00025710700000000002,7,16,14,23,5.6037012670773305e-10,0
double,16,5,3,native,products,6.3110178544178231e-07,0,0,0,0,0,79192302.082384101
double,16,5,3,native,preconditioner,1.0568749999999999e-05,0,0,0,0,0,-0.8467963401021481
double,16,5,3,native,solve,0.00022936399999999999,7,16,14,23,5.6037012670773305e-10,0
double,16,5,3,reference,products,6.2765420418129103e-07,0,0,0,0,0,79192302.082384101
double,16,5,3,reference,preconditioner,1.01555e-05,0,0,0,0,0,-0.8467963401021481
double,16,5,3,reference,solve,0.00025231800000000002,7,16,14,23,5.6037012670773305e-10,0
double,16,5,4,reference,products,6.3012330230428806e-07,0,0,0,0,0,79192302.082384101
double,16,5,4,reference,preconditioner,1.0149249999999999e-05,0,0,0,0,0,-0.8467963401021481
double,16,5,4,reference,solve,0.000230757,7,16,14,23,5.6037012670773305e-10,0
double,16,5,4,native,products,6.3038013123760117e-07,0,0,0,0,0,79192302.082384101
double,16,5,4,native,preconditioner,1.060625e-05,0,0,0,0,0,-0.8467963401021481
double,16,5,4,native,solve,0.00022994500000000001,7,16,14,23,5.6037012670773305e-10,0
double,16,5,5,native,products,7.6079185106058294e-07,0,0,0,0,0,79192302.082384101
double,16,5,5,native,preconditioner,7.1669375e-05,0,0,0,0,0,-0.8467963401021481
double,16,5,5,native,solve,0.000235085,7,16,14,23,5.6037012670773305e-10,0
double,16,5,5,reference,products,6.2924568899740573e-07,0,0,0,0,0,79192302.082384101
double,16,5,5,reference,preconditioner,1.01555e-05,0,0,0,0,0,-0.8467963401021481
double,16,5,5,reference,solve,0.00023121799999999999,7,16,14,23,5.6037012670773305e-10,0
double,16,5,6,reference,products,6.3166290248741042e-07,0,0,0,0,0,79192302.082384101
double,16,5,6,reference,preconditioner,1.0121625e-05,0,0,0,0,0,-0.8467963401021481
double,16,5,6,reference,solve,0.00022982499999999999,7,16,14,23,5.6037012670773305e-10,0
double,16,5,6,native,products,6.4893041355104537e-07,0,0,0,0,0,79192302.082384101
double,16,5,6,native,preconditioner,1.1169875e-05,0,0,0,0,0,-0.8467963401021481
double,16,5,6,native,solve,0.000263248,7,16,14,23,5.6037012670773305e-10,0
double,16,5,7,native,products,6.2675507401190299e-07,0,0,0,0,0,79192302.082384101
double,16,5,7,native,preconditioner,1.057375e-05,0,0,0,0,0,-0.8467963401021481
double,16,5,7,native,solve,0.000229144,7,16,14,23,5.6037012670773305e-10,0
double,16,5,7,reference,products,6.3150694338470934e-07,0,0,0,0,0,79192302.082384101
double,16,5,7,reference,preconditioner,1.0150375e-05,0,0,0,0,0,-0.8467963401021481
double,16,5,7,reference,solve,0.00023243,7,16,14,23,5.6037012670773305e-10,0
double,16,5,8,reference,products,6.7927483595299866e-07,0,0,0,0,0,79192302.082384101
double,16,5,8,reference,preconditioner,1.014425e-05,0,0,0,0,0,-0.8467963401021481
double,16,5,8,reference,solve,0.00023049600000000001,7,16,14,23,5.6037012670773305e-10,0
double,16,5,8,native,products,6.2467877308103151e-07,0,0,0,0,0,79192302.082384101
double,16,5,8,native,preconditioner,1.0606375000000001e-05,0,0,0,0,0,-0.8467963401021481
double,16,5,8,native,solve,0.00022982499999999999,7,16,14,23,5.6037012670773305e-10,0
double,16,5,9,native,products,6.3025637112772764e-07,0,0,0,0,0,79192302.082384101
double,16,5,9,native,preconditioner,1.0576250000000001e-05,0,0,0,0,0,-0.8467963401021481
double,16,5,9,native,solve,0.00022933400000000001,7,16,14,23,5.6037012670773305e-10,0
double,16,5,9,reference,products,6.2912330230428819e-07,0,0,0,0,0,79192302.082384101
double,16,5,9,reference,preconditioner,1.0163000000000001e-05,0,0,0,0,0,-0.8467963401021481
double,16,5,9,reference,solve,0.000249473,7,16,14,23,5.6037012670773305e-10,0
float,16,1296,-1,native,profile_operator,0.0054601799999999994,4,10,8,14,6.7133383752071177e-06,0
float,16,1296,-1,native,profile_preconditioner,0.0094188520000000001,4,10,8,14,6.7133383752071177e-06,0
float,16,1296,-1,native,profile_total,0.028279981999999999,4,10,8,14,6.7133383752071177e-06,0
float,16,1296,-1,reference,profile_operator,0.0059417799999999998,4,10,8,14,6.7133383752071177e-06,0
float,16,1296,-1,reference,profile_preconditioner,0.010333473999999999,4,10,8,14,6.7133383752071177e-06,0
float,16,1296,-1,reference,profile_total,0.027774916,4,10,8,14,6.7133383752071177e-06,0
float,16,1296,0,reference,products,0.00024668104000000001,0,0,0,0,0,80810075
float,16,1296,0,reference,preconditioner,0.00059089250000000004,0,0,0,0,0,-0.84679639339447021
float,16,1296,0,reference,solve,0.018078809000000001,4,10,8,14,6.7133383752071177e-06,0
float,16,1296,0,native,products,0.00023544935999999999,0,0,0,0,0,80810075
float,16,1296,0,native,preconditioner,0.00065117787500000004,0,0,0,0,0,-0.84679639339447021
float,16,1296,0,native,solve,0.017048117000000002,4,10,8,14,6.7133383752071177e-06,0
float,16,1296,1,native,products,0.0002394734,0,0,0,0,0,80810075
float,16,1296,1,native,preconditioner,0.00059227762499999999,0,0,0,0,0,-0.84679639339447021
float,16,1296,1,native,solve,0.017752942000000001,4,10,8,14,6.7133383752071177e-06,0
float,16,1296,1,reference,products,0.00023949304000000002,0,0,0,0,0,80810075
float,16,1296,1,reference,preconditioner,0.00059457075000000003,0,0,0,0,0,-0.84679639339447021
float,16,1296,1,reference,solve,0.019545045,4,10,8,14,6.7133383752071177e-06,0
float,16,1296,2,reference,products,0.00023854284000000001,0,0,0,0,0,80810075
float,16,1296,2,reference,preconditioner,0.00068177825000000005,0,0,0,0,0,-0.84679639339447021
float,16,1296,2,reference,solve,0.017677910000000002,4,10,8,14,6.7133383752071177e-06,0
float,16,1296,2,native,products,0.00023932308,0,0,0,0,0,80810075
float,16,1296,2,native,preconditioner,0.00066755762500000004,0,0,0,0,0,-0.84679639339447021
float,16,1296,2,native,solve,0.018439761999999998,4,10,8,14,6.7133383752071177e-06,0
float,16,1296,3,native,products,0.00023810444,0,0,0,0,0,80810075
float,16,1296,3,native,preconditioner,0.00068491299999999999,0,0,0,0,0,-0.84679639339447021
float,16,1296,3,native,solve,0.018092415000000001,4,10,8,14,6.7133383752071177e-06,0
float,16,1296,3,reference,products,0.00024486359999999999,0,0,0,0,0,80810075
float,16,1296,3,reference,preconditioner,0.00068740149999999998,0,0,0,0,0,-0.84679639339447021
float,16,1296,3,reference,solve,0.017902775999999999,4,10,8,14,6.7133383752071177e-06,0
float,16,1296,4,reference,products,0.00024586871999999999,0,0,0,0,0,80810075
float,16,1296,4,reference,preconditioner,0.00058816987500000001,0,0,0,0,0,-0.84679639339447021
float,16,1296,4,reference,solve,0.020026056,4,10,8,14,6.7133383752071177e-06,0
float,16,1296,4,native,products,0.00023617596000000002,0,0,0,0,0,80810075
float,16,1296,4,native,preconditioner,0.00081552162500000004,0,0,0,0,0,-0.84679639339447021
float,16,1296,4,native,solve,0.017163456000000001,4,10,8,14,6.7133383752071177e-06,0
float,16,1296,5,native,products,0.00024323332,0,0,0,0,0,80810075
float,16,1296,5,native,preconditioner,0.000618246875,0,0,0,0,0,-0.84679639339447021
float,16,1296,5,native,solve,0.017605272000000002,4,10,8,14,6.7133383752071177e-06,0
float,16,1296,5,reference,products,0.00024045164,0,0,0,0,0,80810075
float,16,1296,5,reference,preconditioner,0.00058671699999999995,0,0,0,0,0,-0.84679639339447021
float,16,1296,5,reference,solve,0.018318742999999998,4,10,8,14,6.7133383752071177e-06,0
float,16,1296,6,reference,products,0.00024305980000000001,0,0,0,0,0,80810075
float,16,1296,6,reference,preconditioner,0.00065331574999999995,0,0,0,0,0,-0.84679639339447021
float,16,1296,6,reference,solve,0.016939472000000001,4,10,8,14,6.7133383752071177e-06,0
float,16,1296,6,native,products,0.00024026691999999998,0,0,0,0,0,80810075
float,16,1296,6,native,preconditioner,0.00059253050000000003,0,0,0,0,0,-0.84679639339447021
float,16,1296,6,native,solve,0.019374622000000001,4,10,8,14,6.7133383752071177e-06,0
float,16,1296,7,native,products,0.00024191684000000001,0,0,0,0,0,80810075
float,16,1296,7,native,preconditioner,0.00062427812499999996,0,0,0,0,0,-0.84679639339447021
float,16,1296,7,native,solve,0.017217146999999999,4,10,8,14,6.7133383752071177e-06,0
float,16,1296,7,reference,products,0.00024072016000000002,0,0,0,0,0,80810075
float,16,1296,7,reference,preconditioner,0.00073115437500000005,0,0,0,0,0,-0.84679639339447021
float,16,1296,7,reference,solve,0.018519633000000001,4,10,8,14,6.7133383752071177e-06,0
float,16,1296,8,reference,products,0.00023590703999999999,0,0,0,0,0,80810075
float,16,1296,8,reference,preconditioner,0.00070505237499999998,0,0,0,0,0,-0.84679639339447021
float,16,1296,8,reference,solve,0.019505339999999999,4,10,8,14,6.7133383752071177e-06,0
float,16,1296,8,native,products,0.00026429600000000002,0,0,0,0,0,80810075
float,16,1296,8,native,preconditioner,0.00058235137499999996,0,0,0,0,0,-0.84679639339447021
float,16,1296,8,native,solve,0.018745161,4,10,8,14,6.7133383752071177e-06,0
float,16,1296,9,native,products,0.00024305256000000002,0,0,0,0,0,80810075
float,16,1296,9,native,preconditioner,0.00059506925000000002,0,0,0,0,0,-0.84679639339447021
float,16,1296,9,native,solve,0.017859123000000001,4,10,8,14,6.7133383752071177e-06,0
float,16,1296,9,reference,products,0.00024570040000000004,0,0,0,0,0,80810075
float,16,1296,9,reference,preconditioner,0.00073505287500000001,0,0,0,0,0,-0.84679639339447021
float,16,1296,9,reference,solve,0.017829446999999998,4,10,8,14,6.7133383752071177e-06,0
double,16,1296,-1,native,profile_operator,0.020914659000000006,7,16,14,24,2.8102878011790435e-10,0
double,16,1296,-1,native,profile_preconditioner,0.038536742999999998,7,16,14,24,2.8102878011790435e-10,0
double,16,1296,-1,native,profile_total,0.086576125000000004,7,16,14,24,2.8102878011790435e-10,0
double,16,1296,-1,reference,profile_operator,0.019714704999999999,7,16,14,24,2.8102878011790435e-10,0
double,16,1296,-1,reference,profile_preconditioner,0.037075926999999995,7,16,14,24,2.8102878011790435e-10,0
double,16,1296,-1,reference,profile_total,0.083088492,7,16,14,24,2.8102878011790435e-10,0
double,16,1296,0,reference,products,0.00019158232000000001,0,0,0,0,0,80810078.788519325
double,16,1296,0,reference,preconditioner,0.0022752038749999999,0,0,0,0,0,-0.8467963401021481
double,16,1296,0,reference,solve,0.071238285999999998,7,16,14,24,2.8102878011790435e-10,0
double,16,1296,0,native,products,0.00016698936000000001,0,0,0,0,0,80810078.788519325
double,16,1296,0,native,preconditioner,0.0023040234999999998,0,0,0,0,0,-0.8467963401021481
double,16,1296,0,native,solve,0.074101757000000004,7,16,14,24,2.8102878011790435e-10,0
double,16,1296,1,native,products,0.00017385675999999998,0,0,0,0,0,80810078.788519325
double,16,1296,1,native,preconditioner,0.0023778957500000001,0,0,0,0,0,-0.8467963401021481
double,16,1296,1,native,solve,0.071774229999999994,7,16,14,24,2.8102878011790435e-10,0
double,16,1296,1,reference,products,0.00018518340000000001,0,0,0,0,0,80810078.788519325
double,16,1296,1,reference,preconditioner,0.002287308125,0,0,0,0,0,-0.8467963401021481
double,16,1296,1,reference,solve,0.069625883,7,16,14,24,2.8102878011790435e-10,0
double,16,1296,2,reference,products,0.00016792116,0,0,0,0,0,80810078.788519325
double,16,1296,2,reference,preconditioner,0.002385904625,0,0,0,0,0,-0.8467963401021481
double,16,1296,2,reference,solve,0.073615367000000001,7,16,14,24,2.8102878011790435e-10,0
double,16,1296,2,native,products,0.00017222443999999999,0,0,0,0,0,80810078.788519325
double,16,1296,2,native,preconditioner,0.0026292692499999999,0,0,0,0,0,-0.8467963401021481
double,16,1296,2,native,solve,0.070870038999999996,7,16,14,24,2.8102878011790435e-10,0
double,16,1296,3,native,products,0.0001850756,0,0,0,0,0,80810078.788519325
double,16,1296,3,native,preconditioner,0.0023264710000000001,0,0,0,0,0,-0.8467963401021481
double,16,1296,3,native,solve,0.072250491999999999,7,16,14,24,2.8102878011790435e-10,0
double,16,1296,3,reference,products,0.00017590583999999999,0,0,0,0,0,80810078.788519325
double,16,1296,3,reference,preconditioner,0.0022301109999999999,0,0,0,0,0,-0.8467963401021481
double,16,1296,3,reference,solve,0.071692835999999996,7,16,14,24,2.8102878011790435e-10,0
double,16,1296,4,reference,products,0.00017458531999999999,0,0,0,0,0,80810078.788519325
double,16,1296,4,reference,preconditioner,0.002362470375,0,0,0,0,0,-0.8467963401021481
double,16,1296,4,reference,solve,0.07190096,7,16,14,24,2.8102878011790435e-10,0
double,16,1296,4,native,products,0.00017758544000000002,0,0,0,0,0,80810078.788519325
double,16,1296,4,native,preconditioner,0.0024242548749999998,0,0,0,0,0,-0.8467963401021481
double,16,1296,4,native,solve,0.073047631000000002,7,16,14,24,2.8102878011790435e-10,0
double,16,1296,5,native,products,0.00016757124000000003,0,0,0,0,0,80810078.788519325
double,16,1296,5,native,preconditioner,0.0023864746250000001,0,0,0,0,0,-0.8467963401021481
double,16,1296,5,native,solve,0.071721060000000003,7,16,14,24,2.8102878011790435e-10,0
double,16,1296,5,reference,products,0.00016757327999999998,0,0,0,0,0,80810078.788519325
double,16,1296,5,reference,preconditioner,0.00211666875,0,0,0,0,0,-0.8467963401021481
double,16,1296,5,reference,solve,0.073679557000000007,7,16,14,24,2.8102878011790435e-10,0
double,16,1296,6,reference,products,0.00019021331999999997,0,0,0,0,0,80810078.788519325
double,16,1296,6,reference,preconditioner,0.0026482452499999999,0,0,0,0,0,-0.8467963401021481
double,16,1296,6,reference,solve,0.071579140999999999,7,16,14,24,2.8102878011790435e-10,0
double,16,1296,6,native,products,0.00019088220000000001,0,0,0,0,0,80810078.788519325
double,16,1296,6,native,preconditioner,0.0024650984999999999,0,0,0,0,0,-0.8467963401021481
double,16,1296,6,native,solve,0.071524457,7,16,14,24,2.8102878011790435e-10,0
double,16,1296,7,native,products,0.00017181568000000001,0,0,0,0,0,80810078.788519325
double,16,1296,7,native,preconditioner,0.0025609712499999999,0,0,0,0,0,-0.8467963401021481
double,16,1296,7,native,solve,0.073025809999999997,7,16,14,24,2.8102878011790435e-10,0
double,16,1296,7,reference,products,0.00019948047999999999,0,0,0,0,0,80810078.788519325
double,16,1296,7,reference,preconditioner,0.0025127061249999999,0,0,0,0,0,-0.8467963401021481
double,16,1296,7,reference,solve,0.070201852999999995,7,16,14,24,2.8102878011790435e-10,0
double,16,1296,8,reference,products,0.00017052643999999998,0,0,0,0,0,80810078.788519325
double,16,1296,8,reference,preconditioner,0.0023409496249999998,0,0,0,0,0,-0.8467963401021481
double,16,1296,8,reference,solve,0.072570728000000001,7,16,14,24,2.8102878011790435e-10,0
double,16,1296,8,native,products,0.00017471279999999999,0,0,0,0,0,80810078.788519325
double,16,1296,8,native,preconditioner,0.0024212203750000002,0,0,0,0,0,-0.8467963401021481
double,16,1296,8,native,solve,0.074306684999999997,7,16,14,24,2.8102878011790435e-10,0
double,16,1296,9,native,products,0.00017646128000000001,0,0,0,0,0,80810078.788519325
double,16,1296,9,native,preconditioner,0.0025809514999999999,0,0,0,0,0,-0.8467963401021481
double,16,1296,9,native,solve,0.072265469999999998,7,16,14,24,2.8102878011790435e-10,0
double,16,1296,9,reference,products,0.00018018112,0,0,0,0,0,80810078.788519325
double,16,1296,9,reference,preconditioner,0.0023639932499999999,0,0,0,0,0,-0.8467963401021481
double,16,1296,9,reference,solve,0.072123772000000003,7,16,14,24,2.8102878011790435e-10,0
