2d1597d91b79b03574989d3a94a26648cd1337303068195331563ff4a4e719f0  CMakeLists.txt
61152aaa6cd661c13bafa3232cea0e9a07545ef6e23c1c4ad539851d988af531  tests/CMakeLists.txt
74945a7d1912dda596b55c92e35b003e36475a46cb2063a41c306ffa951b2768  tests/test_split_ssor.cpp
6ead0d6b5bda69fddc22c188f36f750e2a979af2e32ae40ea65c7117a59938d7  benchmarks/CMakeLists.txt
3507c443dced5a90e52779e1b503fd70a396ca6483d87bdf50de0860d2295c49  benchmarks/benchmark_split.cpp
21101843db9af0fdf5594a7e625cf38711e2121b9cf64cc1f3556b15e9796d9a  benchmarks/run_optimization.sh
5c7318f8d4a03d3bcb4c50f31f33e135f2a88061c4c73805b3228b8a2e56b3b8  benchmarks/summarize_optimization.py
2c3550545cf1d16d8d043ad5e384ab5f3cdf68341cff237c37f768b58a75d056  benchmarks/reference_split_ssor.hpp
d9848ad58d091e5f44f7318af3f1f28564538e8dccdc91d263f381ec91e38633  include/owt/krylov/block_csr.hpp
c75eed658bdc32fb0bdb762e450a02ace5c06926e936b4dd0b4fad9bc8bb0a3c  include/owt/krylov/coarse.hpp
d09099e1eb5e6a3efc5443c50b5fed3fd6a08da22f7c6ad87768f375390d33be  include/owt/krylov/core.hpp
9d62760c16ac6facf94e4ee6558f1cdb3410ba79590e79dfd9a4a92745f8c0c5  include/owt/krylov/dense_block_csr.hpp
d27fbebfbd3f12a3e6341ba2596813b85a62fcd269b096c5955ad04543d3c3e6  include/owt/krylov/distributed_layout.hpp
8ccb10fa9b198203838fe13563292464b828d2cafc6acb265aa9f4a83120afcc  include/owt/krylov/execution.hpp
c03dc57eb3f3f8be8e923e797d99d30fc1a3b70d6015c7c9d8058be9c4a13811  include/owt/krylov/gcrodr.hpp
396544ddad35c5595a3800f871a46e2c39e1250741994e0443b2ce6cf586903c  include/owt/krylov/idrs.hpp
cf30da5bc2ddf2a8860c592ed5221d3fd7b85584dcf750409210546b0d17029b  include/owt/krylov/krylov_solvers.hpp
fbe21097de7f530b1a2985a5c42784ba3ed7d0c11444628620af06100c54dde8  include/owt/krylov/mpi_halo.hpp
3ac3d742f7b16419f93928f3cccba7d7870552ec66cb4c3227c79b7bf669b4ee  include/owt/krylov/multigrid.hpp
ddefde5b5f601b0dc97d304c96b598bf3a403e7d3420ea1070629f260877dcf2  include/owt/krylov/ordering.hpp
bc44eb33355226631c5e20fa5faeb5896df1c3cdc216ac28f6e24a69bcd35db9  include/owt/krylov/overlap.hpp
fa90100047510cf34469c2e8458066cd16ca6930fe04a48a1ca367fb631bf512  include/owt/krylov/overlap_plan.hpp
e3ba9227fc16fbb3117bcc552e22294fa5f751739254d94cd41d38c6a4e396e7  include/owt/krylov/owt_krylov.hpp
80989b5d1d4e05187250d943194179d9b1c0e765224da42f2df904f7babcd1a5  include/owt/krylov/petsc_adapter.hpp
28106c97ce2f962530421a3b9dc665f7046f4aa81f393d7e64915b0a0c715072  include/owt/krylov/petsc_coarse.hpp
a0290225ef93154f06f6181efc5c7edabac9cb706694666e69a33edc0864adb3  include/owt/krylov/pipelined_bicgstab.hpp
a092308b2115385a9089ece56a4e9512bf0e1bdc2f713fe43c2a3102e4c444b4  include/owt/krylov/preconditioner.hpp
ef771264c652e8ea4de18cfa0a96a40f6ae403fc6b3293eb0498eb688bc9fdfd  include/owt/krylov/recycling.hpp
563f998c727be625cb35f6535dd9b916702d6570ffc8987cdc18bc11d34f26e7  include/owt/krylov/reduction.hpp
fe7e77fbb967fbc41f066ea3024f1ae7bebef5b870060751106b5a19e3b71911  include/owt/krylov/simd.hpp
749aa328e78ddfb8abc72a792b2ac4d146b795cc81acaddd05f57a2f84cafc57  include/owt/krylov/specwave_compat.hpp
80dea1c3aaa0db8ce630c2c4a128c7f21db3afbacf60acf51ec52a8d8cdd3a1d  include/owt/krylov/split_block_csr.hpp
577badefe558d89ac4711653e095757c5aa73e6fec0b05f248c6f571ca1d7a70  include/owt/krylov/stationary.hpp
