precision,side,block,sample,variant,phase,seconds,iterations,operator_apps,preconditioner_apps,reductions,relative_residual,checksum
float,32,1,-1,native,profile_operator,0.000124055,4,10,8,14,3.342033521587579e-06,0
float,32,1,-1,native,profile_preconditioner,0.00032383000000000005,4,10,8,14,3.342033521587579e-06,0
float,32,1,-1,native,profile_total,0.00049336400000000004,4,10,8,14,3.342033521587579e-06,0
float,32,1,-1,reference,profile_operator,0.000124537,4,10,8,14,3.342033521587579e-06,0
float,32,1,-1,reference,profile_preconditioner,0.00033891100000000001,4,10,8,14,3.342033521587579e-06,0
float,32,1,-1,reference,profile_total,0.00051765999999999997,4,10,8,14,3.342033521587579e-06,0
float,32,1,0,reference,products,1.0591715087890626e-06,0,0,0,0,0,83206360
float,32,1,0,reference,preconditioner,4.1532375000000001e-05,0,0,0,0,0,-0.60671710968017578
float,32,1,0,reference,solve,0.00055221600000000001,4,10,8,14,3.342033521587579e-06,0
float,32,1,0,native,products,1.0634312744140625e-06,0,0,0,0,0,83206360
float,32,1,0,native,preconditioner,4.2219999999999999e-05,0,0,0,0,0,-0.60671710968017578
float,32,1,0,native,solve,0.00046668300000000002,4,10,8,14,3.342033521587579e-06,0
float,32,1,1,native,products,1.2051557617187501e-06,0,0,0,0,0,83206360
float,32,1,1,native,preconditioner,4.2219874999999997e-05,0,0,0,0,0,-0.60671710968017578
float,32,1,1,native,solve,0.00047220399999999999,4,10,8,14,3.342033521587579e-06,0
float,32,1,1,reference,products,1.0550694580078124e-06,0,0,0,0,0,83206360
float,32,1,1,reference,preconditioner,4.2896250000000001e-05,0,0,0,0,0,-0.60671710968017578
float,32,1,1,reference,solve,0.00047078099999999998,4,10,8,14,3.342033521587579e-06,0
float,32,1,2,reference,products,1.07239599609375e-06,0,0,0,0,0,83206360
float,32,1,2,reference,preconditioner,4.1571250000000003e-05,0,0,0,0,0,-0.60671710968017578
float,32,1,2,reference,solve,0.00047992800000000002,4,10,8,14,3.342033521587579e-06,0
float,32,1,2,native,products,1.0687783203125001e-06,0,0,0,0,0,83206360
float,32,1,2,native,preconditioner,4.2232374999999997e-05,0,0,0,0,0,-0.60671710968017578
float,32,1,2,native,solve,0.000481993,4,10,8,14,3.342033521587579e-06,0
float,32,1,3,native,products,1.0651264648437499e-06,0,0,0,0,0,83206360
float,32,1,3,native,preconditioner,4.2286249999999999e-05,0,0,0,0,0,-0.60671710968017578
float,32,1,3,native,solve,0.000472084,4,10,8,14,3.342033521587579e-06,0
float,32,1,3,reference,products,1.0684248046875e-06,0,0,0,0,0,83206360
float,32,1,3,reference,preconditioner,4.322925e-05,0,0,0,0,0,-0.60671710968017578
float,32,1,3,reference,solve,0.00047154199999999998,4,10,8,14,3.342033521587579e-06,0
float,32,1,4,reference,products,1.0660777587890625e-06,0,0,0,0,0,83206360
float,32,1,4,reference,preconditioner,4.3052749999999999e-05,0,0,0,0,0,-0.60671710968017578
float,32,1,4,reference,solve,0.000470731,4,10,8,14,3.342033521587579e-06,0
float,32,1,4,native,products,1.067149169921875e-06,0,0,0,0,0,83206360
float,32,1,4,native,preconditioner,4.227e-05,0,0,0,0,0,-0.60671710968017578
float,32,1,4,native,solve,0.00048229300000000001,4,10,8,14,3.342033521587579e-06,0
float,32,1,5,native,products,1.061047607421875e-06,0,0,0,0,0,83206360
float,32,1,5,native,preconditioner,4.2231124999999998e-05,0,0,0,0,0,-0.60671710968017578
float,32,1,5,native,solve,0.000484847,4,10,8,14,3.342033521587579e-06,0
float,32,1,5,reference,products,1.0461085205078126e-06,0,0,0,0,0,83206360
float,32,1,5,reference,preconditioner,4.2501749999999997e-05,0,0,0,0,0,-0.60671710968017578
float,32,1,5,reference,solve,0.000470851,4,10,8,14,3.342033521587579e-06,0
float,32,1,6,reference,products,1.0843974609374999e-06,0,0,0,0,0,83206360
float,32,1,6,reference,preconditioner,4.3537374999999999e-05,0,0,0,0,0,-0.60671710968017578
float,32,1,6,reference,solve,0.000551664,4,10,8,14,3.342033521587579e-06,0
float,32,1,6,native,products,1.1699769287109376e-06,0,0,0,0,0,83206360
float,32,1,6,native,preconditioner,4.2402750000000003e-05,0,0,0,0,0,-0.60671710968017578
float,32,1,6,native,solve,0.00049572899999999998,4,10,8,14,3.342033521587579e-06,0
float,32,1,7,native,products,1.0688125000000001e-06,0,0,0,0,0,83206360
float,32,1,7,native,preconditioner,4.2287499999999998e-05,0,0,0,0,0,-0.60671710968017578
float,32,1,7,native,solve,0.00049946500000000004,4,10,8,14,3.342033521587579e-06,0
float,32,1,7,reference,products,1.0621739501953126e-06,0,0,0,0,0,83206360
float,32,1,7,reference,preconditioner,4.1640125000000003e-05,0,0,0,0,0,-0.60671710968017578
float,32,1,7,reference,solve,0.00053995200000000001,4,10,8,14,3.342033521587579e-06,0
float,32,1,8,reference,products,1.0684028320312499e-06,0,0,0,0,0,83206360
float,32,1,8,reference,preconditioner,4.1658875e-05,0,0,0,0,0,-0.60671710968017578
float,32,1,8,reference,solve,0.00047238400000000001,4,10,8,14,3.342033521587579e-06,0
float,32,1,8,native,products,1.064970947265625e-06,0,0,0,0,0,83206360
float,32,1,8,native,preconditioner,4.3404625000000003e-05,0,0,0,0,0,-0.60671710968017578
float,32,1,8,native,solve,0.00046613299999999998,4,10,8,14,3.342033521587579e-06,0
float,32,1,9,native,products,1.0675491943359376e-06,0,0,0,0,0,83206360
float,32,1,9,native,preconditioner,4.3385874999999999e-05,0,0,0,0,0,-0.60671710968017578
float,32,1,9,native,solve,0.00047525900000000001,4,10,8,14,3.342033521587579e-06,0
float,32,1,9,reference,products,1.0603468017578125e-06,0,0,0,0,0,83206360
float,32,1,9,reference,preconditioner,4.1585000000000002e-05,0,0,0,0,0,-0.60671710968017578
float,32,1,9,reference,solve,0.00050153899999999996,4,10,8,14,3.342033521587579e-06,0
float,32,1,10,reference,products,1.0632183837890626e-06,0,0,0,0,0,83206360
float,32,1,10,reference,preconditioner,4.1539874999999997e-05,0,0,0,0,0,-0.60671710968017578
float,32,1,10,reference,solve,0.00047010999999999998,4,10,8,14,3.342033521587579e-06,0
float,32,1,10,native,products,1.0636074218750001e-06,0,0,0,0,0,83206360
float,32,1,10,native,preconditioner,4.3218125000000001e-05,0,0,0,0,0,-0.60671710968017578
float,32,1,10,native,solve,0.00046463,4,10,8,14,3.342033521587579e-06,0
float,32,1,11,native,products,1.0604177246093749e-06,0,0,0,0,0,83206360
float,32,1,11,native,preconditioner,4.2375249999999997e-05,0,0,0,0,0,-0.60671710968017578
float,32,1,11,native,solve,0.0017261170000000001,4,10,8,14,3.342033521587579e-06,0
float,32,1,11,reference,products,1.07793505859375e-06,0,0,0,0,0,83206360
float,32,1,11,reference,preconditioner,4.3469749999999998e-05,0,0,0,0,0,-0.60671710968017578
float,32,1,11,reference,solve,0.00049153000000000001,4,10,8,14,3.342033521587579e-06,0
float,32,1,12,reference,products,1.0673706054687501e-06,0,0,0,0,0,83206360
float,32,1,12,reference,preconditioner,4.8744749999999998e-05,0,0,0,0,0,-0.60671710968017578
float,32,1,12,reference,solve,0.00047150300000000002,4,10,8,14,3.342033521587579e-06,0
float,32,1,12,native,products,1.0705150146484376e-06,0,0,0,0,0,83206360
float,32,1,12,native,preconditioner,4.2302624999999999e-05,0,0,0,0,0,-0.60671710968017578
float,32,1,12,native,solve,0.00048268399999999999,4,10,8,14,3.342033521587579e-06,0
float,32,1,13,native,products,1.081692138671875e-06,0,0,0,0,0,83206360
float,32,1,13,native,preconditioner,4.2267500000000001e-05,0,0,0,0,0,-0.60671710968017578
float,32,1,13,native,solve,0.00049070899999999998,4,10,8,14,3.342033521587579e-06,0
float,32,1,13,reference,products,1.083107177734375e-06,0,0,0,0,0,83206360
float,32,1,13,reference,preconditioner,4.1678875000000003e-05,0,0,0,0,0,-0.60671710968017578
float,32,1,13,reference,solve,0.00049569800000000004,4,10,8,14,3.342033521587579e-06,0
float,32,1,14,reference,products,1.0884345703125e-06,0,0,0,0,0,83206360
float,32,1,14,reference,preconditioner,4.9055375000000003e-05,0,0,0,0,0,-0.60671710968017578
float,32,1,14,reference,solve,0.000531165,4,10,8,14,3.342033521587579e-06,0
float,32,1,14,native,products,1.0600251464843749e-06,0,0,0,0,0,83206360
float,32,1,14,native,preconditioner,4.2352625e-05,0,0,0,0,0,-0.60671710968017578
float,32,1,14,native,solve,0.00049005800000000003,4,10,8,14,3.342033521587579e-06,0
float,32,1,15,native,products,1.0562239990234375e-06,0,0,0,0,0,83206360
float,32,1,15,native,preconditioner,4.3224374999999997e-05,0,0,0,0,0,-0.60671710968017578
float,32,1,15,native,solve,0.000464609,4,10,8,14,3.342033521587579e-06,0
float,32,1,15,reference,products,1.1082083740234375e-06,0,0,0,0,0,83206360
float,32,1,15,reference,preconditioner,4.1567375000000003e-05,0,0,0,0,0,-0.60671710968017578
float,32,1,15,reference,solve,0.000471092,4,10,8,14,3.342033521587579e-06,0
float,32,1,16,reference,products,1.0696625976562501e-06,0,0,0,0,0,83206360
float,32,1,16,reference,preconditioner,4.2836125000000003e-05,0,0,0,0,0,-0.60671710968017578
float,32,1,16,reference,solve,0.00046964899999999999,4,10,8,14,3.342033521587579e-06,0
float,32,1,16,native,products,1.23580224609375e-06,0,0,0,0,0,83206360
float,32,1,16,native,preconditioner,4.3445999999999997e-05,0,0,0,0,0,-0.60671710968017578
float,32,1,16,native,solve,0.000527529,4,10,8,14,3.342033521587579e-06,0
float,32,1,17,native,products,1.05692724609375e-06,0,0,0,0,0,83206360
float,32,1,17,native,preconditioner,4.9548749999999999e-05,0,0,0,0,0,-0.60671710968017578
float,32,1,17,native,solve,0.00046599199999999998,4,10,8,14,3.342033521587579e-06,0
float,32,1,17,reference,products,1.0624136962890626e-06,0,0,0,0,0,83206360
float,32,1,17,reference,preconditioner,4.1668875000000002e-05,0,0,0,0,0,-0.60671710968017578
float,32,1,17,reference,solve,0.00049417500000000002,4,10,8,14,3.342033521587579e-06,0
float,32,1,18,reference,products,1.0781992187500001e-06,0,0,0,0,0,83206360
float,32,1,18,reference,preconditioner,4.1542375000000002e-05,0,0,0,0,0,-0.60671710968017578
float,32,1,18,reference,solve,0.00049104900000000002,4,10,8,14,3.342033521587579e-06,0
float,32,1,18,native,products,1.0701444091796874e-06,0,0,0,0,0,83206360
float,32,1,18,native,preconditioner,4.2277500000000003e-05,0,0,0,0,0,-0.60671710968017578
float,32,1,18,native,solve,0.00048123099999999999,4,10,8,14,3.342033521587579e-06,0
float,32,1,19,native,products,1.0872972412109375e-06,0,0,0,0,0,83206360
float,32,1,19,native,preconditioner,4.2410249999999999e-05,0,0,0,0,0,-0.60671710968017578
float,32,1,19,native,solve,0.00050284199999999998,4,10,8,14,3.342033521587579e-06,0
float,32,1,19,reference,products,1.0635792236328126e-06,0,0,0,0,0,83206360
float,32,1,19,reference,preconditioner,4.2891249999999997e-05,0,0,0,0,0,-0.60671710968017578
float,32,1,19,reference,solve,0.00045897800000000002,4,10,8,14,3.342033521587579e-06,0
double,32,1,-1,native,profile_operator,0.00019319499999999998,7,16,14,23,5.1216410219961497e-10,0
double,32,1,-1,native,profile_preconditioner,0.00058146200000000004,7,16,14,23,5.1216410219961497e-10,0
double,32,1,-1,native,profile_total,0.00084369700000000002,7,16,14,23,5.1216410219961497e-10,0
double,32,1,-1,reference,profile_operator,0.00017253799999999999,7,16,14,23,5.1216410219961497e-10,0
double,32,1,-1,reference,profile_preconditioner,0.00055246699999999995,7,16,14,23,5.1216410219961497e-10,0
double,32,1,-1,reference,profile_total,0.000809493,7,16,14,23,5.1216410219961497e-10,0
double,32,1,0,reference,products,6.2599816894531253e-07,0,0,0,0,0,83206365.842648989
double,32,1,0,reference,preconditioner,3.8650625000000001e-05,0,0,0,0,0,-0.60671712489359708
double,32,1,0,reference,solve,0.000720534,7,16,14,23,5.1216410219961497e-10,0
double,32,1,0,native,products,5.8737145996093749e-07,0,0,0,0,0,83206365.842648989
double,32,1,0,native,preconditioner,3.8429000000000001e-05,0,0,0,0,0,-0.60671712489359708
double,32,1,0,native,solve,0.00069242999999999996,7,16,14,23,5.1216410219961497e-10,0
double,32,1,1,native,products,5.7089501953125001e-07,0,0,0,0,0,83206365.842648989
double,32,1,1,native,preconditioner,3.7503499999999998e-05,0,0,0,0,0,-0.60671712489359708
double,32,1,1,native,solve,0.00065525999999999996,7,16,14,23,5.1216410219961497e-10,0
double,32,1,1,reference,products,5.7272216796874998e-07,0,0,0,0,0,83206365.842648989
double,32,1,1,reference,preconditioner,3.3436999999999999e-05,0,0,0,0,0,-0.60671712489359708
double,32,1,1,reference,solve,0.00065366700000000003,7,16,14,23,5.1216410219961497e-10,0
double,32,1,2,reference,products,5.2069873046875004e-07,0,0,0,0,0,83206365.842648989
double,32,1,2,reference,preconditioner,3.2435124999999999e-05,0,0,0,0,0,-0.60671712489359708
double,32,1,2,reference,solve,0.00060265000000000004,7,16,14,23,5.1216410219961497e-10,0
double,32,1,2,native,products,5.2232653808593751e-07,0,0,0,0,0,83206365.842648989
double,32,1,2,native,preconditioner,3.3198999999999998e-05,0,0,0,0,0,-0.60671712489359708
double,32,1,2,native,solve,0.00060856199999999999,7,16,14,23,5.1216410219961497e-10,0
double,32,1,3,native,products,5.8933081054687504e-07,0,0,0,0,0,83206365.842648989
double,32,1,3,native,preconditioner,3.3385625000000003e-05,0,0,0,0,0,-0.60671712489359708
double,32,1,3,native,solve,0.00060052700000000001,7,16,14,23,5.1216410219961497e-10,0
double,32,1,3,reference,products,5.0115600585937499e-07,0,0,0,0,0,83206365.842648989
double,32,1,3,reference,preconditioner,3.1765125e-05,0,0,0,0,0,-0.60671712489359708
double,32,1,3,reference,solve,0.00060192899999999996,7,16,14,23,5.1216410219961497e-10,0
double,32,1,4,reference,products,5.2345043945312498e-07,0,0,0,0,0,83206365.842648989
double,32,1,4,reference,preconditioner,3.2794625000000001e-05,0,0,0,0,0,-0.60671712489359708
double,32,1,4,reference,solve,0.00059148000000000002,7,16,14,23,5.1216410219961497e-10,0
double,32,1,4,native,products,5.123184814453125e-07,0,0,0,0,0,83206365.842648989
double,32,1,4,native,preconditioner,3.3253000000000002e-05,0,0,0,0,0,-0.60671712489359708
double,32,1,4,native,solve,0.00063422000000000001,7,16,14,23,5.1216410219961497e-10,0
double,32,1,5,native,products,5.0867028808593753e-07,0,0,0,0,0,83206365.842648989
double,32,1,5,native,preconditioner,3.3293000000000001e-05,0,0,0,0,0,-0.60671712489359708
double,32,1,5,native,solve,0.00059739099999999996,7,16,14,23,5.1216410219961497e-10,0
double,32,1,5,reference,products,4.9954284667968755e-07,0,0,0,0,0,83206365.842648989
double,32,1,5,reference,preconditioner,3.1691250000000003e-05,0,0,0,0,0,-0.60671712489359708
double,32,1,5,reference,solve,0.00060355200000000004,7,16,14,23,5.1216410219961497e-10,0
double,32,1,6,reference,products,5.0795971679687497e-07,0,0,0,0,0,83206365.842648989
double,32,1,6,reference,preconditioner,3.168375e-05,0,0,0,0,0,-0.60671712489359708
double,32,1,6,reference,solve,0.00059398399999999998,7,16,14,23,5.1216410219961497e-10,0
double,32,1,6,native,products,5.0131506347656252e-07,0,0,0,0,0,83206365.842648989
double,32,1,6,native,preconditioner,3.3376875000000001e-05,0,0,0,0,0,-0.60671712489359708
double,32,1,6,native,solve,0.00060187900000000004,7,16,14,23,5.1216410219961497e-10,0
double,32,1,7,native,products,4.9852539062500005e-07,0,0,0,0,0,83206365.842648989
double,32,1,7,native,preconditioner,3.4108250000000003e-05,0,0,0,0,0,-0.60671712489359708
double,32,1,7,native,solve,0.00058586900000000004,7,16,14,23,5.1216410219961497e-10,0
double,32,1,7,reference,products,5.0275097656249999e-07,0,0,0,0,0,83206365.842648989
double,32,1,7,reference,preconditioner,3.2923499999999997e-05,0,0,0,0,0,-0.60671712489359708
double,32,1,7,reference,solve,0.00058914500000000001,7,16,14,23,5.1216410219961497e-10,0
double,32,1,8,reference,products,5.0237670898437505e-07,0,0,0,0,0,83206365.842648989
double,32,1,8,reference,preconditioner,3.1661125000000003e-05,0,0,0,0,0,-0.60671712489359708
double,32,1,8,reference,solve,0.00060479499999999999,7,16,14,23,5.1216410219961497e-10,0
double,32,1,8,native,products,6.6823254394531249e-07,0,0,0,0,0,83206365.842648989
double,32,1,8,native,preconditioner,3.3227874999999999e-05,0,0,0,0,0,-0.60671712489359708
double,32,1,8,native,solve,0.00059998500000000004,7,16,14,23,5.1216410219961497e-10,0
double,32,1,9,native,products,5.0669262695312498e-07,0,0,0,0,0,83206365.842648989
double,32,1,9,native,preconditioner,3.3335625000000002e-05,0,0,0,0,0,-0.60671712489359708
double,32,1,9,native,solve,0.00059135899999999996,7,16,14,23,5.1216410219961497e-10,0
double,32,1,9,reference,products,5.0275463867187497e-07,0,0,0,0,0,83206365.842648989
double,32,1,9,reference,preconditioner,3.2579125000000003e-05,0,0,0,0,0,-0.60671712489359708
double,32,1,9,reference,solve,0.00058968599999999996,7,16,14,23,5.1216410219961497e-10,0
double,32,1,10,reference,products,4.9899133300781252e-07,0,0,0,0,0,83206365.842648989
double,32,1,10,reference,preconditioner,3.2656749999999999e-05,0,0,0,0,0,-0.60671712489359708
double,32,1,10,reference,solve,0.00058943500000000002,7,16,14,23,5.1216410219961497e-10,0
double,32,1,10,native,products,6.7157629394531252e-07,0,0,0,0,0,83206365.842648989
double,32,1,10,native,preconditioner,3.3445875000000003e-05,0,0,0,0,0,-0.60671712489359708
double,32,1,10,native,solve,0.001173501,7,16,14,23,5.1216410219961497e-10,0
double,32,1,11,native,products,5.0531066894531249e-07,0,0,0,0,0,83206365.842648989
double,32,1,11,native,preconditioner,3.9856625000000002e-05,0,0,0,0,0,-0.60671712489359708
double,32,1,11,native,solve,0.000594515,7,16,14,23,5.1216410219961497e-10,0
double,32,1,11,reference,products,5.0028527832031246e-07,0,0,0,0,0,83206365.842648989
double,32,1,11,reference,preconditioner,3.1656124999999998e-05,0,0,0,0,0,-0.60671712489359708
double,32,1,11,reference,solve,0.00059928499999999997,7,16,14,23,5.1216410219961497e-10,0
double,32,1,12,reference,products,4.9965795898437502e-07,0,0,0,0,0,83206365.842648989
double,32,1,12,reference,preconditioner,3.1714999999999997e-05,0,0,0,0,0,-0.60671712489359708
double,32,1,12,reference,solve,0.00066095100000000001,7,16,14,23,5.1216410219961497e-10,0
double,32,1,12,native,products,5.0486547851562501e-07,0,0,0,0,0,83206365.842648989
double,32,1,12,native,preconditioner,3.4149624999999997e-05,0,0,0,0,0,-0.60671712489359708
double,32,1,12,native,solve,0.00058973599999999999,7,16,14,23,5.1216410219961497e-10,0
double,32,1,13,native,products,5.0044067382812501e-07,0,0,0,0,0,83206365.842648989
double,32,1,13,native,preconditioner,3.3657500000000001e-05,0,0,0,0,0,-0.60671712489359708
double,32,1,13,native,solve,0.00058561799999999999,7,16,14,23,5.1216410219961497e-10,0
double,32,1,13,reference,products,5.0019848632812501e-07,0,0,0,0,0,83206365.842648989
double,32,1,13,reference,preconditioner,3.2783249999999998e-05,0,0,0,0,0,-0.60671712489359708
double,32,1,13,reference,solve,0.00058998700000000004,7,16,14,23,5.1216410219961497e-10,0
double,32,1,14,reference,products,5.1862207031250001e-07,0,0,0,0,0,83206365.842648989
double,32,1,14,reference,preconditioner,3.1723749999999999e-05,0,0,0,0,0,-0.60671712489359708
double,32,1,14,reference,solve,0.000634922,7,16,14,23,5.1216410219961497e-10,0
double,32,1,14,native,products,5.0144348144531248e-07,0,0,0,0,0,83206365.842648989
double,32,1,14,native,preconditioner,3.3246625000000003e-05,0,0,0,0,0,-0.60671712489359708
double,32,1,14,native,solve,0.00059143900000000003,7,16,14,23,5.1216410219961497e-10,0
double,32,1,15,native,products,5.0162329101562499e-07,0,0,0,0,0,83206365.842648989
double,32,1,15,native,preconditioner,3.3283e-05,0,0,0,0,0,-0.60671712489359708
double,32,1,15,native,solve,0.00060736899999999996,7,16,14,23,5.1216410219961497e-10,0
double,32,1,15,reference,products,7.0630395507812499e-07,0,0,0,0,0,83206365.842648989
double,32,1,15,reference,preconditioner,3.4018125000000001e-05,0,0,0,0,0,-0.60671712489359708
double,32,1,15,reference,solve,0.00060046700000000004,7,16,14,23,5.1216410219961497e-10,0
double,32,1,16,reference,products,4.9994653320312496e-07,0,0,0,0,0,83206365.842648989
double,32,1,16,reference,preconditioner,3.1743750000000002e-05,0,0,0,0,0,-0.60671712489359708
double,32,1,16,reference,solve,0.00060375299999999995,7,16,14,23,5.1216410219961497e-10,0
double,32,1,16,native,products,5.0286828613281247e-07,0,0,0,0,0,83206365.842648989
double,32,1,16,native,preconditioner,3.3190374999999998e-05,0,0,0,0,0,-0.60671712489359708
double,32,1,16,native,solve,0.00059703999999999996,7,16,14,23,5.1216410219961497e-10,0
double,32,1,17,native,products,5.2228125000000002e-07,0,0,0,0,0,83206365.842648989
double,32,1,17,native,preconditioner,3.38115e-05,0,0,0,0,0,-0.60671712489359708
double,32,1,17,native,solve,0.00058509800000000004,7,16,14,23,5.1216410219961497e-10,0
double,32,1,17,reference,products,5.0878283691406247e-07,0,0,0,0,0,83206365.842648989
double,32,1,17,reference,preconditioner,3.1720125000000003e-05,0,0,0,0,0,-0.60671712489359708
double,32,1,17,reference,solve,0.000589626,7,16,14,23,5.1216410219961497e-10,0
double,32,1,18,reference,products,5.0402648925781249e-07,0,0,0,0,0,83206365.842648989
double,32,1,18,reference,preconditioner,3.1740125e-05,0,0,0,0,0,-0.60671712489359708
double,32,1,18,reference,solve,0.00063214599999999999,7,16,14,23,5.1216410219961497e-10,0
double,32,1,18,native,products,5.3063696289062495e-07,0,0,0,0,0,83206365.842648989
double,32,1,18,native,preconditioner,3.5490875000000001e-05,0,0,0,0,0,-0.60671712489359708
double,32,1,18,native,solve,0.00061996299999999996,7,16,14,23,5.1216410219961497e-10,0
double,32,1,19,native,products,5.0109240722656251e-07,0,0,0,0,0,83206365.842648989
double,32,1,19,native,preconditioner,3.4207249999999997e-05,0,0,0,0,0,-0.60671712489359708
double,32,1,19,native,solve,0.000585178,7,16,14,23,5.1216410219961497e-10,0
double,32,1,19,reference,products,5.0115002441406247e-07,0,0,0,0,0,83206365.842648989
double,32,1,19,reference,preconditioner,3.2517749999999999e-05,0,0,0,0,0,-0.60671712489359708
double,32,1,19,reference,solve,0.00058913499999999996,7,16,14,23,5.1216410219961497e-10,0
float,32,5,-1,native,profile_operator,0.00016830799999999999,4,10,8,14,2.7910957339521565e-06,0
float,32,5,-1,native,profile_preconditioner,0.00033007700000000002,4,10,8,14,2.7910957339521565e-06,0
float,32,5,-1,native,profile_total,0.00065824500000000001,4,10,8,14,2.7910957339521565e-06,0
float,32,5,-1,reference,profile_operator,0.00017388900000000002,4,10,8,14,2.7910957339521565e-06,0
float,32,5,-1,reference,profile_preconditioner,0.00030986700000000002,4,10,8,14,2.7910957339521565e-06,0
float,32,5,-1,reference,profile_total,0.00064224499999999995,4,10,8,14,2.7910957339521565e-06,0
float,32,5,0,reference,products,3.7577106227106228e-06,0,0,0,0,0,83872587.09375
float,32,5,0,reference,preconditioner,4.0295e-05,0,0,0,0,0,-0.60671710968017578
float,32,5,0,reference,solve,0.00052406200000000005,4,10,8,14,2.7910957339521565e-06,0
float,32,5,0,native,products,3.6757851037851037e-06,0,0,0,0,0,83872587.09375
float,32,5,0,native,preconditioner,3.8050750000000002e-05,0,0,0,0,0,-0.60671710968017578
float,32,5,0,native,solve,0.00053174600000000004,4,10,8,14,2.7910957339521565e-06,0
float,32,5,1,native,products,3.694789377289377e-06,0,0,0,0,0,83872587.09375
float,32,5,1,native,preconditioner,3.7847874999999999e-05,0,0,0,0,0,-0.60671710968017578
float,32,5,1,native,solve,0.00054700500000000004,4,10,8,14,2.7910957339521565e-06,0
float,32,5,1,reference,products,3.6805683760683759e-06,0,0,0,0,0,83872587.09375
float,32,5,1,reference,preconditioner,3.8059499999999997e-05,0,0,0,0,0,-0.60671710968017578
float,32,5,1,reference,solve,0.00052397200000000004,4,10,8,14,2.7910957339521565e-06,0
float,32,5,2,reference,products,3.6472448107448106e-06,0,0,0,0,0,83872587.09375
float,32,5,2,reference,preconditioner,3.79155e-05,0,0,0,0,0,-0.60671710968017578
float,32,5,2,reference,solve,0.00058524800000000002,4,10,8,14,2.7910957339521565e-06,0
float,32,5,2,native,products,3.6813205128205129e-06,0,0,0,0,0,83872587.09375
float,32,5,2,native,preconditioner,3.9566125000000002e-05,0,0,0,0,0,-0.60671710968017578
float,32,5,2,native,solve,0.00051285100000000004,4,10,8,14,2.7910957339521565e-06,0
float,32,5,3,native,products,3.6504499389499389e-06,0,0,0,0,0,83872587.09375
float,32,5,3,native,preconditioner,3.7834124999999999e-05,0,0,0,0,0,-0.60671710968017578
float,32,5,3,native,solve,0.00052198800000000003,4,10,8,14,2.7910957339521565e-06,0
float,32,5,3,reference,products,3.6768186813186813e-06,0,0,0,0,0,83872587.09375
float,32,5,3,reference,preconditioner,3.7980625000000002e-05,0,0,0,0,0,-0.60671710968017578
float,32,5,3,reference,solve,0.000540172,4,10,8,14,2.7910957339521565e-06,0
float,32,5,4,reference,products,3.6498998778998775e-06,0,0,0,0,0,83872587.09375
float,32,5,4,reference,preconditioner,3.898625e-05,0,0,0,0,0,-0.60671710968017578
float,32,5,4,reference,solve,0.000521938,4,10,8,14,2.7910957339521565e-06,0
float,32,5,4,native,products,4.5163260073260072e-06,0,0,0,0,0,83872587.09375
float,32,5,4,native,preconditioner,3.8902375e-05,0,0,0,0,0,-0.60671710968017578
float,32,5,4,native,solve,0.00052133699999999997,4,10,8,14,2.7910957339521565e-06,0
float,32,5,5,native,products,3.6477039072039072e-06,0,0,0,0,0,83872587.09375
float,32,5,5,native,preconditioner,3.8025750000000001e-05,0,0,0,0,0,-0.60671710968017578
float,32,5,5,native,solve,0.00052092600000000001,4,10,8,14,2.7910957339521565e-06,0
float,32,5,5,reference,products,3.7514896214896214e-06,0,0,0,0,0,83872587.09375
float,32,5,5,reference,preconditioner,3.7999374999999999e-05,0,0,0,0,0,-0.60671710968017578
float,32,5,5,reference,solve,0.0005442,4,10,8,14,2.7910957339521565e-06,0
float,32,5,6,reference,products,3.6585665445665445e-06,0,0,0,0,0,83872587.09375
float,32,5,6,reference,preconditioner,3.9145374999999998e-05,0,0,0,0,0,-0.60671710968017578
float,32,5,6,reference,solve,0.00051959300000000005,4,10,8,14,2.7910957339521565e-06,0
float,32,5,6,native,products,3.7209743589743593e-06,0,0,0,0,0,83872587.09375
float,32,5,6,native,preconditioner,3.7854125000000002e-05,0,0,0,0,0,-0.60671710968017578
float,32,5,6,native,solve,0.00053802799999999997,4,10,8,14,2.7910957339521565e-06,0
float,32,5,7,native,products,3.692214285714286e-06,0,0,0,0,0,83872587.09375
float,32,5,7,native,preconditioner,3.9305625e-05,0,0,0,0,0,-0.60671710968017578
float,32,5,7,native,solve,0.00051569599999999995,4,10,8,14,2.7910957339521565e-06,0
float,32,5,7,reference,products,3.6511294261294261e-06,0,0,0,0,0,83872587.09375
float,32,5,7,reference,preconditioner,3.7993125000000002e-05,0,0,0,0,0,-0.60671710968017578
float,32,5,7,reference,solve,0.00052605499999999999,4,10,8,14,2.7910957339521565e-06,0
float,32,5,8,reference,products,3.750285103785104e-06,0,0,0,0,0,83872587.09375
float,32,5,8,reference,preconditioner,3.8752125e-05,0,0,0,0,0,-0.60671710968017578
float,32,5,8,reference,solve,0.00055372799999999997,4,10,8,14,2.7910957339521565e-06,0
float,32,5,8,native,products,3.6924035409035412e-06,0,0,0,0,0,83872587.09375
float,32,5,8,native,preconditioner,3.7960624999999999e-05,0,0,0,0,0,-0.60671710968017578
float,32,5,8,native,solve,0.00051529500000000003,4,10,8,14,2.7910957339521565e-06,0
float,32,5,9,native,products,3.7532210012210012e-06,0,0,0,0,0,83872587.09375
float,32,5,9,native,preconditioner,3.9056500000000001e-05,0,0,0,0,0,-0.60671710968017578
float,32,5,9,native,solve,0.00054416999999999996,4,10,8,14,2.7910957339521565e-06,0
float,32,5,9,reference,products,3.6459242979242981e-06,0,0,0,0,0,83872587.09375
float,32,5,9,reference,preconditioner,3.8026874999999998e-05,0,0,0,0,0,-0.60671710968017578
float,32,5,9,reference,solve,0.00052309000000000003,4,10,8,14,2.7910957339521565e-06,0
float,32,5,10,reference,products,3.6811129426129426e-06,0,0,0,0,0,83872587.09375
float,32,5,10,reference,preconditioner,4.0787249999999998e-05,0,0,0,0,0,-0.60671710968017578
float,32,5,10,reference,solve,0.00053425200000000003,4,10,8,14,2.7910957339521565e-06,0
float,32,5,10,native,products,3.6564017094017092e-06,0,0,0,0,0,83872587.09375
float,32,5,10,native,preconditioner,3.9480999999999997e-05,0,0,0,0,0,-0.60671710968017578
float,32,5,10,native,solve,0.00051128700000000003,4,10,8,14,2.7910957339521565e-06,0
float,32,5,11,native,products,3.6707203907203904e-06,0,0,0,0,0,83872587.09375
float,32,5,11,native,preconditioner,3.7902999999999999e-05,0,0,0,0,0,-0.60671710968017578
float,32,5,11,native,solve,0.00050891300000000005,4,10,8,14,2.7910957339521565e-06,0
float,32,5,11,reference,products,3.6830274725274727e-06,0,0,0,0,0,83872587.09375
float,32,5,11,reference,preconditioner,3.7956749999999999e-05,0,0,0,0,0,-0.60671710968017578
float,32,5,11,reference,solve,0.00053427100000000001,4,10,8,14,2.7910957339521565e-06,0
float,32,5,12,reference,products,3.6503461538461538e-06,0,0,0,0,0,83872587.09375
float,32,5,12,reference,preconditioner,3.9806625000000001e-05,0,0,0,0,0,-0.60671710968017578
float,32,5,12,reference,solve,0.00051767999999999996,4,10,8,14,2.7910957339521565e-06,0
float,32,5,12,native,products,3.7442661782661782e-06,0,0,0,0,0,83872587.09375
float,32,5,12,native,preconditioner,3.7835374999999999e-05,0,0,0,0,0,-0.60671710968017578
float,32,5,12,native,solve,0.00053042400000000004,4,10,8,14,2.7910957339521565e-06,0
float,32,5,13,native,products,3.6476550671550672e-06,0,0,0,0,0,83872587.09375
float,32,5,13,native,preconditioner,3.8509125000000002e-05,0,0,0,0,0,-0.60671710968017578
float,32,5,13,native,solve,0.00050844300000000002,4,10,8,14,2.7910957339521565e-06,0
float,32,5,13,reference,products,3.6480830280830284e-06,0,0,0,0,0,83872587.09375
float,32,5,13,reference,preconditioner,3.7861624999999999e-05,0,0,0,0,0,-0.60671710968017578
float,32,5,13,reference,solve,0.00051940299999999999,4,10,8,14,2.7910957339521565e-06,0
float,32,5,14,reference,products,3.6677356532356536e-06,0,0,0,0,0,83872587.09375
float,32,5,14,reference,preconditioner,3.7925500000000001e-05,0,0,0,0,0,-0.60671710968017578
float,32,5,14,reference,solve,0.00053813899999999998,4,10,8,14,2.7910957339521565e-06,0
float,32,5,14,native,products,4.4699682539682539e-06,0,0,0,0,0,83872587.09375
float,32,5,14,native,preconditioner,3.7841625000000002e-05,0,0,0,0,0,-0.60671710968017578
float,32,5,14,native,solve,0.00054065299999999999,4,10,8,14,2.7910957339521565e-06,0
float,32,5,15,native,products,3.6536001221001221e-06,0,0,0,0,0,83872587.09375
float,32,5,15,native,preconditioner,4.1444625000000001e-05,0,0,0,0,0,-0.60671710968017578
float,32,5,15,native,solve,0.000530635,4,10,8,14,2.7910957339521565e-06,0
float,32,5,15,reference,products,3.8123009768009769e-06,0,0,0,0,0,83872587.09375
float,32,5,15,reference,preconditioner,3.8664375e-05,0,0,0,0,0,-0.60671710968017578
float,32,5,15,reference,solve,0.00053200700000000003,4,10,8,14,2.7910957339521565e-06,0
float,32,5,16,reference,products,3.6472570207570206e-06,0,0,0,0,0,83872587.09375
float,32,5,16,reference,preconditioner,3.7925500000000001e-05,0,0,0,0,0,-0.60671710968017578
float,32,5,16,reference,solve,0.00053421100000000004,4,10,8,14,2.7910957339521565e-06,0
float,32,5,16,native,products,3.6539242979242978e-06,0,0,0,0,0,83872587.09375
float,32,5,16,native,preconditioner,4.8442875000000002e-05,0,0,0,0,0,-0.60671710968017578
float,32,5,16,native,solve,0.00050965500000000003,4,10,8,14,2.7910957339521565e-06,0
float,32,5,17,native,products,3.6465299145299149e-06,0,0,0,0,0,83872587.09375
float,32,5,17,native,preconditioner,3.7815375000000002e-05,0,0,0,0,0,-0.60671710968017578
float,32,5,17,native,solve,0.000508772,4,10,8,14,2.7910957339521565e-06,0
float,32,5,17,reference,products,3.6659072039072039e-06,0,0,0,0,0,83872587.09375
float,32,5,17,reference,preconditioner,3.9370750000000002e-05,0,0,0,0,0,-0.60671710968017578
float,32,5,17,reference,solve,0.000564899,4,10,8,14,2.7910957339521565e-06,0
float,32,5,18,reference,products,3.6750689865689865e-06,0,0,0,0,0,83872587.09375
float,32,5,18,reference,preconditioner,3.9675124999999997e-05,0,0,0,0,0,-0.60671710968017578
float,32,5,18,reference,solve,0.00051799099999999998,4,10,8,14,2.7910957339521565e-06,0
float,32,5,18,native,products,3.6470989010989008e-06,0,0,0,0,0,83872587.09375
float,32,5,18,native,preconditioner,3.7856625000000001e-05,0,0,0,0,0,-0.60671710968017578
float,32,5,18,native,solve,0.00052848999999999995,4,10,8,14,2.7910957339521565e-06,0
float,32,5,19,native,products,3.6777179487179488e-06,0,0,0,0,0,83872587.09375
float,32,5,19,native,preconditioner,3.9930625000000002e-05,0,0,0,0,0,-0.60671710968017578
float,32,5,19,native,solve,0.00051844100000000002,4,10,8,14,2.7910957339521565e-06,0
float,32,5,19,reference,products,3.6603412698412698e-06,0,0,0,0,0,83872587.09375
float,32,5,19,reference,preconditioner,3.8034500000000003e-05,0,0,0,0,0,-0.60671710968017578
float,32,5,19,reference,solve,0.00051827100000000005,4,10,8,14,2.7910957339521565e-06,0
double,32,5,-1,native,profile_operator,0.00026242699999999992,7,16,14,23,4.4115723681649448e-10,0
double,32,5,-1,native,profile_preconditioner,0.00056119399999999999,7,16,14,23,4.4115723681649448e-10,0
double,32,5,-1,native,profile_total,0.0011295280000000001,7,16,14,23,4.4115723681649448e-10,0
double,32,5,-1,reference,profile_operator,0.00026604200000000003,7,16,14,23,4.4115723681649448e-10,0
double,32,5,-1,reference,profile_preconditioner,0.00057477899999999998,7,16,14,23,4.4115723681649448e-10,0
double,32,5,-1,reference,profile_total,0.001172169,7,16,14,23,4.4115723681649448e-10,0
double,32,5,0,reference,products,3.3786538461538462e-06,0,0,0,0,0,83872590.482876667
double,32,5,0,reference,preconditioner,4.4928749999999999e-05,0,0,0,0,0,-0.60671712489359708
double,32,5,0,reference,solve,0.00095391499999999995,7,16,14,23,4.4115723681649448e-10,0
double,32,5,0,native,products,2.5665244200244204e-06,0,0,0,0,0,83872590.482876667
double,32,5,0,native,preconditioner,4.2479125e-05,0,0,0,0,0,-0.60671712489359708
double,32,5,0,native,solve,0.00095028899999999999,7,16,14,23,4.4115723681649448e-10,0
double,32,5,1,native,products,2.5436361416361414e-06,0,0,0,0,0,83872590.482876667
double,32,5,1,native,preconditioner,4.2581874999999998e-05,0,0,0,0,0,-0.60671712489359708
double,32,5,1,native,solve,0.00092238599999999997,7,16,14,23,4.4115723681649448e-10,0
double,32,5,1,reference,products,2.5409633699633703e-06,0,0,0,0,0,83872590.482876667
double,32,5,1,reference,preconditioner,4.2321375000000003e-05,0,0,0,0,0,-0.60671712489359708
double,32,5,1,reference,solve,0.00096023699999999996,7,16,14,23,4.4115723681649448e-10,0
double,32,5,2,reference,products,2.5911068376068375e-06,0,0,0,0,0,83872590.482876667
double,32,5,2,reference,preconditioner,4.2832374999999998e-05,0,0,0,0,0,-0.60671712489359708
double,32,5,2,reference,solve,0.00095979699999999997,7,16,14,23,4.4115723681649448e-10,0
double,32,5,2,native,products,2.5408101343101343e-06,0,0,0,0,0,83872590.482876667
double,32,5,2,native,preconditioner,4.2400249999999998e-05,0,0,0,0,0,-0.60671712489359708
double,32,5,2,native,solve,0.000914572,7,16,14,23,4.4115723681649448e-10,0
double,32,5,3,native,products,2.5891312576312573e-06,0,0,0,0,0,83872590.482876667
double,32,5,3,native,preconditioner,4.4351375000000002e-05,0,0,0,0,0,-0.60671712489359708
double,32,5,3,native,solve,0.00091889000000000001,7,16,14,23,4.4115723681649448e-10,0
double,32,5,3,reference,products,2.5402722832722834e-06,0,0,0,0,0,83872590.482876667
double,32,5,3,reference,preconditioner,4.2730874999999999e-05,0,0,0,0,0,-0.60671712489359708
double,32,5,3,reference,solve,0.00094255399999999996,7,16,14,23,4.4115723681649448e-10,0
double,32,5,4,reference,products,2.6120873015873017e-06,0,0,0,0,0,83872590.482876667
double,32,5,4,reference,preconditioner,4.2355124999999999e-05,0,0,0,0,0,-0.60671712489359708
double,32,5,4,reference,solve,0.00094600000000000001,7,16,14,23,4.4115723681649448e-10,0
double,32,5,4,native,products,2.5739133089133086e-06,0,0,0,0,0,83872590.482876667
double,32,5,4,native,preconditioner,4.3770375000000002e-05,0,0,0,0,0,-0.60671712489359708
double,32,5,4,native,solve,0.00095972699999999995,7,16,14,23,4.4115723681649448e-10,0
double,32,5,5,native,products,2.5474468864468861e-06,0,0,0,0,0,83872590.482876667
double,32,5,5,native,preconditioner,4.1945625000000002e-05,0,0,0,0,0,-0.60671712489359708
double,32,5,5,native,solve,0.00092148399999999997,7,16,14,23,4.4115723681649448e-10,0
double,32,5,5,reference,products,2.552211233211233e-06,0,0,0,0,0,83872590.482876667
double,32,5,5,reference,preconditioner,4.2336375000000002e-05,0,0,0,0,0,-0.60671712489359708
double,32,5,5,reference,solve,0.000950138,7,16,14,23,4.4115723681649448e-10,0
double,32,5,6,reference,products,2.7133345543345544e-06,0,0,0,0,0,83872590.482876667
double,32,5,6,reference,preconditioner,4.0970000000000002e-05,0,0,0,0,0,-0.60671712489359708
double,32,5,6,reference,solve,0.00094795399999999998,7,16,14,23,4.4115723681649448e-10,0
double,32,5,6,native,products,2.54296336996337e-06,0,0,0,0,0,83872590.482876667
double,32,5,6,native,preconditioner,4.0971250000000002e-05,0,0,0,0,0,-0.60671712489359708
double,32,5,6,native,solve,0.00092108299999999995,7,16,14,23,4.4115723681649448e-10,0
double,32,5,7,native,products,2.5605299145299146e-06,0,0,0,0,0,83872590.482876667
double,32,5,7,native,preconditioner,4.1435874999999999e-05,0,0,0,0,0,-0.60671712489359708
double,32,5,7,native,solve,0.00094389599999999995,7,16,14,23,4.4115723681649448e-10,0
double,32,5,7,reference,products,2.5611971916971913e-06,0,0,0,0,0,83872590.482876667
double,32,5,7,reference,preconditioner,4.0972625000000003e-05,0,0,0,0,0,-0.60671712489359708
double,32,5,7,reference,solve,0.00095111999999999996,7,16,14,23,4.4115723681649448e-10,0
double,32,5,8,reference,products,2.5522851037851042e-06,0,0,0,0,0,83872590.482876667
double,32,5,8,reference,preconditioner,4.1328249999999999e-05,0,0,0,0,0,-0.60671712489359708
double,32,5,8,reference,solve,0.00095524800000000001,7,16,14,23,4.4115723681649448e-10,0
double,32,5,8,native,products,2.539213675213675e-06,0,0,0,0,0,83872590.482876667
double,32,5,8,native,preconditioner,4.0947500000000001e-05,0,0,0,0,0,-0.60671712489359708
double,32,5,8,native,solve,0.00097973500000000002,7,16,14,23,4.4115723681649448e-10,0
double,32,5,9,native,products,2.5424981684981684e-06,0,0,0,0,0,83872590.482876667
double,32,5,9,native,preconditioner,4.0933750000000001e-05,0,0,0,0,0,-0.60671712489359708
double,32,5,9,native,solve,0.00091990099999999999,7,16,14,23,4.4115723681649448e-10,0
double,32,5,9,reference,products,2.5402844932844934e-06,0,0,0,0,0,83872590.482876667
double,32,5,9,reference,preconditioner,4.1214249999999999e-05,0,0,0,0,0,-0.60671712489359708
double,32,5,9,reference,solve,0.001022355,7,16,14,23,4.4115723681649448e-10,0
double,32,5,10,reference,products,2.6132368742368744e-06,0,0,0,0,0,83872590.482876667
double,32,5,10,reference,preconditioner,4.1016375000000001e-05,0,0,0,0,0,-0.60671712489359708
double,32,5,10,reference,solve,0.00097543599999999999,7,16,14,23,4.4115723681649448e-10,0
double,32,5,10,native,products,2.5536001221001221e-06,0,0,0,0,0,83872590.482876667
double,32,5,10,native,preconditioner,4.0964999999999998e-05,0,0,0,0,0,-0.60671712489359708
double,32,5,10,native,solve,0.000929129,7,16,14,23,4.4115723681649448e-10,0
double,32,5,11,native,products,2.5718211233211235e-06,0,0,0,0,0,83872590.482876667
double,32,5,11,native,preconditioner,4.0931250000000002e-05,0,0,0,0,0,-0.60671712489359708
double,32,5,11,native,solve,0.00092306799999999998,7,16,14,23,4.4115723681649448e-10,0
double,32,5,11,reference,products,2.5841275946275946e-06,0,0,0,0,0,83872590.482876667
double,32,5,11,reference,preconditioner,4.1008750000000003e-05,0,0,0,0,0,-0.60671712489359708
double,32,5,11,reference,solve,0.00094711299999999997,7,16,14,23,4.4115723681649448e-10,0
double,32,5,12,reference,products,2.5525543345543344e-06,0,0,0,0,0,83872590.482876667
double,32,5,12,reference,preconditioner,4.0972625000000003e-05,0,0,0,0,0,-0.60671712489359708
double,32,5,12,reference,solve,0.00094444699999999995,7,16,14,23,4.4115723681649448e-10,0
double,32,5,12,native,products,2.5393968253968252e-06,0,0,0,0,0,83872590.482876667
double,32,5,12,native,preconditioner,4.0954999999999997e-05,0,0,0,0,0,-0.60671712489359708
double,32,5,12,native,solve,0.00091848899999999998,7,16,14,23,4.4115723681649448e-10,0
double,32,5,13,native,products,2.555960927960928e-06,0,0,0,0,0,83872590.482876667
double,32,5,13,native,preconditioner,4.0929875000000001e-05,0,0,0,0,0,-0.60671712489359708
double,32,5,13,native,solve,0.00092127400000000003,7,16,14,23,4.4115723681649448e-10,0
double,32,5,13,reference,products,2.5414774114774115e-06,0,0,0,0,0,83872590.482876667
double,32,5,13,reference,preconditioner,4.2234999999999998e-05,0,0,0,0,0,-0.60671712489359708
double,32,5,13,reference,solve,0.00094680199999999995,7,16,14,23,4.4115723681649448e-10,0
double,32,5,14,reference,products,2.6600775335775336e-06,0,0,0,0,0,83872590.482876667
double,32,5,14,reference,preconditioner,4.1016375000000001e-05,0,0,0,0,0,-0.60671712489359708
double,32,5,14,reference,solve,0.00099357999999999998,7,16,14,23,4.4115723681649448e-10,0
double,32,5,14,native,products,2.6680170940170941e-06,0,0,0,0,0,83872590.482876667
double,32,5,14,native,preconditioner,4.1012625000000003e-05,0,0,0,0,0,-0.60671712489359708
double,32,5,14,native,solve,0.00094733299999999996,7,16,14,23,4.4115723681649448e-10,0
double,32,5,15,native,products,2.5454713064713068e-06,0,0,0,0,0,83872590.482876667
double,32,5,15,native,preconditioner,4.0921250000000001e-05,0,0,0,0,0,-0.60671712489359708
double,32,5,15,native,solve,0.00092182400000000002,7,16,14,23,4.4115723681649448e-10,0
double,32,5,15,reference,products,2.557086691086691e-06,0,0,0,0,0,83872590.482876667
double,32,5,15,reference,preconditioner,4.0998875000000003e-05,0,0,0,0,0,-0.60671712489359708
double,32,5,15,reference,solve,0.00095057900000000001,7,16,14,23,4.4115723681649448e-10,0
double,32,5,16,reference,products,2.5567319902319903e-06,0,0,0,0,0,83872590.482876667
double,32,5,16,reference,preconditioner,4.0958750000000002e-05,0,0,0,0,0,-0.60671712489359708
double,32,5,16,reference,solve,0.00094756400000000002,7,16,14,23,4.4115723681649448e-10,0
double,32,5,16,native,products,2.5800115995115995e-06,0,0,0,0,0,83872590.482876667
double,32,5,16,native,preconditioner,0.000208004875,0,0,0,0,0,-0.60671712489359708
double,32,5,16,native,solve,0.0010070459999999999,7,16,14,23,4.4115723681649448e-10,0
double,32,5,17,native,products,2.6354890109890111e-06,0,0,0,0,0,83872590.482876667
double,32,5,17,native,preconditioner,4.213225e-05,0,0,0,0,0,-0.60671712489359708
double,32,5,17,native,solve,0.00093324599999999999,7,16,14,23,4.4115723681649448e-10,0
double,32,5,17,reference,products,2.5534719169719169e-06,0,0,0,0,0,83872590.482876667
double,32,5,17,reference,preconditioner,4.2272499999999999e-05,0,0,0,0,0,-0.60671712489359708
double,32,5,17,reference,solve,0.00095422599999999997,7,16,14,23,4.4115723681649448e-10,0
double,32,5,18,reference,products,2.5464621489621485e-06,0,0,0,0,0,83872590.482876667
double,32,5,18,reference,preconditioner,4.2788499999999999e-05,0,0,0,0,0,-0.60671712489359708
double,32,5,18,reference,solve,0.00096096799999999998,7,16,14,23,4.4115723681649448e-10,0
double,32,5,18,native,products,2.593736874236874e-06,0,0,0,0,0,83872590.482876667
double,32,5,18,native,preconditioner,4.0985124999999997e-05,0,0,0,0,0,-0.60671712489359708
double,32,5,18,native,solve,0.00092697400000000001,7,16,14,23,4.4115723681649448e-10,0
double,32,5,19,native,products,2.5331037851037853e-06,0,0,0,0,0,83872590.482876667
double,32,5,19,native,preconditioner,4.2094624999999997e-05,0,0,0,0,0,-0.60671712489359708
double,32,5,19,native,solve,0.0010059139999999999,7,16,14,23,4.4115723681649448e-10,0
double,32,5,19,reference,products,2.5585238095238094e-06,0,0,0,0,0,83872590.482876667
double,32,5,19,reference,preconditioner,4.1234374999999998e-05,0,0,0,0,0,-0.60671712489359708
double,32,5,19,reference,solve,0.00095479699999999996,7,16,14,23,4.4115723681649448e-10,0
float,32,1296,-1,native,profile_operator,0.023861996000000003,4,10,8,14,4.112786236143058e-06,0
float,32,1296,-1,native,profile_preconditioner,0.045140779999999998,4,10,8,14,4.112786236143058e-06,0
float,32,1296,-1,native,profile_total,0.116568344,4,10,8,14,4.112786236143058e-06,0
float,32,1296,-1,reference,profile_operator,0.023691693,4,10,8,14,4.112786236143058e-06,0
float,32,1296,-1,reference,profile_preconditioner,0.046637713999999997,4,10,8,14,4.112786236143058e-06,0
float,32,1296,-1,reference,profile_total,0.118049497,4,10,8,14,4.112786236143058e-06,0
float,32,1296,0,reference,products,0.0010037881666666666,0,0,0,0,0,81846750
float,32,1296,0,reference,preconditioner,0.0057955193749999996,0,0,0,0,0,-0.60671710968017578
float,32,1296,0,reference,solve,0.092657787000000005,4,10,8,14,4.112786236143058e-06,0
float,32,1296,0,native,products,0.001023791,0,0,0,0,0,81846750
float,32,1296,0,native,preconditioner,0.0054316042500000003,0,0,0,0,0,-0.60671710968017578
float,32,1296,0,native,solve,0.091258046999999995,4,10,8,14,4.112786236143058e-06,0
float,32,1296,1,native,products,0.001010132,0,0,0,0,0,81846750
float,32,1296,1,native,preconditioner,0.005304134625,0,0,0,0,0,-0.60671710968017578
float,32,1296,1,native,solve,0.090095300000000003,4,10,8,14,4.112786236143058e-06,0
float,32,1296,1,reference,products,0.00096388149999999994,0,0,0,0,0,81846750
float,32,1296,1,reference,preconditioner,0.0056501003749999997,0,0,0,0,0,-0.60671710968017578
float,32,1296,1,reference,solve,0.093644829999999998,4,10,8,14,4.112786236143058e-06,0
float,32,1296,2,reference,products,0.00096437233333333339,0,0,0,0,0,81846750
float,32,1296,2,reference,preconditioner,0.005998517125,0,0,0,0,0,-0.60671710968017578
float,32,1296,2,reference,solve,0.092436542999999996,4,10,8,14,4.112786236143058e-06,0
float,32,1296,2,native,products,0.00097763249999999993,0,0,0,0,0,81846750
float,32,1296,2,native,preconditioner,0.0053513987499999999,0,0,0,0,0,-0.60671710968017578
float,32,1296,2,native,solve,0.08936827,4,10,8,14,4.112786236143058e-06,0
float,32,1296,3,native,products,0.0010144611666666667,0,0,0,0,0,81846750
float,32,1296,3,native,preconditioner,0.0055238572499999999,0,0,0,0,0,-0.60671710968017578
float,32,1296,3,native,solve,0.091370772000000003,4,10,8,14,4.112786236143058e-06,0
float,32,1296,3,reference,products,0.0010207326666666666,0,0,0,0,0,81846750
float,32,1296,3,reference,preconditioner,0.0060666253749999998,0,0,0,0,0,-0.60671710968017578
float,32,1296,3,reference,solve,0.092774783999999999,4,10,8,14,4.112786236143058e-06,0
float,32,1296,4,reference,products,0.00094479783333333326,0,0,0,0,0,81846750
float,32,1296,4,reference,preconditioner,0.0058422750000000001,0,0,0,0,0,-0.60671710968017578
float,32,1296,4,reference,solve,0.091367312000000006,4,10,8,14,4.112786236143058e-06,0
float,32,1296,4,native,products,0.00098132266666666672,0,0,0,0,0,81846750
float,32,1296,4,native,preconditioner,0.0052841308750000001,0,0,0,0,0,-0.60671710968017578
float,32,1296,4,native,solve,0.091953373000000005,4,10,8,14,4.112786236143058e-06,0
float,32,1296,5,native,products,0.0009636890000000001,0,0,0,0,0,81846750
float,32,1296,5,native,preconditioner,0.0054846267499999999,0,0,0,0,0,-0.60671710968017578
float,32,1296,5,native,solve,0.090751356000000005,4,10,8,14,4.112786236143058e-06,0
float,32,1296,5,reference,products,0.00095983366666666664,0,0,0,0,0,81846750
float,32,1296,5,reference,preconditioner,0.0060796422500000004,0,0,0,0,0,-0.60671710968017578
float,32,1296,5,reference,solve,0.093731956000000005,4,10,8,14,4.112786236143058e-06,0
float,32,1296,6,reference,products,0.00096217283333333329,0,0,0,0,0,81846750
float,32,1296,6,reference,preconditioner,0.0059842908750000002,0,0,0,0,0,-0.60671710968017578
float,32,1296,6,reference,solve,0.090328569999999997,4,10,8,14,4.112786236143058e-06,0
float,32,1296,6,native,products,0.00099726516666666658,0,0,0,0,0,81846750
float,32,1296,6,native,preconditioner,0.005236646375,0,0,0,0,0,-0.60671710968017578
float,32,1296,6,native,solve,0.092876553000000001,4,10,8,14,4.112786236143058e-06,0
float,32,1296,7,native,products,0.0011762038333333333,0,0,0,0,0,81846750
float,32,1296,7,native,preconditioner,0.0053272436250000003,0,0,0,0,0,-0.60671710968017578
float,32,1296,7,native,solve,0.092916264999999998,4,10,8,14,4.112786236143058e-06,0
float,32,1296,7,reference,products,0.0009524403333333333,0,0,0,0,0,81846750
float,32,1296,7,reference,preconditioner,0.0059741161249999997,0,0,0,0,0,-0.60671710968017578
float,32,1296,7,reference,solve,0.092204480000000005,4,10,8,14,4.112786236143058e-06,0
float,32,1296,8,reference,products,0.00097560250000000006,0,0,0,0,0,81846750
float,32,1296,8,reference,preconditioner,0.0057989922500000001,0,0,0,0,0,-0.60671710968017578
float,32,1296,8,reference,solve,0.092234056999999994,4,10,8,14,4.112786236143058e-06,0
float,32,1296,8,native,products,0.0010148606666666668,0,0,0,0,0,81846750
float,32,1296,8,native,preconditioner,0.00542414175,0,0,0,0,0,-0.60671710968017578
float,32,1296,8,native,solve,0.091677083000000006,4,10,8,14,4.112786236143058e-06,0
float,32,1296,9,native,products,0.00094639116666666667,0,0,0,0,0,81846750
float,32,1296,9,native,preconditioner,0.00561158775,0,0,0,0,0,-0.60671710968017578
float,32,1296,9,native,solve,0.089846033000000006,4,10,8,14,4.112786236143058e-06,0
float,32,1296,9,reference,products,0.00095357083333333327,0,0,0,0,0,81846750
float,32,1296,9,reference,preconditioner,0.0056849873749999997,0,0,0,0,0,-0.60671710968017578
float,32,1296,9,reference,solve,0.092742424000000004,4,10,8,14,4.112786236143058e-06,0
float,32,1296,10,reference,products,0.0010675098333333335,0,0,0,0,0,81846750
float,32,1296,10,reference,preconditioner,0.0056432986250000003,0,0,0,0,0,-0.60671710968017578
float,32,1296,10,reference,solve,0.092275863999999999,4,10,8,14,4.112786236143058e-06,0
float,32,1296,10,native,products,0.00099251849999999991,0,0,0,0,0,81846750
float,32,1296,10,native,preconditioner,0.0054302498750000002,0,0,0,0,0,-0.60671710968017578
float,32,1296,10,native,solve,0.090595327000000003,4,10,8,14,4.112786236143058e-06,0
float,32,1296,11,native,products,0.00095333883333333341,0,0,0,0,0,81846750
float,32,1296,11,native,preconditioner,0.0055008456250000004,0,0,0,0,0,-0.60671710968017578
float,32,1296,11,native,solve,0.092544633000000001,4,10,8,14,4.112786236143058e-06,0
float,32,1296,11,reference,products,0.0010081301666666667,0,0,0,0,0,81846750
float,32,1296,11,reference,preconditioner,0.0062321434999999996,0,0,0,0,0,-0.60671710968017578
float,32,1296,11,reference,solve,0.092674321000000004,4,10,8,14,4.112786236143058e-06,0
float,32,1296,12,reference,products,0.00099924916666666659,0,0,0,0,0,81846750
float,32,1296,12,reference,preconditioner,0.0058025063749999996,0,0,0,0,0,-0.60671710968017578
float,32,1296,12,reference,solve,0.091772169000000001,4,10,8,14,4.112786236143058e-06,0
float,32,1296,12,native,products,0.00095130866666666674,0,0,0,0,0,81846750
float,32,1296,12,native,preconditioner,0.0055367204999999999,0,0,0,0,0,-0.60671710968017578
float,32,1296,12,native,solve,0.090586473000000001,4,10,8,14,4.112786236143058e-06,0
float,32,1296,13,native,products,0.00097702883333333334,0,0,0,0,0,81846750
float,32,1296,13,native,preconditioner,0.0051698945000000001,0,0,0,0,0,-0.60671710968017578
float,32,1296,13,native,solve,0.091171937999999994,4,10,8,14,4.112786236143058e-06,0
float,32,1296,13,reference,products,0.0012602071666666665,0,0,0,0,0,81846750
float,32,1296,13,reference,preconditioner,0.0056911883749999996,0,0,0,0,0,-0.60671710968017578
float,32,1296,13,reference,solve,0.094581791999999998,4,10,8,14,4.112786236143058e-06,0
float,32,1296,14,reference,products,0.00096242733333333334,0,0,0,0,0,81846750
float,32,1296,14,reference,preconditioner,0.005926106875,0,0,0,0,0,-0.60671710968017578
float,32,1296,14,reference,solve,0.092991058000000001,4,10,8,14,4.112786236143058e-06,0
float,32,1296,14,native,products,0.00099563600000000005,0,0,0,0,0,81846750
float,32,1296,14,native,preconditioner,0.0054911919999999998,0,0,0,0,0,-0.60671710968017578
float,32,1296,14,native,solve,0.090522337999999994,4,10,8,14,4.112786236143058e-06,0
float,32,1296,15,native,products,0.00099426033333333322,0,0,0,0,0,81846750
float,32,1296,15,native,preconditioner,0.00535331,0,0,0,0,0,-0.60671710968017578
float,32,1296,15,native,solve,0.091397408999999999,4,10,8,14,4.112786236143058e-06,0
float,32,1296,15,reference,products,0.00096075283333333338,0,0,0,0,0,81846750
float,32,1296,15,reference,preconditioner,0.0058185207500000002,0,0,0,0,0,-0.60671710968017578
float,32,1296,15,reference,solve,0.091870261999999994,4,10,8,14,4.112786236143058e-06,0
float,32,1296,16,reference,products,0.00097188616666666662,0,0,0,0,0,81846750
float,32,1296,16,reference,preconditioner,0.0059572093749999996,0,0,0,0,0,-0.60671710968017578
float,32,1296,16,reference,solve,0.091830269000000006,4,10,8,14,4.112786236143058e-06,0
float,32,1296,16,native,products,0.0010056276666666668,0,0,0,0,0,81846750
float,32,1296,16,native,preconditioner,0.005153524875,0,0,0,0,0,-0.60671710968017578
float,32,1296,16,native,solve,0.090959423999999997,4,10,8,14,4.112786236143058e-06,0
float,32,1296,17,native,products,0.0012261054999999999,0,0,0,0,0,81846750
float,32,1296,17,native,preconditioner,0.0054043861249999997,0,0,0,0,0,-0.60671710968017578
float,32,1296,17,native,solve,0.091375418999999999,4,10,8,14,4.112786236143058e-06,0
float,32,1296,17,reference,products,0.00094193016666666669,0,0,0,0,0,81846750
float,32,1296,17,reference,preconditioner,0.0061104475000000004,0,0,0,0,0,-0.60671710968017578
float,32,1296,17,reference,solve,0.093145442999999994,4,10,8,14,4.112786236143058e-06,0
float,32,1296,18,reference,products,0.00095246600000000001,0,0,0,0,0,81846750
float,32,1296,18,reference,preconditioner,0.0055871793750000001,0,0,0,0,0,-0.60671710968017578
float,32,1296,18,reference,solve,0.092664216999999993,4,10,8,14,4.112786236143058e-06,0
float,32,1296,18,native,products,0.00097973233333333346,0,0,0,0,0,81846750
float,32,1296,18,native,preconditioner,0.0055614375000000004,0,0,0,0,0,-0.60671710968017578
float,32,1296,18,native,solve,0.092282052000000003,4,10,8,14,4.112786236143058e-06,0
float,32,1296,19,native,products,0.00096713599999999995,0,0,0,0,0,81846750
float,32,1296,19,native,preconditioner,0.0055224009999999997,0,0,0,0,0,-0.60671710968017578
float,32,1296,19,native,solve,0.090313111000000001,4,10,8,14,4.112786236143058e-06,0
float,32,1296,19,reference,products,0.00095867583333333331,0,0,0,0,0,81846750
float,32,1296,19,reference,preconditioner,0.0075733373750000001,0,0,0,0,0,-0.60671710968017578
float,32,1296,19,reference,solve,0.096581606,4,10,8,14,4.112786236143058e-06,0
double,32,1296,-1,native,profile_operator,0.085544240000000007,7,16,14,24,3.8246429519452402e-10,0
double,32,1296,-1,native,profile_preconditioner,0.15750925500000001,7,16,14,24,3.8246429519452402e-10,0
double,32,1296,-1,native,profile_total,0.36248867600000001,7,16,14,24,3.8246429519452402e-10,0
double,32,1296,-1,reference,profile_operator,0.089589358000000008,7,16,14,24,3.8246429519452402e-10,0
double,32,1296,-1,reference,profile_preconditioner,0.15914424199999999,7,16,14,24,3.8246429519452402e-10,0
double,32,1296,-1,reference,profile_total,0.37738416200000002,7,16,14,24,3.8246429519452402e-10,0
double,32,1296,0,reference,products,0.0010431563333333333,0,0,0,0,0,81846757.067176089
double,32,1296,0,reference,preconditioner,0.011831139500000001,0,0,0,0,0,-0.60671712489359708
double,32,1296,0,reference,solve,0.31569414800000001,7,16,14,24,3.8246429519452402e-10,0
double,32,1296,0,native,products,0.0010285783333333334,0,0,0,0,0,81846757.067176089
double,32,1296,0,native,preconditioner,0.01106178425,0,0,0,0,0,-0.60671712489359708
double,32,1296,0,native,solve,0.309118432,7,16,14,24,3.8246429519452402e-10,0
double,32,1296,1,native,products,0.0010323651666666667,0,0,0,0,0,81846757.067176089
double,32,1296,1,native,preconditioner,0.01128265375,0,0,0,0,0,-0.60671712489359708
double,32,1296,1,native,solve,0.33008019599999999,7,16,14,24,3.8246429519452402e-10,0
double,32,1296,1,reference,products,0.0013539421666666667,0,0,0,0,0,81846757.067176089
double,32,1296,1,reference,preconditioner,0.012481649500000001,0,0,0,0,0,-0.60671712489359708
double,32,1296,1,reference,solve,0.33826281000000002,7,16,14,24,3.8246429519452402e-10,0
double,32,1296,2,reference,products,0.001111805,0,0,0,0,0,81846757.067176089
double,32,1296,2,reference,preconditioner,0.011904778624999999,0,0,0,0,0,-0.60671712489359708
double,32,1296,2,reference,solve,0.31474584100000003,7,16,14,24,3.8246429519452402e-10,0
double,32,1296,2,native,products,0.0012341443333333333,0,0,0,0,0,81846757.067176089
double,32,1296,2,native,preconditioner,0.011645252625,0,0,0,0,0,-0.60671712489359708
double,32,1296,2,native,solve,0.31001757400000002,7,16,14,24,3.8246429519452402e-10,0
double,32,1296,3,native,products,0.0010473511666666665,0,0,0,0,0,81846757.067176089
double,32,1296,3,native,preconditioner,0.011266238,0,0,0,0,0,-0.60671712489359708
double,32,1296,3,native,solve,0.30812334699999999,7,16,14,24,3.8246429519452402e-10,0
double,32,1296,3,reference,products,0.0010543923333333333,0,0,0,0,0,81846757.067176089
double,32,1296,3,reference,preconditioner,0.012300251125,0,0,0,0,0,-0.60671712489359708
double,32,1296,3,reference,solve,0.31438001399999999,7,16,14,24,3.8246429519452402e-10,0
double,32,1296,4,reference,products,0.0010115411666666667,0,0,0,0,0,81846757.067176089
double,32,1296,4,reference,preconditioner,0.012045688125000001,0,0,0,0,0,-0.60671712489359708
double,32,1296,4,reference,solve,0.31311866799999999,7,16,14,24,3.8246429519452402e-10,0
double,32,1296,4,native,products,0.0013427756666666666,0,0,0,0,0,81846757.067176089
double,32,1296,4,native,preconditioner,0.01116642325,0,0,0,0,0,-0.60671712489359708
double,32,1296,4,native,solve,0.30781523199999999,7,16,14,24,3.8246429519452402e-10,0
double,32,1296,5,native,products,0.0011720918333333332,0,0,0,0,0,81846757.067176089
double,32,1296,5,native,preconditioner,0.011733765625,0,0,0,0,0,-0.60671712489359708
double,32,1296,5,native,solve,0.32796614299999999,7,16,14,24,3.8246429519452402e-10,0
double,32,1296,5,reference,products,0.0013164213333333333,0,0,0,0,0,81846757.067176089
double,32,1296,5,reference,preconditioner,0.011734680000000001,0,0,0,0,0,-0.60671712489359708
double,32,1296,5,reference,solve,0.31737035499999999,7,16,14,24,3.8246429519452402e-10,0
double,32,1296,6,reference,products,0.0012795493333333334,0,0,0,0,0,81846757.067176089
double,32,1296,6,reference,preconditioner,0.01263644775,0,0,0,0,0,-0.60671712489359708
double,32,1296,6,reference,solve,0.34580016200000002,7,16,14,24,3.8246429519452402e-10,0
double,32,1296,6,native,products,0.0012425638333333335,0,0,0,0,0,81846757.067176089
double,32,1296,6,native,preconditioner,0.01105302425,0,0,0,0,0,-0.60671712489359708
double,32,1296,6,native,solve,0.31247364900000002,7,16,14,24,3.8246429519452402e-10,0
double,32,1296,7,native,products,0.0013218548333333335,0,0,0,0,0,81846757.067176089
double,32,1296,7,native,preconditioner,0.012078966999999999,0,0,0,0,0,-0.60671712489359708
double,32,1296,7,native,solve,0.32079318299999998,7,16,14,24,3.8246429519452402e-10,0
double,32,1296,7,reference,products,0.0012596098333333334,0,0,0,0,0,81846757.067176089
double,32,1296,7,reference,preconditioner,0.01227882225,0,0,0,0,0,-0.60671712489359708
double,32,1296,7,reference,solve,0.34138378200000002,7,16,14,24,3.8246429519452402e-10,0
double,32,1296,8,reference,products,0.0013556530000000001,0,0,0,0,0,81846757.067176089
double,32,1296,8,reference,preconditioner,0.01280775525,0,0,0,0,0,-0.60671712489359708
double,32,1296,8,reference,solve,0.34418530400000003,7,16,14,24,3.8246429519452402e-10,0
double,32,1296,8,native,products,0.001267598,0,0,0,0,0,81846757.067176089
double,32,1296,8,native,preconditioner,0.012213847874999999,0,0,0,0,0,-0.60671712489359708
double,32,1296,8,native,solve,0.34501485500000001,7,16,14,24,3.8246429519452402e-10,0
double,32,1296,9,native,products,0.0013883378333333334,0,0,0,0,0,81846757.067176089
double,32,1296,9,native,preconditioner,0.012760761625,0,0,0,0,0,-0.60671712489359708
double,32,1296,9,native,solve,0.34403756800000002,7,16,14,24,3.8246429519452402e-10,0
double,32,1296,9,reference,products,0.0011547208333333333,0,0,0,0,0,81846757.067176089
double,32,1296,9,reference,preconditioner,0.01251066,0,0,0,0,0,-0.60671712489359708
double,32,1296,9,reference,solve,0.32365508700000001,7,16,14,24,3.8246429519452402e-10,0
double,32,1296,10,reference,products,0.0010215068333333333,0,0,0,0,0,81846757.067176089
double,32,1296,10,reference,preconditioner,0.011915547875,0,0,0,0,0,-0.60671712489359708
double,32,1296,10,reference,solve,0.33399599499999999,7,16,14,24,3.8246429519452402e-10,0
double,32,1296,10,native,products,0.0011650933333333332,0,0,0,0,0,81846757.067176089
double,32,1296,10,native,preconditioner,0.0111425,0,0,0,0,0,-0.60671712489359708
double,32,1296,10,native,solve,0.310739773,7,16,14,24,3.8246429519452402e-10,0
double,32,1296,11,native,products,0.0013517583333333332,0,0,0,0,0,81846757.067176089
double,32,1296,11,native,preconditioner,0.011081049625,0,0,0,0,0,-0.60671712489359708
double,32,1296,11,native,solve,0.32897705500000002,7,16,14,24,3.8246429519452402e-10,0
double,32,1296,11,reference,products,0.001124583,0,0,0,0,0,81846757.067176089
double,32,1296,11,reference,preconditioner,0.012493197750000001,0,0,0,0,0,-0.60671712489359708
double,32,1296,11,reference,solve,0.31888312299999999,7,16,14,24,3.8246429519452402e-10,0
double,32,1296,12,reference,products,0.0010922826666666667,0,0,0,0,0,81846757.067176089
double,32,1296,12,reference,preconditioner,0.011816130875000001,0,0,0,0,0,-0.60671712489359708
double,32,1296,12,reference,solve,0.32684436100000003,7,16,14,24,3.8246429519452402e-10,0
double,32,1296,12,native,products,0.0012021778333333333,0,0,0,0,0,81846757.067176089
double,32,1296,12,native,preconditioner,0.011628360375000001,0,0,0,0,0,-0.60671712489359708
double,32,1296,12,native,solve,0.31798542600000002,7,16,14,24,3.8246429519452402e-10,0
double,32,1296,13,native,products,0.0011290429999999999,0,0,0,0,0,81846757.067176089
double,32,1296,13,native,preconditioner,0.0116520835,0,0,0,0,0,-0.60671712489359708
double,32,1296,13,native,solve,0.31924870999999999,7,16,14,24,3.8246429519452402e-10,0
double,32,1296,13,reference,products,0.0010729091666666667,0,0,0,0,0,81846757.067176089
double,32,1296,13,reference,preconditioner,0.011757440625000001,0,0,0,0,0,-0.60671712489359708
double,32,1296,13,reference,solve,0.32371535200000001,7,16,14,24,3.8246429519452402e-10,0
double,32,1296,14,reference,products,0.0012586876666666666,0,0,0,0,0,81846757.067176089
double,32,1296,14,reference,preconditioner,0.012683812875,0,0,0,0,0,-0.60671712489359708
double,32,1296,14,reference,solve,0.32889301399999998,7,16,14,24,3.8246429519452402e-10,0
double,32,1296,14,native,products,0.001096596,0,0,0,0,0,81846757.067176089
double,32,1296,14,native,preconditioner,0.01138222975,0,0,0,0,0,-0.60671712489359708
double,32,1296,14,native,solve,0.314116746,7,16,14,24,3.8246429519452402e-10,0
double,32,1296,15,native,products,0.0011335498333333333,0,0,0,0,0,81846757.067176089
double,32,1296,15,native,preconditioner,0.0118374215,0,0,0,0,0,-0.60671712489359708
double,32,1296,15,native,solve,0.31966867399999999,7,16,14,24,3.8246429519452402e-10,0
double,32,1296,15,reference,products,0.0012028661666666667,0,0,0,0,0,81846757.067176089
double,32,1296,15,reference,preconditioner,0.012604596750000001,0,0,0,0,0,-0.60671712489359708
double,32,1296,15,reference,solve,0.32150357099999999,7,16,14,24,3.8246429519452402e-10,0
double,32,1296,16,reference,products,0.0010540770000000001,0,0,0,0,0,81846757.067176089
double,32,1296,16,reference,preconditioner,0.01173919025,0,0,0,0,0,-0.60671712489359708
double,32,1296,16,reference,solve,0.328470924,7,16,14,24,3.8246429519452402e-10,0
double,32,1296,16,native,products,0.0013041008333333334,0,0,0,0,0,81846757.067176089
double,32,1296,16,native,preconditioner,0.011564512125000001,0,0,0,0,0,-0.60671712489359708
double,32,1296,16,native,solve,0.33087963100000001,7,16,14,24,3.8246429519452402e-10,0
double,32,1296,17,native,products,0.0011099705,0,0,0,0,0,81846757.067176089
double,32,1296,17,native,preconditioner,0.012076440000000001,0,0,0,0,0,-0.60671712489359708
double,32,1296,17,native,solve,0.35558503299999999,7,16,14,24,3.8246429519452402e-10,0
double,32,1296,17,reference,products,0.0011706144999999999,0,0,0,0,0,81846757.067176089
double,32,1296,17,reference,preconditioner,0.014625510499999999,0,0,0,0,0,-0.60671712489359708
double,32,1296,17,reference,solve,0.43352325600000002,7,16,14,24,3.8246429519452402e-10,0
double,32,1296,18,reference,products,0.0014867973333333331,0,0,0,0,0,81846757.067176089
double,32,1296,18,reference,preconditioner,0.015113026749999999,0,0,0,0,0,-0.60671712489359708
double,32,1296,18,reference,solve,0.42056296500000001,7,16,14,24,3.8246429519452402e-10,0
double,32,1296,18,native,products,0.0010670143333333334,0,0,0,0,0,81846757.067176089
double,32,1296,18,native,preconditioner,0.010422754625000001,0,0,0,0,0,-0.60671712489359708
double,32,1296,18,native,solve,0.28257036299999999,7,16,14,24,3.8246429519452402e-10,0
double,32,1296,19,native,products,0.0010147691666666668,0,0,0,0,0,81846757.067176089
double,32,1296,19,native,preconditioner,0.010243141000000001,0,0,0,0,0,-0.60671712489359708
double,32,1296,19,native,solve,0.29373423999999998,7,16,14,24,3.8246429519452402e-10,0
double,32,1296,19,reference,products,0.00099326333333333325,0,0,0,0,0,81846757.067176089
double,32,1296,19,reference,preconditioner,0.011054130125,0,0,0,0,0,-0.60671712489359708
double,32,1296,19,reference,solve,0.292965329,7,16,14,24,3.8246429519452402e-10,0
