2d1597d91b79b03574989d3a94a26648cd1337303068195331563ff4a4e719f0  CMakeLists.txt
5a42609c6c2fb5397a25afee9fda14f8e7f28e1619444dc14f2eb8b3fb11c150  tests/CMakeLists.txt
70c5909094093d588e48e397bc2898303138be94dce990c729b47829e0014487  tests/test_core.cpp
0ef17c8be98cac0f74a2c5215a214c5f9f506c10150d32056690573fc7f46ddf  tests/test_foundation.cpp
a46af9da3b8ef88b4527aa552adfacb0018a95e7520ca9e4ff190901af7ceb73  tests/test_mpi.cpp
db49b1e6917e48b2d3f9cdbeffe809050425cad7e20af0c8da34d7414fdbe7a7  tests/test_mpi_partitions.cpp
cf3926182e4ea89aee38c0690980d2b6622010e6a2e5f74a39ba58a1f8f9aace  tests/review/CMakeLists.txt
6749f3cc5d62e3fc48c6b1257cb1b74c5c84b8c8328f433ffc987e020a746acd  tests/review/review_cases.cpp
4bf55e99d68c12a33891b4afae0ec9319c4f2ff405ba62d43368e349f954decc  tests/review/review_harmonic.cpp
a65fbc44d8b4bd89d36ddb31b2fc389a23161c0b1cbd4cf1919376bfa93bae05  tests/review/review_mpi.cpp
4a6c19a85cabf1ff71ad66c0b7a33842bf35db6e665ef2b854e0a3044c34d701  tests/review/run_review.sh
d9848ad58d091e5f44f7318af3f1f28564538e8dccdc91d263f381ec91e38633  include/owt/krylov/block_csr.hpp
c75eed658bdc32fb0bdb762e450a02ace5c06926e936b4dd0b4fad9bc8bb0a3c  include/owt/krylov/coarse.hpp
7bec3a6c20505c311e99718bfc6bdb7ecce72a73c8496b35d100fbe9f3ecadfa  include/owt/krylov/core.hpp
9d62760c16ac6facf94e4ee6558f1cdb3410ba79590e79dfd9a4a92745f8c0c5  include/owt/krylov/dense_block_csr.hpp
d27fbebfbd3f12a3e6341ba2596813b85a62fcd269b096c5955ad04543d3c3e6  include/owt/krylov/distributed_layout.hpp
8ccb10fa9b198203838fe13563292464b828d2cafc6acb265aa9f4a83120afcc  include/owt/krylov/execution.hpp
1378c6ce3c735c2b3b9a751c9641fb32db04e0b9f3cfd0bec33e4a56c6e7c4f0  include/owt/krylov/gcrodr.hpp
aa3d513fd4801dde13a5a1c86c530f12e19594c8c8402d7c9d2b60bde7fd0250  include/owt/krylov/idrs.hpp
e955c02d15eef0a73c1515717a818a4ef7105f86fbbb932133c1369219230c45  include/owt/krylov/krylov_solvers.hpp
fbe21097de7f530b1a2985a5c42784ba3ed7d0c11444628620af06100c54dde8  include/owt/krylov/mpi_halo.hpp
953ca3d14ca938980c3c6e3b3bc6e0d005cb559855681145e5d5083f3e48ade4  include/owt/krylov/multigrid.hpp
ddefde5b5f601b0dc97d304c96b598bf3a403e7d3420ea1070629f260877dcf2  include/owt/krylov/ordering.hpp
bc44eb33355226631c5e20fa5faeb5896df1c3cdc216ac28f6e24a69bcd35db9  include/owt/krylov/overlap.hpp
4c0baa0c21b86f57b91b6d8bfe44d0d91f500e3dc943b0856d4891ad7db0484c  include/owt/krylov/overlap_plan.hpp
e3ba9227fc16fbb3117bcc552e22294fa5f751739254d94cd41d38c6a4e396e7  include/owt/krylov/owt_krylov.hpp
cd6a9512aeaf442886e7cf39ae4cfbb16355341818fd7c70480e00d42a11e98a  include/owt/krylov/petsc_adapter.hpp
28106c97ce2f962530421a3b9dc665f7046f4aa81f393d7e64915b0a0c715072  include/owt/krylov/petsc_coarse.hpp
7b93bfdeb43dd59109f6cf86845d3aad1c3bbb9ce57df7acf0ae1e9d3fc14798  include/owt/krylov/pipelined_bicgstab.hpp
62118a86cff90f4caa66c0b8465819689c4a1a65a17f5a90fed58f0c933c9622  include/owt/krylov/preconditioner.hpp
54947ef3f6baca720e050c9c6b8d8d044f10ed0b3142ffc830db038e234eedd7  include/owt/krylov/recycling.hpp
38a22873a983248d16b60f35fcd840e25ca3f6b8fd47c4df6d69ce62b3bc9818  include/owt/krylov/reduction.hpp
fe7e77fbb967fbc41f066ea3024f1ae7bebef5b870060751106b5a19e3b71911  include/owt/krylov/simd.hpp
2f5c1c809918773ff8fe23eed77274bfab3ad002d2a6dce403817576d2ef06d9  include/owt/krylov/specwave_compat.hpp
0cfa2caa06214a431fa44921de07772cf4ea1488b837a35d40e4c94da9b6b9eb  include/owt/krylov/split_block_csr.hpp
4d89aea65bec78a80c22d78e5486e81edc8cc4b080b4376817a12d88a62d128d  include/owt/krylov/stationary.hpp
8a20e2ade83dbd3a2792e78cec233d9ef19ccb6ed0c1c856b08e24fbdc034f6f  benchmarks/benchmark_distributed.cpp
83061647f9047c6d5fd36720e501cb74c5fb357a5a5cb908b1557d8b58a38b8c  benchmarks/benchmark_unstructured.cpp
cc9096296ed344977b0bcb4c10d258b6d621bf8db116b3ff7349b930131ba3df  benchmarks/specwave_limon.sh
