-- Cache values
CMAKE_ADDR2LINE:FILEPATH=/usr/bin/addr2line
CMAKE_AR:FILEPATH=/usr/bin/ar
CMAKE_BUILD_TYPE:STRING=
CMAKE_COLOR_MAKEFILE:BOOL=ON
CMAKE_CXX_COMPILER:FILEPATH=/opt/intel/oneapi/mpi/2021.17/bin/mpiicpc
CMAKE_CXX_COMPILER_AR:FILEPATH=CMAKE_CXX_COMPILER_AR-NOTFOUND
CMAKE_CXX_COMPILER_RANLIB:FILEPATH=CMAKE_CXX_COMPILER_RANLIB-NOTFOUND
CMAKE_CXX_FLAGS:STRING=-O1 -fpic
CMAKE_CXX_FLAGS_DEBUG:STRING=-g -Rno-debug-disables-optimization
CMAKE_CXX_FLAGS_MINSIZEREL:STRING=-Os -DNDEBUG
CMAKE_CXX_FLAGS_RELEASE:STRING=-O3 -DNDEBUG
CMAKE_CXX_FLAGS_RELWITHDEBINFO:STRING=-O2 -g -DNDEBUG
CMAKE_DLLTOOL:FILEPATH=CMAKE_DLLTOOL-NOTFOUND
CMAKE_EXE_LINKER_FLAGS:STRING=
CMAKE_EXE_LINKER_FLAGS_DEBUG:STRING=
CMAKE_EXE_LINKER_FLAGS_MINSIZEREL:STRING=
CMAKE_EXE_LINKER_FLAGS_RELEASE:STRING=
CMAKE_EXE_LINKER_FLAGS_RELWITHDEBINFO:STRING=
CMAKE_EXPORT_COMPILE_COMMANDS:BOOL=
CMAKE_INSTALL_BINDIR:PATH=bin
CMAKE_INSTALL_DATADIR:PATH=
CMAKE_INSTALL_DATAROOTDIR:PATH=share
CMAKE_INSTALL_DOCDIR:PATH=
CMAKE_INSTALL_INCLUDEDIR:PATH=include
CMAKE_INSTALL_INFODIR:PATH=
CMAKE_INSTALL_LIBDIR:PATH=lib
CMAKE_INSTALL_LIBEXECDIR:PATH=libexec
CMAKE_INSTALL_LOCALEDIR:PATH=
CMAKE_INSTALL_LOCALSTATEDIR:PATH=var
CMAKE_INSTALL_MANDIR:PATH=
CMAKE_INSTALL_OLDINCLUDEDIR:PATH=/usr/include
CMAKE_INSTALL_PREFIX:PATH=/usr/local
CMAKE_INSTALL_RUNSTATEDIR:PATH=
CMAKE_INSTALL_SBINDIR:PATH=sbin
CMAKE_INSTALL_SHAREDSTATEDIR:PATH=com
CMAKE_INSTALL_SYSCONFDIR:PATH=etc
CMAKE_LINKER:FILEPATH=/usr/bin/ld
CMAKE_MAKE_PROGRAM:FILEPATH=/usr/bin/gmake
CMAKE_MODULE_LINKER_FLAGS:STRING=
CMAKE_MODULE_LINKER_FLAGS_DEBUG:STRING=
CMAKE_MODULE_LINKER_FLAGS_MINSIZEREL:STRING=
CMAKE_MODULE_LINKER_FLAGS_RELEASE:STRING=
CMAKE_MODULE_LINKER_FLAGS_RELWITHDEBINFO:STRING=
CMAKE_NM:FILEPATH=/usr/bin/nm
CMAKE_OBJCOPY:FILEPATH=/usr/bin/objcopy
CMAKE_OBJDUMP:FILEPATH=/usr/bin/objdump
CMAKE_RANLIB:FILEPATH=/usr/bin/ranlib
CMAKE_READELF:FILEPATH=/usr/bin/readelf
CMAKE_SHARED_LINKER_FLAGS:STRING=
CMAKE_SHARED_LINKER_FLAGS_DEBUG:STRING=
CMAKE_SHARED_LINKER_FLAGS_MINSIZEREL:STRING=
CMAKE_SHARED_LINKER_FLAGS_RELEASE:STRING=
CMAKE_SHARED_LINKER_FLAGS_RELWITHDEBINFO:STRING=
CMAKE_SKIP_INSTALL_RPATH:BOOL=NO
CMAKE_SKIP_RPATH:BOOL=NO
CMAKE_STATIC_LINKER_FLAGS:STRING=
CMAKE_STATIC_LINKER_FLAGS_DEBUG:STRING=
CMAKE_STATIC_LINKER_FLAGS_MINSIZEREL:STRING=
CMAKE_STATIC_LINKER_FLAGS_RELEASE:STRING=
CMAKE_STATIC_LINKER_FLAGS_RELWITHDEBINFO:STRING=
CMAKE_STRIP:FILEPATH=/usr/bin/strip
CMAKE_TAPI:FILEPATH=CMAKE_TAPI-NOTFOUND
CMAKE_VERBOSE_MAKEFILE:BOOL=FALSE
MPIEXEC_EXECUTABLE:FILEPATH=/opt/intel/oneapi/mpi/2021.17/bin/mpiexec
MPIEXEC_MAX_NUMPROCS:STRING=8
MPIEXEC_NUMPROC_FLAG:STRING=-n
MPIEXEC_POSTFLAGS:STRING=
MPIEXEC_PREFLAGS:STRING=
MPI_CXX_ADDITIONAL_INCLUDE_DIRS:STRING=
MPI_CXX_COMPILER:FILEPATH=/opt/intel/oneapi/mpi/2021.17/bin/mpiicpc
MPI_CXX_COMPILER_INCLUDE_DIRS:STRING=
MPI_CXX_COMPILE_DEFINITIONS:STRING=
MPI_CXX_COMPILE_OPTIONS:STRING=
MPI_CXX_LINK_FLAGS:STRING=
MPI_CXX_SKIP_MPICXX:BOOL=OFF
OWT_KRYLOV_BUILD_BENCHMARKS:BOOL=ON
OWT_KRYLOV_BUILD_REVIEW_TESTS:BOOL=OFF
OWT_KRYLOV_BUILD_TESTS:BOOL=ON
OWT_KRYLOV_ENABLE_LAPACK:BOOL=OFF
OWT_KRYLOV_ENABLE_MPI:BOOL=ON
OWT_KRYLOV_ENABLE_OPENMP_TARGET:BOOL=OFF
OWT_KRYLOV_ENABLE_PETSC:BOOL=ON
PKG_CONFIG_ARGN:STRING=
PKG_CONFIG_EXECUTABLE:FILEPATH=/usr/bin/pkg-config
pkgcfg_lib_PETSC_petsc_real:FILEPATH=/usr/lib/petscdir/petsc3.19/x86_64-linux-gnu-real/lib/libpetsc_real.so
