2d1597d91b79b03574989d3a94a26648cd1337303068195331563ff4a4e719f0  CMakeLists.txt
0544c017d58d96b8cf0a4d472ae5f9a6b2d5b2b8fc6f51b21c806fbaf7838375  tests/CMakeLists.txt
cf3926182e4ea89aee38c0690980d2b6622010e6a2e5f74a39ba58a1f8f9aace  tests/review/CMakeLists.txt
6749f3cc5d62e3fc48c6b1257cb1b74c5c84b8c8328f433ffc987e020a746acd  tests/review/review_cases.cpp
4bf55e99d68c12a33891b4afae0ec9319c4f2ff405ba62d43368e349f954decc  tests/review/review_harmonic.cpp
a65fbc44d8b4bd89d36ddb31b2fc389a23161c0b1cbd4cf1919376bfa93bae05  tests/review/review_mpi.cpp
85377f074b6c5a10d26bda5f1528e707b36cdd3230bb9adf90003eb53e174af0  tests/review/run_review.sh
d9848ad58d091e5f44f7318af3f1f28564538e8dccdc91d263f381ec91e38633  include/owt/krylov/block_csr.hpp
c75eed658bdc32fb0bdb762e450a02ace5c06926e936b4dd0b4fad9bc8bb0a3c  include/owt/krylov/coarse.hpp
44495941917e6f587912e5f9c76f3e7b7ca18aacdd05307f78eaf9b5f2f15321  include/owt/krylov/core.hpp
9d62760c16ac6facf94e4ee6558f1cdb3410ba79590e79dfd9a4a92745f8c0c5  include/owt/krylov/dense_block_csr.hpp
d27fbebfbd3f12a3e6341ba2596813b85a62fcd269b096c5955ad04543d3c3e6  include/owt/krylov/distributed_layout.hpp
8ccb10fa9b198203838fe13563292464b828d2cafc6acb265aa9f4a83120afcc  include/owt/krylov/execution.hpp
1378c6ce3c735c2b3b9a751c9641fb32db04e0b9f3cfd0bec33e4a56c6e7c4f0  include/owt/krylov/gcrodr.hpp
ba9b6f6b5fd81b0c783eed7c6c7aacf0b43b6109b493d106cb21ae0f74b2a56d  include/owt/krylov/idrs.hpp
1e5d9d7b9f5f012294efa733a83e822775281163464cd78583d37f03e5ad3470  include/owt/krylov/krylov_solvers.hpp
fbe21097de7f530b1a2985a5c42784ba3ed7d0c11444628620af06100c54dde8  include/owt/krylov/mpi_halo.hpp
953ca3d14ca938980c3c6e3b3bc6e0d005cb559855681145e5d5083f3e48ade4  include/owt/krylov/multigrid.hpp
ddefde5b5f601b0dc97d304c96b598bf3a403e7d3420ea1070629f260877dcf2  include/owt/krylov/ordering.hpp
bc44eb33355226631c5e20fa5faeb5896df1c3cdc216ac28f6e24a69bcd35db9  include/owt/krylov/overlap.hpp
4c0baa0c21b86f57b91b6d8bfe44d0d91f500e3dc943b0856d4891ad7db0484c  include/owt/krylov/overlap_plan.hpp
e3ba9227fc16fbb3117bcc552e22294fa5f751739254d94cd41d38c6a4e396e7  include/owt/krylov/owt_krylov.hpp
cd6a9512aeaf442886e7cf39ae4cfbb16355341818fd7c70480e00d42a11e98a  include/owt/krylov/petsc_adapter.hpp
28106c97ce2f962530421a3b9dc665f7046f4aa81f393d7e64915b0a0c715072  include/owt/krylov/petsc_coarse.hpp
2ad261e8f21e31b7f48d33ff5d9c83afadfcc716e42e47fe34bbe48b7fe34396  include/owt/krylov/pipelined_bicgstab.hpp
62118a86cff90f4caa66c0b8465819689c4a1a65a17f5a90fed58f0c933c9622  include/owt/krylov/preconditioner.hpp
d45ce9ad75a2a4ca857cc85da6b56195fdcf78286e52beb9e18b41a6d53c9b28  include/owt/krylov/recycling.hpp
7eb57ae734329119564daad808c8b4fedbae71f0e5c79b0685131adb4a17f410  include/owt/krylov/reduction.hpp
fe7e77fbb967fbc41f066ea3024f1ae7bebef5b870060751106b5a19e3b71911  include/owt/krylov/simd.hpp
2f5c1c809918773ff8fe23eed77274bfab3ad002d2a6dce403817576d2ef06d9  include/owt/krylov/specwave_compat.hpp
0cfa2caa06214a431fa44921de07772cf4ea1488b837a35d40e4c94da9b6b9eb  include/owt/krylov/split_block_csr.hpp
4d89aea65bec78a80c22d78e5486e81edc8cc4b080b4376817a12d88a62d128d  include/owt/krylov/stationary.hpp
8a20e2ade83dbd3a2792e78cec233d9ef19ccb6ed0c1c856b08e24fbdc034f6f  benchmarks/benchmark_distributed.cpp
83061647f9047c6d5fd36720e501cb74c5fb357a5a5cb908b1557d8b58a38b8c  benchmarks/benchmark_unstructured.cpp
cc9096296ed344977b0bcb4c10d258b6d621bf8db116b3ff7349b930131ba3df  benchmarks/specwave_limon.sh
