precision,side,block,sample,variant,phase,seconds,iterations,operator_apps,preconditioner_apps,reductions,relative_residual,checksum
float,32,1,-1,native,profile_operator,0.00012950599999999999,4,10,8,14,3.342033521587579e-06,0
float,32,1,-1,native,profile_preconditioner,0.000323204,4,10,8,14,3.342033521587579e-06,0
float,32,1,-1,native,profile_total,0.00050536699999999995,4,10,8,14,3.342033521587579e-06,0
float,32,1,-1,reference,profile_operator,0.00012261100000000001,4,10,8,14,3.342033521587579e-06,0
float,32,1,-1,reference,profile_preconditioner,0.00033838100000000001,4,10,8,14,3.342033521587579e-06,0
float,32,1,-1,reference,profile_total,0.000524644,4,10,8,14,3.342033521587579e-06,0
float,32,1,0,reference,products,1.0664465332031251e-06,0,0,0,0,0,83206360
float,32,1,0,reference,preconditioner,4.1560000000000002e-05,0,0,0,0,0,-0.60671710968017578
float,32,1,0,reference,solve,0.000483776,4,10,8,14,3.342033521587579e-06,0
float,32,1,0,native,products,1.063255615234375e-06,0,0,0,0,0,83206360
float,32,1,0,native,preconditioner,4.2291374999999998e-05,0,0,0,0,0,-0.60671710968017578
float,32,1,0,native,solve,0.00046714499999999997,4,10,8,14,3.342033521587579e-06,0
float,32,1,1,native,products,1.0675925292968749e-06,0,0,0,0,0,83206360
float,32,1,1,native,preconditioner,4.373025e-05,0,0,0,0,0,-0.60671710968017578
float,32,1,1,native,solve,0.00046507100000000001,4,10,8,14,3.342033521587579e-06,0
float,32,1,1,reference,products,1.0594924316406249e-06,0,0,0,0,0,83206360
float,32,1,1,reference,preconditioner,4.8380375e-05,0,0,0,0,0,-0.60671710968017578
float,32,1,1,reference,solve,0.00047310599999999999,4,10,8,14,3.342033521587579e-06,0
float,32,1,2,reference,products,1.2219582519531251e-06,0,0,0,0,0,83206360
float,32,1,2,reference,preconditioner,4.3071500000000003e-05,0,0,0,0,0,-0.60671710968017578
float,32,1,2,reference,solve,0.00047046099999999998,4,10,8,14,3.342033521587579e-06,0
float,32,1,2,native,products,1.0642940673828124e-06,0,0,0,0,0,83206360
float,32,1,2,native,preconditioner,4.2268750000000001e-05,0,0,0,0,0,-0.60671710968017578
float,32,1,2,native,solve,0.000485188,4,10,8,14,3.342033521587579e-06,0
float,32,1,3,native,products,1.0595963134765626e-06,0,0,0,0,0,83206360
float,32,1,3,native,preconditioner,4.2179874999999997e-05,0,0,0,0,0,-0.60671710968017578
float,32,1,3,native,solve,0.00051657799999999996,4,10,8,14,3.342033521587579e-06,0
float,32,1,3,reference,products,1.0705363769531251e-06,0,0,0,0,0,83206360
float,32,1,3,reference,preconditioner,4.1564999999999999e-05,0,0,0,0,0,-0.60671710968017578
float,32,1,3,reference,solve,0.00047127200000000001,4,10,8,14,3.342033521587579e-06,0
float,32,1,4,reference,products,1.0652197265624999e-06,0,0,0,0,0,83206360
float,32,1,4,reference,preconditioner,4.2887499999999999e-05,0,0,0,0,0,-0.60671710968017578
float,32,1,4,reference,solve,0.00046997,4,10,8,14,3.342033521587579e-06,0
float,32,1,4,native,products,1.0574475097656249e-06,0,0,0,0,0,83206360
float,32,1,4,native,preconditioner,4.2267500000000001e-05,0,0,0,0,0,-0.60671710968017578
float,32,1,4,native,solve,0.00048410700000000001,4,10,8,14,3.342033521587579e-06,0
float,32,1,5,native,products,1.06605029296875e-06,0,0,0,0,0,83206360
float,32,1,5,native,preconditioner,4.2290124999999999e-05,0,0,0,0,0,-0.60671710968017578
float,32,1,5,native,solve,0.000482743,4,10,8,14,3.342033521587579e-06,0
float,32,1,5,reference,products,1.0665566406249999e-06,0,0,0,0,0,83206360
float,32,1,5,reference,preconditioner,4.155e-05,0,0,0,0,0,-0.60671710968017578
float,32,1,5,reference,solve,0.00047058100000000003,4,10,8,14,3.342033521587579e-06,0
float,32,1,6,reference,products,1.062598876953125e-06,0,0,0,0,0,83206360
float,32,1,6,reference,preconditioner,4.306275e-05,0,0,0,0,0,-0.60671710968017578
float,32,1,6,reference,solve,0.000470321,4,10,8,14,3.342033521587579e-06,0
float,32,1,6,native,products,1.0813930664062499e-06,0,0,0,0,0,83206360
float,32,1,6,native,preconditioner,4.3901874999999999e-05,0,0,0,0,0,-0.60671710968017578
float,32,1,6,native,solve,0.00046392900000000002,4,10,8,14,3.342033521587579e-06,0
float,32,1,7,native,products,1.0719049072265624e-06,0,0,0,0,0,83206360
float,32,1,7,native,preconditioner,4.3451000000000001e-05,0,0,0,0,0,-0.60671710968017578
float,32,1,7,native,solve,0.00046396799999999999,4,10,8,14,3.342033521587579e-06,0
float,32,1,7,reference,products,1.0704029541015625e-06,0,0,0,0,0,83206360
float,32,1,7,reference,preconditioner,4.1575000000000001e-05,0,0,0,0,0,-0.60671710968017578
float,32,1,7,reference,solve,0.00048138199999999998,4,10,8,14,3.342033521587579e-06,0
float,32,1,8,reference,products,1.0651219482421874e-06,0,0,0,0,0,83206360
float,32,1,8,reference,preconditioner,4.1552374999999997e-05,0,0,0,0,0,-0.60671710968017578
float,32,1,8,reference,solve,0.000489106,4,10,8,14,3.342033521587579e-06,0
float,32,1,8,native,products,1.0827408447265626e-06,0,0,0,0,0,83206360
float,32,1,8,native,preconditioner,4.2268875000000003e-05,0,0,0,0,0,-0.60671710968017578
float,32,1,8,native,solve,0.00047727400000000003,4,10,8,14,3.342033521587579e-06,0
float,32,1,9,native,products,1.0606041259765626e-06,0,0,0,0,0,83206360
float,32,1,9,native,preconditioner,4.2878625000000001e-05,0,0,0,0,0,-0.60671710968017578
float,32,1,9,native,solve,0.00046367799999999997,4,10,8,14,3.342033521587579e-06,0
float,32,1,9,reference,products,1.1203338623046876e-06,0,0,0,0,0,83206360
float,32,1,9,reference,preconditioner,4.1566124999999997e-05,0,0,0,0,0,-0.60671710968017578
float,32,1,9,reference,solve,0.00049523799999999995,4,10,8,14,3.342033521587579e-06,0
float,32,1,10,reference,products,1.0680841064453125e-06,0,0,0,0,0,83206360
float,32,1,10,reference,preconditioner,4.1572375e-05,0,0,0,0,0,-0.60671710968017578
float,32,1,10,reference,solve,0.00047076099999999999,4,10,8,14,3.342033521587579e-06,0
float,32,1,10,native,products,1.0675655517578125e-06,0,0,0,0,0,83206360
float,32,1,10,native,preconditioner,4.3860625e-05,0,0,0,0,0,-0.60671710968017578
float,32,1,10,native,solve,0.000465291,4,10,8,14,3.342033521587579e-06,0
float,32,1,11,native,products,1.0731168212890626e-06,0,0,0,0,0,83206360
float,32,1,11,native,preconditioner,4.4483000000000001e-05,0,0,0,0,0,-0.60671710968017578
float,32,1,11,native,solve,0.000491881,4,10,8,14,3.342033521587579e-06,0
float,32,1,11,reference,products,1.0760446777343749e-06,0,0,0,0,0,83206360
float,32,1,11,reference,preconditioner,4.0753375e-05,0,0,0,0,0,-0.60671710968017578
float,32,1,11,reference,solve,0.00044494199999999998,4,10,8,14,3.342033521587579e-06,0
float,32,1,12,reference,products,1.012933349609375e-06,0,0,0,0,0,83206360
float,32,1,12,reference,preconditioner,3.7013875e-05,0,0,0,0,0,-0.60671710968017578
float,32,1,12,reference,solve,0.00041477499999999999,4,10,8,14,3.342033521587579e-06,0
float,32,1,12,native,products,9.0784667968750005e-07,0,0,0,0,0,83206360
float,32,1,12,native,preconditioner,3.8059624999999999e-05,0,0,0,0,0,-0.60671710968017578
float,32,1,12,native,solve,0.00040458600000000002,4,10,8,14,3.342033521587579e-06,0
float,32,1,13,native,products,8.5966345214843753e-07,0,0,0,0,0,83206360
float,32,1,13,native,preconditioner,3.3041374999999997e-05,0,0,0,0,0,-0.60671710968017578
float,32,1,13,native,solve,0.00036289699999999999,4,10,8,14,3.342033521587579e-06,0
float,32,1,13,reference,products,8.1529357910156248e-07,0,0,0,0,0,83206360
float,32,1,13,reference,preconditioner,3.2393749999999998e-05,0,0,0,0,0,-0.60671710968017578
float,32,1,13,reference,solve,0.00035592399999999998,4,10,8,14,3.342033521587579e-06,0
float,32,1,14,reference,products,7.8740136718750001e-07,0,0,0,0,0,83206360
float,32,1,14,reference,preconditioner,2.9740124999999998e-05,0,0,0,0,0,-0.60671710968017578
float,32,1,14,reference,solve,0.00033525500000000001,4,10,8,14,3.342033521587579e-06,0
float,32,1,14,native,products,7.4820239257812496e-07,0,0,0,0,0,83206360
float,32,1,14,native,preconditioner,3.094225e-05,0,0,0,0,0,-0.60671710968017578
float,32,1,14,native,solve,0.00033119699999999998,4,10,8,14,3.342033521587579e-06,0
float,32,1,15,native,products,7.5327917480468755e-07,0,0,0,0,0,83206360
float,32,1,15,native,preconditioner,3.1336749999999998e-05,0,0,0,0,0,-0.60671710968017578
float,32,1,15,native,solve,0.00033451299999999999,4,10,8,14,3.342033521587579e-06,0
float,32,1,15,reference,products,9.5110729980468754e-07,0,0,0,0,0,83206360
float,32,1,15,reference,preconditioner,2.9638624999999999e-05,0,0,0,0,0,-0.60671710968017578
float,32,1,15,reference,solve,0.00033745900000000002,4,10,8,14,3.342033521587579e-06,0
float,32,1,16,reference,products,7.5510388183593753e-07,0,0,0,0,0,83206360
float,32,1,16,reference,preconditioner,2.9607374999999999e-05,0,0,0,0,0,-0.60671710968017578
float,32,1,16,reference,solve,0.00033617599999999999,4,10,8,14,3.342033521587579e-06,0
float,32,1,16,native,products,7.6070166015625001e-07,0,0,0,0,0,83206360
float,32,1,16,native,preconditioner,3.0205875e-05,0,0,0,0,0,-0.60671710968017578
float,32,1,16,native,solve,0.00033293999999999999,4,10,8,14,3.342033521587579e-06,0
float,32,1,17,native,products,7.5310424804687501e-07,0,0,0,0,0,83206360
float,32,1,17,native,preconditioner,3.0075624999999999e-05,0,0,0,0,0,-0.60671710968017578
float,32,1,17,native,solve,0.000330145,4,10,8,14,3.342033521587579e-06,0
float,32,1,17,reference,products,7.7911669921874996e-07,0,0,0,0,0,83206360
float,32,1,17,reference,preconditioner,3.3473375000000002e-05,0,0,0,0,0,-0.60671710968017578
float,32,1,17,reference,solve,0.000339833,4,10,8,14,3.342033521587579e-06,0
float,32,1,18,reference,products,7.636099853515625e-07,0,0,0,0,0,83206360
float,32,1,18,reference,preconditioner,2.9599750000000001e-05,0,0,0,0,0,-0.60671710968017578
float,32,1,18,reference,solve,0.00033582600000000001,4,10,8,14,3.342033521587579e-06,0
float,32,1,18,native,products,7.8315869140624997e-07,0,0,0,0,0,83206360
float,32,1,18,native,preconditioner,3.022975e-05,0,0,0,0,0,-0.60671710968017578
float,32,1,18,native,solve,0.000356876,4,10,8,14,3.342033521587579e-06,0
float,32,1,19,native,products,7.5716088867187503e-07,0,0,0,0,0,83206360
float,32,1,19,native,preconditioner,3.0077e-05,0,0,0,0,0,-0.60671710968017578
float,32,1,19,native,solve,0.00034630499999999999,4,10,8,14,3.342033521587579e-06,0
float,32,1,19,reference,products,7.5686755371093746e-07,0,0,0,0,0,83206360
float,32,1,19,reference,preconditioner,2.96085e-05,0,0,0,0,0,-0.60671710968017578
float,32,1,19,reference,solve,0.000349642,4,10,8,14,3.342033521587579e-06,0
double,32,1,-1,native,profile_operator,0.000139624,7,16,14,23,5.1216410219961497e-10,0
double,32,1,-1,native,profile_preconditioner,0.00043973299999999999,7,16,14,23,5.1216410219961497e-10,0
double,32,1,-1,native,profile_total,0.000643157,7,16,14,23,5.1216410219961497e-10,0
double,32,1,-1,reference,profile_operator,0.00014493499999999998,7,16,14,23,5.1216410219961497e-10,0
double,32,1,-1,reference,profile_preconditioner,0.00043661799999999995,7,16,14,23,5.1216410219961497e-10,0
double,32,1,-1,reference,profile_total,0.00066302500000000003,7,16,14,23,5.1216410219961497e-10,0
double,32,1,0,reference,products,5.0216650390625005e-07,0,0,0,0,0,83206365.842648989
double,32,1,0,reference,preconditioner,3.6079625000000001e-05,0,0,0,0,0,-0.60671712489359708
double,32,1,0,reference,solve,0.00059124899999999996,7,16,14,23,5.1216410219961497e-10,0
double,32,1,0,native,products,5.0404260253906248e-07,0,0,0,0,0,83206365.842648989
double,32,1,0,native,preconditioner,3.2863500000000001e-05,0,0,0,0,0,-0.60671712489359708
double,32,1,0,native,solve,0.00058774299999999995,7,16,14,23,5.1216410219961497e-10,0
double,32,1,1,native,products,5.0076123046875005e-07,0,0,0,0,0,83206365.842648989
double,32,1,1,native,preconditioner,3.2724375e-05,0,0,0,0,0,-0.60671712489359708
double,32,1,1,native,solve,0.000594185,7,16,14,23,5.1216410219961497e-10,0
double,32,1,1,reference,products,4.9919946289062505e-07,0,0,0,0,0,83206365.842648989
double,32,1,1,reference,preconditioner,3.1770124999999998e-05,0,0,0,0,0,-0.60671712489359708
double,32,1,1,reference,solve,0.00060284100000000001,7,16,14,23,5.1216410219961497e-10,0
double,32,1,2,reference,products,4.9939758300781246e-07,0,0,0,0,0,83206365.842648989
double,32,1,2,reference,preconditioner,3.1767624999999999e-05,0,0,0,0,0,-0.60671712489359708
double,32,1,2,reference,solve,0.00061123700000000004,7,16,14,23,5.1216410219961497e-10,0
double,32,1,2,native,products,6.9372424316406253e-07,0,0,0,0,0,83206365.842648989
double,32,1,2,native,preconditioner,3.2808249999999999e-05,0,0,0,0,0,-0.60671712489359708
double,32,1,2,native,solve,0.00059993600000000002,7,16,14,23,5.1216410219961497e-10,0
double,32,1,3,native,products,5.0063037109375e-07,0,0,0,0,0,83206365.842648989
double,32,1,3,native,preconditioner,3.2859750000000003e-05,0,0,0,0,0,-0.60671712489359708
double,32,1,3,native,solve,0.00060017600000000001,7,16,14,23,5.1216410219961497e-10,0
double,32,1,3,reference,products,5.0476293945312498e-07,0,0,0,0,0,83206365.842648989
double,32,1,3,reference,preconditioner,3.1840249999999997e-05,0,0,0,0,0,-0.60671712489359708
double,32,1,3,reference,solve,0.000604775,7,16,14,23,5.1216410219961497e-10,0
double,32,1,4,reference,products,5.0131896972656248e-07,0,0,0,0,0,83206365.842648989
double,32,1,4,reference,preconditioner,3.1827749999999997e-05,0,0,0,0,0,-0.60671712489359708
double,32,1,4,reference,solve,0.00059572800000000001,7,16,14,23,5.1216410219961497e-10,0
double,32,1,4,native,products,5.0163684082031246e-07,0,0,0,0,0,83206365.842648989
double,32,1,4,native,preconditioner,3.2815999999999999e-05,0,0,0,0,0,-0.60671712489359708
double,32,1,4,native,solve,0.00059705000000000001,7,16,14,23,5.1216410219961497e-10,0
double,32,1,5,native,products,5.0243188476562502e-07,0,0,0,0,0,83206365.842648989
double,32,1,5,native,preconditioner,3.3564874999999999e-05,0,0,0,0,0,-0.60671712489359708
double,32,1,5,native,solve,0.00058443600000000003,7,16,14,23,5.1216410219961497e-10,0
double,32,1,5,reference,products,4.9777343749999997e-07,0,0,0,0,0,83206365.842648989
double,32,1,5,reference,preconditioner,3.2810874999999999e-05,0,0,0,0,0,-0.60671712489359708
double,32,1,5,reference,solve,0.00058973599999999999,7,16,14,23,5.1216410219961497e-10,0
double,32,1,6,reference,products,4.9943310546875e-07,0,0,0,0,0,83206365.842648989
double,32,1,6,reference,preconditioner,3.1910374999999997e-05,0,0,0,0,0,-0.60671712489359708
double,32,1,6,reference,solve,0.00058898499999999999,7,16,14,23,5.1216410219961497e-10,0
double,32,1,6,native,products,5.1717907714843746e-07,0,0,0,0,0,83206365.842648989
double,32,1,6,native,preconditioner,3.2744499999999998e-05,0,0,0,0,0,-0.60671712489359708
double,32,1,6,native,solve,0.00059716000000000001,7,16,14,23,5.1216410219961497e-10,0
double,32,1,7,native,products,5.0051416015624997e-07,0,0,0,0,0,83206365.842648989
double,32,1,7,native,preconditioner,3.2794499999999999e-05,0,0,0,0,0,-0.60671712489359708
double,32,1,7,native,solve,0.00059571799999999996,7,16,14,23,5.1216410219961497e-10,0
double,32,1,7,reference,products,5.019390869140625e-07,0,0,0,0,0,83206365.842648989
double,32,1,7,reference,preconditioner,3.1857874999999997e-05,0,0,0,0,0,-0.60671712489359708
double,32,1,7,reference,solve,0.00059486700000000001,7,16,14,23,5.1216410219961497e-10,0
double,32,1,8,reference,products,5.0516174316406253e-07,0,0,0,0,0,83206365.842648989
double,32,1,8,reference,preconditioner,3.1862749999999999e-05,0,0,0,0,0,-0.60671712489359708
double,32,1,8,reference,solve,0.000599535,7,16,14,23,5.1216410219961497e-10,0
double,32,1,8,native,products,4.9877990722656252e-07,0,0,0,0,0,83206365.842648989
double,32,1,8,native,preconditioner,3.3534749999999999e-05,0,0,0,0,0,-0.60671712489359708
double,32,1,8,native,solve,0.00058480700000000001,7,16,14,23,5.1216410219961497e-10,0
double,32,1,9,native,products,4.9968127441406253e-07,0,0,0,0,0,83206365.842648989
double,32,1,9,native,preconditioner,3.3871624999999998e-05,0,0,0,0,0,-0.60671712489359708
double,32,1,9,native,solve,0.00058472699999999995,7,16,14,23,5.1216410219961497e-10,0
double,32,1,9,reference,products,4.9869201660156252e-07,0,0,0,0,0,83206365.842648989
double,32,1,9,reference,preconditioner,3.1884124999999997e-05,0,0,0,0,0,-0.60671712489359708
double,32,1,9,reference,solve,0.00058931499999999998,7,16,14,23,5.1216410219961497e-10,0
double,32,1,10,reference,products,5.4324780273437504e-07,0,0,0,0,0,83206365.842648989
double,32,1,10,reference,preconditioner,3.1792750000000002e-05,0,0,0,0,0,-0.60671712489359708
double,32,1,10,reference,solve,0.00061908199999999997,7,16,14,23,5.1216410219961497e-10,0
double,32,1,10,native,products,5.1011608886718748e-07,0,0,0,0,0,83206365.842648989
double,32,1,10,native,preconditioner,3.4069500000000003e-05,0,0,0,0,0,-0.60671712489359708
double,32,1,10,native,solve,0.00061078599999999999,7,16,14,23,5.1216410219961497e-10,0
double,32,1,11,native,products,5.3329235839843748e-07,0,0,0,0,0,83206365.842648989
double,32,1,11,native,preconditioner,3.2829625000000003e-05,0,0,0,0,0,-0.60671712489359708
double,32,1,11,native,solve,0.00061379200000000005,7,16,14,23,5.1216410219961497e-10,0
double,32,1,11,reference,products,5.0331494140625003e-07,0,0,0,0,0,83206365.842648989
double,32,1,11,reference,preconditioner,3.1853999999999997e-05,0,0,0,0,0,-0.60671712489359708
double,32,1,11,reference,solve,0.00061366100000000005,7,16,14,23,5.1216410219961497e-10,0
double,32,1,12,reference,products,7.1382946777343754e-07,0,0,0,0,0,83206365.842648989
double,32,1,12,reference,preconditioner,3.1864125e-05,0,0,0,0,0,-0.60671712489359708
double,32,1,12,reference,solve,0.00060510499999999999,7,16,14,23,5.1216410219961497e-10,0
double,32,1,12,native,products,5.0061450195312499e-07,0,0,0,0,0,83206365.842648989
double,32,1,12,native,preconditioner,3.2715749999999999e-05,0,0,0,0,0,-0.60671712489359708
double,32,1,12,native,solve,0.00060636800000000003,7,16,14,23,5.1216410219961497e-10,0
double,32,1,13,native,products,5.0707080078124998e-07,0,0,0,0,0,83206365.842648989
double,32,1,13,native,preconditioner,3.2861000000000003e-05,0,0,0,0,0,-0.60671712489359708
double,32,1,13,native,solve,0.00060135899999999999,7,16,14,23,5.1216410219961497e-10,0
double,32,1,13,reference,products,5.0197705078125003e-07,0,0,0,0,0,83206365.842648989
double,32,1,13,reference,preconditioner,3.1780124999999999e-05,0,0,0,0,0,-0.60671712489359708
double,32,1,13,reference,solve,0.00060163899999999995,7,16,14,23,5.1216410219961497e-10,0
double,32,1,14,reference,products,5.0223022460937497e-07,0,0,0,0,0,83206365.842648989
double,32,1,14,reference,preconditioner,3.2584250000000002e-05,0,0,0,0,0,-0.60671712489359708
double,32,1,14,reference,solve,0.00058892500000000002,7,16,14,23,5.1216410219961497e-10,0
double,32,1,14,native,products,5.0909741210937499e-07,0,0,0,0,0,83206365.842648989
double,32,1,14,native,preconditioner,3.2916125000000003e-05,0,0,0,0,0,-0.60671712489359708
double,32,1,14,native,solve,0.00058579900000000002,7,16,14,23,5.1216410219961497e-10,0
double,32,1,15,native,products,5.0353503417968751e-07,0,0,0,0,0,83206365.842648989
double,32,1,15,native,preconditioner,3.2681875000000001e-05,0,0,0,0,0,-0.60671712489359708
double,32,1,15,native,solve,0.00059804200000000002,7,16,14,23,5.1216410219961497e-10,0
double,32,1,15,reference,products,5.0229736328124999e-07,0,0,0,0,0,83206365.842648989
double,32,1,15,reference,preconditioner,3.1770124999999998e-05,0,0,0,0,0,-0.60671712489359708
double,32,1,15,reference,solve,0.00060170899999999997,7,16,14,23,5.1216410219961497e-10,0
double,32,1,16,reference,products,5.0693872070312504e-07,0,0,0,0,0,83206365.842648989
double,32,1,16,reference,preconditioner,3.1746375000000003e-05,0,0,0,0,0,-0.60671712489359708
double,32,1,16,reference,solve,0.000677332,7,16,14,23,5.1216410219961497e-10,0
double,32,1,16,native,products,5.0276086425781247e-07,0,0,0,0,0,83206365.842648989
double,32,1,16,native,preconditioner,3.2800874999999998e-05,0,0,0,0,0,-0.60671712489359708
double,32,1,16,native,solve,0.00059687,7,16,14,23,5.1216410219961497e-10,0
double,32,1,17,native,products,5.0210546874999999e-07,0,0,0,0,0,83206365.842648989
double,32,1,17,native,preconditioner,3.3948000000000001e-05,0,0,0,0,0,-0.60671712489359708
double,32,1,17,native,solve,0.00058467700000000003,7,16,14,23,5.1216410219961497e-10,0
double,32,1,17,reference,products,5.0653271484374997e-07,0,0,0,0,0,83206365.842648989
double,32,1,17,reference,preconditioner,3.1896624999999997e-05,0,0,0,0,0,-0.60671712489359708
double,32,1,17,reference,solve,0.00059124899999999996,7,16,14,23,5.1216410219961497e-10,0
double,32,1,18,reference,products,5.0620239257812499e-07,0,0,0,0,0,83206365.842648989
double,32,1,18,reference,preconditioner,3.178275e-05,0,0,0,0,0,-0.60671712489359708
double,32,1,18,reference,solve,0.00061649700000000003,7,16,14,23,5.1216410219961497e-10,0
double,32,1,18,native,products,5.2380651855468746e-07,0,0,0,0,0,83206365.842648989
double,32,1,18,native,preconditioner,3.2854624999999997e-05,0,0,0,0,0,-0.60671712489359708
double,32,1,18,native,solve,0.00060346200000000003,7,16,14,23,5.1216410219961497e-10,0
double,32,1,19,native,products,5.03580322265625e-07,0,0,0,0,0,83206365.842648989
double,32,1,19,native,preconditioner,3.275325e-05,0,0,0,0,0,-0.60671712489359708
double,32,1,19,native,solve,0.00062742799999999997,7,16,14,23,5.1216410219961497e-10,0
double,32,1,19,reference,products,5.0854956054687505e-07,0,0,0,0,0,83206365.842648989
double,32,1,19,reference,preconditioner,3.2679375000000003e-05,0,0,0,0,0,-0.60671712489359708
double,32,1,19,reference,solve,0.00059630900000000005,7,16,14,23,5.1216410219961497e-10,0
float,32,5,-1,native,profile_operator,0.00016647600000000001,4,10,8,14,2.7910957339521565e-06,0
float,32,5,-1,native,profile_preconditioner,0.00029043800000000007,4,10,8,14,2.7910957339521565e-06,0
float,32,5,-1,native,profile_total,0.00063898999999999998,4,10,8,14,2.7910957339521565e-06,0
float,32,5,-1,reference,profile_operator,0.00016909900000000003,4,10,8,14,2.7910957339521565e-06,0
float,32,5,-1,reference,profile_preconditioner,0.00030715100000000008,4,10,8,14,2.7910957339521565e-06,0
float,32,5,-1,reference,profile_total,0.00067175199999999996,4,10,8,14,2.7910957339521565e-06,0
float,32,5,0,reference,products,3.6830476190476191e-06,0,0,0,0,0,83872587.09375
float,32,5,0,reference,preconditioner,4.0173624999999999e-05,0,0,0,0,0,-0.60671710968017578
float,32,5,0,reference,solve,0.00053022300000000002,4,10,8,14,2.7910957339521565e-06,0
float,32,5,0,native,products,3.7093363858363857e-06,0,0,0,0,0,83872587.09375
float,32,5,0,native,preconditioner,3.7660000000000002e-05,0,0,0,0,0,-0.60671710968017578
float,32,5,0,native,solve,0.00054103400000000002,4,10,8,14,2.7910957339521565e-06,0
float,32,5,1,native,products,3.6686666666666667e-06,0,0,0,0,0,83872587.09375
float,32,5,1,native,preconditioner,3.7597374999999998e-05,0,0,0,0,0,-0.60671710968017578
float,32,5,1,native,solve,0.00053068500000000003,4,10,8,14,2.7910957339521565e-06,0
float,32,5,1,reference,products,3.8212148962148963e-06,0,0,0,0,0,83872587.09375
float,32,5,1,reference,preconditioner,3.7675125000000003e-05,0,0,0,0,0,-0.60671710968017578
float,32,5,1,reference,solve,0.00055580199999999999,4,10,8,14,2.7910957339521565e-06,0
float,32,5,2,reference,products,3.6815549450549449e-06,0,0,0,0,0,83872587.09375
float,32,5,2,reference,preconditioner,3.7639999999999999e-05,0,0,0,0,0,-0.60671710968017578
float,32,5,2,reference,solve,0.00056189399999999996,4,10,8,14,2.7910957339521565e-06,0
float,32,5,2,native,products,3.6698968253968256e-06,0,0,0,0,0,83872587.09375
float,32,5,2,native,preconditioner,3.7608750000000001e-05,0,0,0,0,0,-0.60671710968017578
float,32,5,2,native,solve,0.00090044400000000003,4,10,8,14,2.7910957339521565e-06,0
float,32,5,3,native,products,3.674820512820513e-06,0,0,0,0,0,83872587.09375
float,32,5,3,native,preconditioner,3.9821625e-05,0,0,0,0,0,-0.60671710968017578
float,32,5,3,native,solve,0.00050967500000000002,4,10,8,14,2.7910957339521565e-06,0
float,32,5,3,reference,products,3.6866196581196582e-06,0,0,0,0,0,83872587.09375
float,32,5,3,reference,preconditioner,3.7557249999999997e-05,0,0,0,0,0,-0.60671710968017578
float,32,5,3,reference,solve,0.00054072400000000002,4,10,8,14,2.7910957339521565e-06,0
float,32,5,4,reference,products,3.6994456654456656e-06,0,0,0,0,0,83872587.09375
float,32,5,4,reference,preconditioner,3.7635000000000001e-05,0,0,0,0,0,-0.60671710968017578
float,32,5,4,reference,solve,0.00054809800000000001,4,10,8,14,2.7910957339521565e-06,0
float,32,5,4,native,products,3.6639206349206349e-06,0,0,0,0,0,83872587.09375
float,32,5,4,native,preconditioner,3.9662624999999997e-05,0,0,0,0,0,-0.60671710968017578
float,32,5,4,native,solve,0.00051553600000000003,4,10,8,14,2.7910957339521565e-06,0
float,32,5,5,native,products,3.7010299145299149e-06,0,0,0,0,0,83872587.09375
float,32,5,5,native,preconditioner,3.7688875000000003e-05,0,0,0,0,0,-0.60671710968017578
float,32,5,5,native,solve,0.00052916200000000001,4,10,8,14,2.7910957339521565e-06,0
float,32,5,5,reference,products,3.6839890109890113e-06,0,0,0,0,0,83872587.09375
float,32,5,5,reference,preconditioner,4.0099625e-05,0,0,0,0,0,-0.60671710968017578
float,32,5,5,reference,solve,0.00053240799999999995,4,10,8,14,2.7910957339521565e-06,0
float,32,5,6,reference,products,3.7581892551892555e-06,0,0,0,0,0,83872587.09375
float,32,5,6,reference,preconditioner,3.7830375000000001e-05,0,0,0,0,0,-0.60671710968017578
float,32,5,6,reference,solve,0.00054696499999999995,4,10,8,14,2.7910957339521565e-06,0
float,32,5,6,native,products,4.6468559218559217e-06,0,0,0,0,0,83872587.09375
float,32,5,6,native,preconditioner,3.7742749999999997e-05,0,0,0,0,0,-0.60671710968017578
float,32,5,6,native,solve,0.00054025199999999996,4,10,8,14,2.7910957339521565e-06,0
float,32,5,7,native,products,3.6963626373626374e-06,0,0,0,0,0,83872587.09375
float,32,5,7,native,preconditioner,3.9338249999999999e-05,0,0,0,0,0,-0.60671710968017578
float,32,5,7,native,solve,0.00051555600000000002,4,10,8,14,2.7910957339521565e-06,0
float,32,5,7,reference,products,3.672905982905983e-06,0,0,0,0,0,83872587.09375
float,32,5,7,reference,preconditioner,3.7971875e-05,0,0,0,0,0,-0.60671710968017578
float,32,5,7,reference,solve,0.00055593199999999998,4,10,8,14,2.7910957339521565e-06,0
float,32,5,8,reference,products,3.6697191697191697e-06,0,0,0,0,0,83872587.09375
float,32,5,8,reference,preconditioner,3.7657500000000003e-05,0,0,0,0,0,-0.60671710968017578
float,32,5,8,reference,solve,0.00059245200000000004,4,10,8,14,2.7910957339521565e-06,0
float,32,5,8,native,products,3.6571190476190475e-06,0,0,0,0,0,83872587.09375
float,32,5,8,native,preconditioner,3.9261875000000003e-05,0,0,0,0,0,-0.60671710968017578
float,32,5,8,native,solve,0.00051580599999999995,4,10,8,14,2.7910957339521565e-06,0
float,32,5,9,native,products,3.6705695970695975e-06,0,0,0,0,0,83872587.09375
float,32,5,9,native,preconditioner,3.7777749999999999e-05,0,0,0,0,0,-0.60671710968017578
float,32,5,9,native,solve,0.00053620499999999999,4,10,8,14,2.7910957339521565e-06,0
float,32,5,9,reference,products,3.6931452991452991e-06,0,0,0,0,0,83872587.09375
float,32,5,9,reference,preconditioner,4.0105999999999999e-05,0,0,0,0,0,-0.60671710968017578
float,32,5,9,reference,solve,0.00053295899999999995,4,10,8,14,2.7910957339521565e-06,0
float,32,5,10,reference,products,3.6802704517704516e-06,0,0,0,0,0,83872587.09375
float,32,5,10,reference,preconditioner,3.7821499999999997e-05,0,0,0,0,0,-0.60671710968017578
float,32,5,10,reference,solve,0.00055417900000000002,4,10,8,14,2.7910957339521565e-06,0
float,32,5,10,native,products,3.6922588522588524e-06,0,0,0,0,0,83872587.09375
float,32,5,10,native,preconditioner,3.9760374999999998e-05,0,0,0,0,0,-0.60671710968017578
float,32,5,10,native,solve,0.00052194800000000005,4,10,8,14,2.7910957339521565e-06,0
float,32,5,11,native,products,3.6686605616605617e-06,0,0,0,0,0,83872587.09375
float,32,5,11,native,preconditioner,3.9368374999999999e-05,0,0,0,0,0,-0.60671710968017578
float,32,5,11,native,solve,0.00063376999999999997,4,10,8,14,2.7910957339521565e-06,0
float,32,5,11,reference,products,3.7417484737484735e-06,0,0,0,0,0,83872587.09375
float,32,5,11,reference,preconditioner,3.9739e-05,0,0,0,0,0,-0.60671710968017578
float,32,5,11,reference,solve,0.00055722499999999995,4,10,8,14,2.7910957339521565e-06,0
float,32,5,12,reference,products,3.6614560439560439e-06,0,0,0,0,0,83872587.09375
float,32,5,12,reference,preconditioner,3.7633750000000002e-05,0,0,0,0,0,-0.60671710968017578
float,32,5,12,reference,solve,0.00054018299999999996,4,10,8,14,2.7910957339521565e-06,0
float,32,5,12,native,products,3.6551007326007324e-06,0,0,0,0,0,83872587.09375
float,32,5,12,native,preconditioner,4.3327e-05,0,0,0,0,0,-0.60671710968017578
float,32,5,12,native,solve,0.00053613499999999998,4,10,8,14,2.7910957339521565e-06,0
float,32,5,13,native,products,3.6501153846153846e-06,0,0,0,0,0,83872587.09375
float,32,5,13,native,preconditioner,3.9610000000000002e-05,0,0,0,0,0,-0.60671710968017578
float,32,5,13,native,solve,0.00051813100000000002,4,10,8,14,2.7910957339521565e-06,0
float,32,5,13,reference,products,3.6581282051282055e-06,0,0,0,0,0,83872587.09375
float,32,5,13,reference,preconditioner,3.7824124999999998e-05,0,0,0,0,0,-0.60671710968017578
float,32,5,13,reference,solve,0.00055288699999999995,4,10,8,14,2.7910957339521565e-06,0
float,32,5,14,reference,products,3.7003815628815627e-06,0,0,0,0,0,83872587.09375
float,32,5,14,reference,preconditioner,4.0753375e-05,0,0,0,0,0,-0.60671710968017578
float,32,5,14,reference,solve,0.00054459099999999998,4,10,8,14,2.7910957339521565e-06,0
float,32,5,14,native,products,3.6722637362637366e-06,0,0,0,0,0,83872587.09375
float,32,5,14,native,preconditioner,3.7779125000000001e-05,0,0,0,0,0,-0.60671710968017578
float,32,5,14,native,solve,0.00053299900000000004,4,10,8,14,2.7910957339521565e-06,0
float,32,5,15,native,products,3.6849004884004888e-06,0,0,0,0,0,83872587.09375
float,32,5,15,native,preconditioner,3.7687625000000003e-05,0,0,0,0,0,-0.60671710968017578
float,32,5,15,native,solve,0.000539862,4,10,8,14,2.7910957339521565e-06,0
float,32,5,15,reference,products,3.6698168498168498e-06,0,0,0,0,0,83872587.09375
float,32,5,15,reference,preconditioner,3.7866749999999998e-05,0,0,0,0,0,-0.60671710968017578
float,32,5,15,reference,solve,0.00054146499999999998,4,10,8,14,2.7910957339521565e-06,0
float,32,5,16,reference,products,3.7003144078144076e-06,0,0,0,0,0,83872587.09375
float,32,5,16,reference,preconditioner,3.765125e-05,0,0,0,0,0,-0.60671710968017578
float,32,5,16,reference,solve,0.00054447999999999996,4,10,8,14,2.7910957339521565e-06,0
float,32,5,16,native,products,3.8615903540903538e-06,0,0,0,0,0,83872587.09375
float,32,5,16,native,preconditioner,3.7685124999999998e-05,0,0,0,0,0,-0.60671710968017578
float,32,5,16,native,solve,0.00053926099999999997,4,10,8,14,2.7910957339521565e-06,0
float,32,5,17,native,products,3.6831697191697193e-06,0,0,0,0,0,83872587.09375
float,32,5,17,native,preconditioner,3.8500375e-05,0,0,0,0,0,-0.60671710968017578
float,32,5,17,native,solve,0.00053322899999999997,4,10,8,14,2.7910957339521565e-06,0
float,32,5,17,reference,products,3.6957820512820514e-06,0,0,0,0,0,83872587.09375
float,32,5,17,reference,preconditioner,4.9982124999999999e-05,0,0,0,0,0,-0.60671710968017578
float,32,5,17,reference,solve,0.00077956599999999998,4,10,8,14,2.7910957339521565e-06,0
float,32,5,18,reference,products,4.4933357753357754e-06,0,0,0,0,0,83872587.09375
float,32,5,18,reference,preconditioner,3.7861624999999999e-05,0,0,0,0,0,-0.60671710968017578
float,32,5,18,reference,solve,0.00075548100000000001,4,10,8,14,2.7910957339521565e-06,0
float,32,5,18,native,products,4.1089267399267399e-06,0,0,0,0,0,83872587.09375
float,32,5,18,native,preconditioner,4.9630124999999999e-05,0,0,0,0,0,-0.60671710968017578
float,32,5,18,native,solve,0.000744029,4,10,8,14,2.7910957339521565e-06,0
float,32,5,19,native,products,5.1999304029304029e-06,0,0,0,0,0,83872587.09375
float,32,5,19,native,preconditioner,4.8672124999999999e-05,0,0,0,0,0,-0.60671710968017578
float,32,5,19,native,solve,0.00072178599999999998,4,10,8,14,2.7910957339521565e-06,0
float,32,5,19,reference,products,5.1539884004884004e-06,0,0,0,0,0,83872587.09375
float,32,5,19,reference,preconditioner,5.0898875e-05,0,0,0,0,0,-0.60671710968017578
float,32,5,19,reference,solve,0.00075590100000000001,4,10,8,14,2.7910957339521565e-06,0
double,32,5,-1,native,profile_operator,0.00026853999999999995,7,16,14,23,4.4115723681649448e-10,0
double,32,5,-1,native,profile_preconditioner,0.00063297899999999999,7,16,14,23,4.4115723681649448e-10,0
double,32,5,-1,native,profile_total,0.001278581,7,16,14,23,4.4115723681649448e-10,0
double,32,5,-1,reference,profile_operator,0.000273866,7,16,14,23,4.4115723681649448e-10,0
double,32,5,-1,reference,profile_preconditioner,0.00058120199999999996,7,16,14,23,4.4115723681649448e-10,0
double,32,5,-1,reference,profile_total,0.0012247289999999999,7,16,14,23,4.4115723681649448e-10,0
double,32,5,0,reference,products,2.7349029304029303e-06,0,0,0,0,0,83872590.482876667
double,32,5,0,reference,preconditioner,4.2055875000000003e-05,0,0,0,0,0,-0.60671712489359708
double,32,5,0,reference,solve,0.00095230300000000005,7,16,14,23,4.4115723681649448e-10,0
double,32,5,0,native,products,2.6512771672771672e-06,0,0,0,0,0,83872590.482876667
double,32,5,0,native,preconditioner,5.1125624999999999e-05,0,0,0,0,0,-0.60671712489359708
double,32,5,0,native,solve,0.0010513810000000001,7,16,14,23,4.4115723681649448e-10,0
double,32,5,1,native,products,3.3416684981684981e-06,0,0,0,0,0,83872590.482876667
double,32,5,1,native,preconditioner,5.2143749999999997e-05,0,0,0,0,0,-0.60671712489359708
double,32,5,1,native,solve,0.0009987310000000001,7,16,14,23,4.4115723681649448e-10,0
double,32,5,1,reference,products,2.5923681318681322e-06,0,0,0,0,0,83872590.482876667
double,32,5,1,reference,preconditioner,4.2098375000000002e-05,0,0,0,0,0,-0.60671712489359708
double,32,5,1,reference,solve,0.00097754000000000005,7,16,14,23,4.4115723681649448e-10,0
double,32,5,2,reference,products,2.5809975579975578e-06,0,0,0,0,0,83872590.482876667
double,32,5,2,reference,preconditioner,4.2341500000000001e-05,0,0,0,0,0,-0.60671712489359708
double,32,5,2,reference,solve,0.00095444699999999998,7,16,14,23,4.4115723681649448e-10,0
double,32,5,2,native,products,2.5591495726495727e-06,0,0,0,0,0,83872590.482876667
double,32,5,2,native,preconditioner,4.0156e-05,0,0,0,0,0,-0.60671712489359708
double,32,5,2,native,solve,0.000921224,7,16,14,23,4.4115723681649448e-10,0
double,32,5,3,native,products,2.5605989010989015e-06,0,0,0,0,0,83872590.482876667
double,32,5,3,native,preconditioner,4.0178500000000002e-05,0,0,0,0,0,-0.60671712489359708
double,32,5,3,native,solve,0.00093087200000000001,7,16,14,23,4.4115723681649448e-10,0
double,32,5,3,reference,products,2.5622747252747251e-06,0,0,0,0,0,83872590.482876667
double,32,5,3,reference,preconditioner,4.2069625000000003e-05,0,0,0,0,0,-0.60671712489359708
double,32,5,3,reference,solve,0.00095362599999999995,7,16,14,23,4.4115723681649448e-10,0
double,32,5,4,reference,products,2.6011330891330888e-06,0,0,0,0,0,83872590.482876667
double,32,5,4,reference,preconditioner,4.2372749999999998e-05,0,0,0,0,0,-0.60671712489359708
double,32,5,4,reference,solve,0.00099672699999999999,7,16,14,23,4.4115723681649448e-10,0
double,32,5,4,native,products,2.5608253968253971e-06,0,0,0,0,0,83872590.482876667
double,32,5,4,native,preconditioner,4.0067125000000003e-05,0,0,0,0,0,-0.60671712489359708
double,32,5,4,native,solve,0.00093796600000000004,7,16,14,23,4.4115723681649448e-10,0
double,32,5,5,native,products,2.5589536019536017e-06,0,0,0,0,0,83872590.482876667
double,32,5,5,native,preconditioner,4.0491624999999999e-05,0,0,0,0,0,-0.60671712489359708
double,32,5,5,native,solve,0.00094435799999999996,7,16,14,23,4.4115723681649448e-10,0
double,32,5,5,reference,products,2.5885274725274724e-06,0,0,0,0,0,83872590.482876667
double,32,5,5,reference,preconditioner,4.2077124999999999e-05,0,0,0,0,0,-0.60671712489359708
double,32,5,5,reference,solve,0.000973894,7,16,14,23,4.4115723681649448e-10,0
double,32,5,6,reference,products,2.5605989010989015e-06,0,0,0,0,0,83872590.482876667
double,32,5,6,reference,preconditioner,4.6043374999999999e-05,0,0,0,0,0,-0.60671712489359708
double,32,5,6,reference,solve,0.0010267539999999999,7,16,14,23,4.4115723681649448e-10,0
double,32,5,6,native,products,2.5563351648351648e-06,0,0,0,0,0,83872590.482876667
double,32,5,6,native,preconditioner,4.1928124999999998e-05,0,0,0,0,0,-0.60671712489359708
double,32,5,6,native,solve,0.00095371500000000005,7,16,14,23,4.4115723681649448e-10,0
double,32,5,7,native,products,2.5523046398046399e-06,0,0,0,0,0,83872590.482876667
double,32,5,7,native,preconditioner,4.1745249999999998e-05,0,0,0,0,0,-0.60671712489359708
double,32,5,7,native,solve,0.0010397889999999999,7,16,14,23,4.4115723681649448e-10,0
double,32,5,7,reference,products,2.5630879120879121e-06,0,0,0,0,0,83872590.482876667
double,32,5,7,reference,preconditioner,4.3541249999999999e-05,0,0,0,0,0,-0.60671712489359708
double,32,5,7,reference,solve,0.00095283399999999995,7,16,14,23,4.4115723681649448e-10,0
double,32,5,8,reference,products,2.5517539682539686e-06,0,0,0,0,0,83872590.482876667
double,32,5,8,reference,preconditioner,4.8860000000000003e-05,0,0,0,0,0,-0.60671712489359708
double,32,5,8,reference,solve,0.00096173099999999996,7,16,14,23,4.4115723681649448e-10,0
double,32,5,8,native,products,2.5543840048840051e-06,0,0,0,0,0,83872590.482876667
double,32,5,8,native,preconditioner,4.1834249999999997e-05,0,0,0,0,0,-0.60671712489359708
double,32,5,8,native,solve,0.00093971899999999999,7,16,14,23,4.4115723681649448e-10,0
double,32,5,9,native,products,2.571583638583639e-06,0,0,0,0,0,83872590.482876667
double,32,5,9,native,preconditioner,4.1834249999999997e-05,0,0,0,0,0,-0.60671712489359708
double,32,5,9,native,solve,0.00094222399999999997,7,16,14,23,4.4115723681649448e-10,0
double,32,5,9,reference,products,2.5841593406593407e-06,0,0,0,0,0,83872590.482876667
double,32,5,9,reference,preconditioner,4.2340125e-05,0,0,0,0,0,-0.60671712489359708
double,32,5,9,reference,solve,0.00095697200000000005,7,16,14,23,4.4115723681649448e-10,0
double,32,5,10,reference,products,2.5564334554334553e-06,0,0,0,0,0,83872590.482876667
double,32,5,10,reference,preconditioner,4.2082125000000003e-05,0,0,0,0,0,-0.60671712489359708
double,32,5,10,reference,solve,0.00095177200000000003,7,16,14,23,4.4115723681649448e-10,0
double,32,5,10,native,products,2.5537783882783884e-06,0,0,0,0,0,83872590.482876667
double,32,5,10,native,preconditioner,4.0444000000000001e-05,0,0,0,0,0,-0.60671712489359708
double,32,5,10,native,solve,0.00093388800000000001,7,16,14,23,4.4115723681649448e-10,0
double,32,5,11,native,products,2.5667460317460316e-06,0,0,0,0,0,83872590.482876667
double,32,5,11,native,preconditioner,4.0060875e-05,0,0,0,0,0,-0.60671712489359708
double,32,5,11,native,solve,0.00093374799999999998,7,16,14,23,4.4115723681649448e-10,0
double,32,5,11,reference,products,2.5649786324786325e-06,0,0,0,0,0,83872590.482876667
double,32,5,11,reference,preconditioner,4.2489125000000001e-05,0,0,0,0,0,-0.60671712489359708
double,32,5,11,reference,solve,0.00104017,7,16,14,23,4.4115723681649448e-10,0
double,32,5,12,reference,products,2.5685811965811966e-06,0,0,0,0,0,83872590.482876667
double,32,5,12,reference,preconditioner,4.2084749999999997e-05,0,0,0,0,0,-0.60671712489359708
double,32,5,12,reference,solve,0.00095952699999999995,7,16,14,23,4.4115723681649448e-10,0
double,32,5,12,native,products,2.8017881562881562e-06,0,0,0,0,0,83872590.482876667
double,32,5,12,native,preconditioner,4.2072125000000002e-05,0,0,0,0,0,-0.60671712489359708
double,32,5,12,native,solve,0.00099037499999999994,7,16,14,23,4.4115723681649448e-10,0
double,32,5,13,native,products,2.5778229548229549e-06,0,0,0,0,0,83872590.482876667
double,32,5,13,native,preconditioner,4.1888124999999998e-05,0,0,0,0,0,-0.60671712489359708
double,32,5,13,native,solve,0.00099429199999999992,7,16,14,23,4.4115723681649448e-10,0
double,32,5,13,reference,products,2.5605982905982907e-06,0,0,0,0,0,83872590.482876667
double,32,5,13,reference,preconditioner,4.3403499999999999e-05,0,0,0,0,0,-0.60671712489359708
double,32,5,13,reference,solve,0.00096133000000000004,7,16,14,23,4.4115723681649448e-10,0
double,32,5,14,reference,products,2.5652655677655674e-06,0,0,0,0,0,83872590.482876667
double,32,5,14,reference,preconditioner,5.4890125e-05,0,0,0,0,0,-0.60671712489359708
double,32,5,14,reference,solve,0.0009886020000000001,7,16,14,23,4.4115723681649448e-10,0
double,32,5,14,native,products,2.5536501831501828e-06,0,0,0,0,0,83872590.482876667
double,32,5,14,native,preconditioner,4.1479875000000001e-05,0,0,0,0,0,-0.60671712489359708
double,32,5,14,native,solve,0.00095019899999999999,7,16,14,23,4.4115723681649448e-10,0
double,32,5,15,native,products,2.5820372405372408e-06,0,0,0,0,0,83872590.482876667
double,32,5,15,native,preconditioner,4.1732749999999998e-05,0,0,0,0,0,-0.60671712489359708
double,32,5,15,native,solve,0.00093087200000000001,7,16,14,23,4.4115723681649448e-10,0
double,32,5,15,reference,products,2.5488119658119655e-06,0,0,0,0,0,83872590.482876667
double,32,5,15,reference,preconditioner,4.3529875000000003e-05,0,0,0,0,0,-0.60671712489359708
double,32,5,15,reference,solve,0.00095301399999999997,7,16,14,23,4.4115723681649448e-10,0
double,32,5,16,reference,products,2.5442551892551893e-06,0,0,0,0,0,83872590.482876667
double,32,5,16,reference,preconditioner,4.3696499999999997e-05,0,0,0,0,0,-0.60671712489359708
double,32,5,16,reference,solve,0.00094966699999999996,7,16,14,23,4.4115723681649448e-10,0
double,32,5,16,native,products,2.5684829059829057e-06,0,0,0,0,0,83872590.482876667
double,32,5,16,native,preconditioner,4.1611250000000002e-05,0,0,0,0,0,-0.60671712489359708
double,32,5,16,native,solve,0.00094194299999999999,7,16,14,23,4.4115723681649448e-10,0
double,32,5,17,native,products,2.5353253968253967e-06,0,0,0,0,0,83872590.482876667
double,32,5,17,native,preconditioner,4.171525e-05,0,0,0,0,0,-0.60671712489359708
double,32,5,17,native,solve,0.000929831,7,16,14,23,4.4115723681649448e-10,0
double,32,5,17,reference,products,2.5508369963369965e-06,0,0,0,0,0,83872590.482876667
double,32,5,17,reference,preconditioner,4.3673875e-05,0,0,0,0,0,-0.60671712489359708
double,32,5,17,reference,solve,0.00094730300000000003,7,16,14,23,4.4115723681649448e-10,0
double,32,5,18,reference,products,2.558126984126984e-06,0,0,0,0,0,83872590.482876667
double,32,5,18,reference,preconditioner,4.3633875000000001e-05,0,0,0,0,0,-0.60671712489359708
double,32,5,18,reference,solve,0.00094794499999999995,7,16,14,23,4.4115723681649448e-10,0
double,32,5,18,native,products,2.5831507936507938e-06,0,0,0,0,0,83872590.482876667
double,32,5,18,native,preconditioner,4.23565e-05,0,0,0,0,0,-0.60671712489359708
double,32,5,18,native,solve,0.00096894500000000003,7,16,14,23,4.4115723681649448e-10,0
double,32,5,19,native,products,2.5641282051282051e-06,0,0,0,0,0,83872590.482876667
double,32,5,19,native,preconditioner,4.1655125000000002e-05,0,0,0,0,0,-0.60671712489359708
double,32,5,19,native,solve,0.001040479,7,16,14,23,4.4115723681649448e-10,0
double,32,5,19,reference,products,3.4597735042735043e-06,0,0,0,0,0,83872590.482876667
double,32,5,19,reference,preconditioner,4.2551749999999998e-05,0,0,0,0,0,-0.60671712489359708
double,32,5,19,reference,solve,0.0010544770000000001,7,16,14,23,4.4115723681649448e-10,0
float,32,1296,-1,native,profile_operator,0.023955509999999999,4,10,8,14,4.112786236143058e-06,0
float,32,1296,-1,native,profile_preconditioner,0.045882373999999997,4,10,8,14,4.112786236143058e-06,0
float,32,1296,-1,native,profile_total,0.116727109,4,10,8,14,4.112786236143058e-06,0
float,32,1296,-1,reference,profile_operator,0.023275745999999996,4,10,8,14,4.112786236143058e-06,0
float,32,1296,-1,reference,profile_preconditioner,0.047846544000000005,4,10,8,14,4.112786236143058e-06,0
float,32,1296,-1,reference,profile_total,0.118221768,4,10,8,14,4.112786236143058e-06,0
float,32,1296,0,reference,products,0.00096745666666666664,0,0,0,0,0,81846750
float,32,1296,0,reference,preconditioner,0.0061617067499999999,0,0,0,0,0,-0.60671710968017578
float,32,1296,0,reference,solve,0.107734925,4,10,8,14,4.112786236143058e-06,0
float,32,1296,0,native,products,0.0009749691666666667,0,0,0,0,0,81846750
float,32,1296,0,native,preconditioner,0.0054691030000000003,0,0,0,0,0,-0.60671710968017578
float,32,1296,0,native,solve,0.090172445000000004,4,10,8,14,4.112786236143058e-06,0
float,32,1296,1,native,products,0.0010362301666666668,0,0,0,0,0,81846750
float,32,1296,1,native,preconditioner,0.0052456059999999999,0,0,0,0,0,-0.60671710968017578
float,32,1296,1,native,solve,0.091380553000000003,4,10,8,14,4.112786236143058e-06,0
float,32,1296,1,reference,products,0.00095024566666666659,0,0,0,0,0,81846750
float,32,1296,1,reference,preconditioner,0.0060218856249999999,0,0,0,0,0,-0.60671710968017578
float,32,1296,1,reference,solve,0.093650600000000001,4,10,8,14,4.112786236143058e-06,0
float,32,1296,2,reference,products,0.00098306283333333337,0,0,0,0,0,81846750
float,32,1296,2,reference,preconditioner,0.0057154456250000001,0,0,0,0,0,-0.60671710968017578
float,32,1296,2,reference,solve,0.096682320000000002,4,10,8,14,4.112786236143058e-06,0
float,32,1296,2,native,products,0.00098171683333333321,0,0,0,0,0,81846750
float,32,1296,2,native,preconditioner,0.0053802533749999996,0,0,0,0,0,-0.60671710968017578
float,32,1296,2,native,solve,0.091377325999999995,4,10,8,14,4.112786236143058e-06,0
float,32,1296,3,native,products,0.00097618150000000007,0,0,0,0,0,81846750
float,32,1296,3,native,preconditioner,0.0054241690000000004,0,0,0,0,0,-0.60671710968017578
float,32,1296,3,native,solve,0.091751234000000001,4,10,8,14,4.112786236143058e-06,0
float,32,1296,3,reference,products,0.0009545286666666667,0,0,0,0,0,81846750
float,32,1296,3,reference,preconditioner,0.0058356743749999997,0,0,0,0,0,-0.60671710968017578
float,32,1296,3,reference,solve,0.092415500999999997,4,10,8,14,4.112786236143058e-06,0
float,32,1296,4,reference,products,0.00094837199999999995,0,0,0,0,0,81846750
float,32,1296,4,reference,preconditioner,0.0058513377500000003,0,0,0,0,0,-0.60671710968017578
float,32,1296,4,reference,solve,0.091582485000000005,4,10,8,14,4.112786236143058e-06,0
float,32,1296,4,native,products,0.0009545004999999999,0,0,0,0,0,81846750
float,32,1296,4,native,preconditioner,0.0053561916250000003,0,0,0,0,0,-0.60671710968017578
float,32,1296,4,native,solve,0.091341728999999997,4,10,8,14,4.112786236143058e-06,0
float,32,1296,5,native,products,0.00097842900000000006,0,0,0,0,0,81846750
float,32,1296,5,native,preconditioner,0.0055597043750000002,0,0,0,0,0,-0.60671710968017578
float,32,1296,5,native,solve,0.089249867999999996,4,10,8,14,4.112786236143058e-06,0
float,32,1296,5,reference,products,0.00094653016666666669,0,0,0,0,0,81846750
float,32,1296,5,reference,preconditioner,0.0058357632499999998,0,0,0,0,0,-0.60671710968017578
float,32,1296,5,reference,solve,0.094156076000000005,4,10,8,14,4.112786236143058e-06,0
float,32,1296,6,reference,products,0.00094748049999999996,0,0,0,0,0,81846750
float,32,1296,6,reference,preconditioner,0.0058657524999999999,0,0,0,0,0,-0.60671710968017578
float,32,1296,6,reference,solve,0.096590365999999997,4,10,8,14,4.112786236143058e-06,0
float,32,1296,6,native,products,0.00097944766666666658,0,0,0,0,0,81846750
float,32,1296,6,native,preconditioner,0.0056013520000000004,0,0,0,0,0,-0.60671710968017578
float,32,1296,6,native,solve,0.091871881000000002,4,10,8,14,4.112786236143058e-06,0
float,32,1296,7,native,products,0.0010122446666666668,0,0,0,0,0,81846750
float,32,1296,7,native,preconditioner,0.0051444557499999996,0,0,0,0,0,-0.60671710968017578
float,32,1296,7,native,solve,0.091285941999999995,4,10,8,14,4.112786236143058e-06,0
float,32,1296,7,reference,products,0.00094396366666666667,0,0,0,0,0,81846750
float,32,1296,7,reference,preconditioner,0.0059362786250000002,0,0,0,0,0,-0.60671710968017578
float,32,1296,7,reference,solve,0.094151536999999993,4,10,8,14,4.112786236143058e-06,0
float,32,1296,8,reference,products,0.00095405966666666658,0,0,0,0,0,81846750
float,32,1296,8,reference,preconditioner,0.0077989436249999997,0,0,0,0,0,-0.60671710968017578
float,32,1296,8,reference,solve,0.097091843999999997,4,10,8,14,4.112786236143058e-06,0
float,32,1296,8,native,products,0.00097230066666666658,0,0,0,0,0,81846750
float,32,1296,8,native,preconditioner,0.0051974810000000003,0,0,0,0,0,-0.60671710968017578
float,32,1296,8,native,solve,0.091658297,4,10,8,14,4.112786236143058e-06,0
float,32,1296,9,native,products,0.0012705821666666667,0,0,0,0,0,81846750
float,32,1296,9,native,preconditioner,0.0053942886250000002,0,0,0,0,0,-0.60671710968017578
float,32,1296,9,native,solve,0.091186172999999995,4,10,8,14,4.112786236143058e-06,0
float,32,1296,9,reference,products,0.00094716816666666666,0,0,0,0,0,81846750
float,32,1296,9,reference,preconditioner,0.0060003623750000002,0,0,0,0,0,-0.60671710968017578
float,32,1296,9,reference,solve,0.093444679000000003,4,10,8,14,4.112786236143058e-06,0
float,32,1296,10,reference,products,0.00096793249999999997,0,0,0,0,0,81846750
float,32,1296,10,reference,preconditioner,0.0057746801249999999,0,0,0,0,0,-0.60671710968017578
float,32,1296,10,reference,solve,0.10103232400000001,4,10,8,14,4.112786236143058e-06,0
float,32,1296,10,native,products,0.0010056721666666668,0,0,0,0,0,81846750
float,32,1296,10,native,preconditioner,0.0054174462500000001,0,0,0,0,0,-0.60671710968017578
float,32,1296,10,native,solve,0.093967248000000003,4,10,8,14,4.112786236143058e-06,0
float,32,1296,11,native,products,0.00095630550000000002,0,0,0,0,0,81846750
float,32,1296,11,native,preconditioner,0.0055908733750000003,0,0,0,0,0,-0.60671710968017578
float,32,1296,11,native,solve,0.092369162000000005,4,10,8,14,4.112786236143058e-06,0
float,32,1296,11,reference,products,0.00097750216666666668,0,0,0,0,0,81846750
float,32,1296,11,reference,preconditioner,0.0058790452500000001,0,0,0,0,0,-0.60671710968017578
float,32,1296,11,reference,solve,0.093212168999999997,4,10,8,14,4.112786236143058e-06,0
float,32,1296,12,reference,products,0.00098850299999999995,0,0,0,0,0,81846750
float,32,1296,12,reference,preconditioner,0.00570607775,0,0,0,0,0,-0.60671710968017578
float,32,1296,12,reference,solve,0.094109737999999998,4,10,8,14,4.112786236143058e-06,0
float,32,1296,12,native,products,0.00097076283333333334,0,0,0,0,0,81846750
float,32,1296,12,native,preconditioner,0.0055123522499999997,0,0,0,0,0,-0.60671710968017578
float,32,1296,12,native,solve,0.092773336999999997,4,10,8,14,4.112786236143058e-06,0
float,32,1296,13,native,products,0.00099037833333333347,0,0,0,0,0,81846750
float,32,1296,13,native,preconditioner,0.0055795056249999999,0,0,0,0,0,-0.60671710968017578
float,32,1296,13,native,solve,0.092176187000000007,4,10,8,14,4.112786236143058e-06,0
float,32,1296,13,reference,products,0.0010024528333333334,0,0,0,0,0,81846750
float,32,1296,13,reference,preconditioner,0.0057584281250000003,0,0,0,0,0,-0.60671710968017578
float,32,1296,13,reference,solve,0.095415538999999994,4,10,8,14,4.112786236143058e-06,0
float,32,1296,14,reference,products,0.0012978553333333335,0,0,0,0,0,81846750
float,32,1296,14,reference,preconditioner,0.0058753768750000003,0,0,0,0,0,-0.60671710968017578
float,32,1296,14,reference,solve,0.094059041999999995,4,10,8,14,4.112786236143058e-06,0
float,32,1296,14,native,products,0.000958745,0,0,0,0,0,81846750
float,32,1296,14,native,preconditioner,0.0057016705000000004,0,0,0,0,0,-0.60671710968017578
float,32,1296,14,native,solve,0.090596456000000006,4,10,8,14,4.112786236143058e-06,0
float,32,1296,15,native,products,0.00099215499999999999,0,0,0,0,0,81846750
float,32,1296,15,native,preconditioner,0.0053926492500000001,0,0,0,0,0,-0.60671710968017578
float,32,1296,15,native,solve,0.093709870000000001,4,10,8,14,4.112786236143058e-06,0
float,32,1296,15,reference,products,0.0009928346666666667,0,0,0,0,0,81846750
float,32,1296,15,reference,preconditioner,0.0058305846250000003,0,0,0,0,0,-0.60671710968017578
float,32,1296,15,reference,solve,0.093308581000000002,4,10,8,14,4.112786236143058e-06,0
float,32,1296,16,reference,products,0.00098440033333333323,0,0,0,0,0,81846750
float,32,1296,16,reference,preconditioner,0.0063436235000000002,0,0,0,0,0,-0.60671710968017578
float,32,1296,16,reference,solve,0.096846377999999997,4,10,8,14,4.112786236143058e-06,0
float,32,1296,16,native,products,0.0010285621666666666,0,0,0,0,0,81846750
float,32,1296,16,native,preconditioner,0.00549259225,0,0,0,0,0,-0.60671710968017578
float,32,1296,16,native,solve,0.091654558999999997,4,10,8,14,4.112786236143058e-06,0
float,32,1296,17,native,products,0.0010183463333333332,0,0,0,0,0,81846750
float,32,1296,17,native,preconditioner,0.0052852208749999997,0,0,0,0,0,-0.60671710968017578
float,32,1296,17,native,solve,0.093175488000000001,4,10,8,14,4.112786236143058e-06,0
float,32,1296,17,reference,products,0.00097371833333333331,0,0,0,0,0,81846750
float,32,1296,17,reference,preconditioner,0.0059191497499999999,0,0,0,0,0,-0.60671710968017578
float,32,1296,17,reference,solve,0.093325912999999996,4,10,8,14,4.112786236143058e-06,0
float,32,1296,18,reference,products,0.0011126916666666666,0,0,0,0,0,81846750
float,32,1296,18,reference,preconditioner,0.0062481174999999998,0,0,0,0,0,-0.60671710968017578
float,32,1296,18,reference,solve,0.095853968999999997,4,10,8,14,4.112786236143058e-06,0
float,32,1296,18,native,products,0.00099082083333333344,0,0,0,0,0,81846750
float,32,1296,18,native,preconditioner,0.0053255873750000004,0,0,0,0,0,-0.60671710968017578
float,32,1296,18,native,solve,0.092633340999999994,4,10,8,14,4.112786236143058e-06,0
float,32,1296,19,native,products,0.00096115616666666659,0,0,0,0,0,81846750
float,32,1296,19,native,preconditioner,0.0054828738749999996,0,0,0,0,0,-0.60671710968017578
float,32,1296,19,native,solve,0.093553043000000002,4,10,8,14,4.112786236143058e-06,0
float,32,1296,19,reference,products,0.00096843516666666671,0,0,0,0,0,81846750
float,32,1296,19,reference,preconditioner,0.0058194872499999998,0,0,0,0,0,-0.60671710968017578
float,32,1296,19,reference,solve,0.094328912000000001,4,10,8,14,4.112786236143058e-06,0
double,32,1296,-1,native,profile_operator,0.087192273000000001,7,16,14,24,3.8246429519452402e-10,0
double,32,1296,-1,native,profile_preconditioner,0.16128163800000003,7,16,14,24,3.8246429519452402e-10,0
double,32,1296,-1,native,profile_total,0.36612054199999999,7,16,14,24,3.8246429519452402e-10,0
double,32,1296,-1,reference,profile_operator,0.089026602999999996,7,16,14,24,3.8246429519452402e-10,0
double,32,1296,-1,reference,profile_preconditioner,0.16533575800000003,7,16,14,24,3.8246429519452402e-10,0
double,32,1296,-1,reference,profile_total,0.37687099299999999,7,16,14,24,3.8246429519452402e-10,0
double,32,1296,0,reference,products,0.0010390821666666666,0,0,0,0,0,81846757.067176089
double,32,1296,0,reference,preconditioner,0.01224693175,0,0,0,0,0,-0.60671712489359708
double,32,1296,0,reference,solve,0.32216891199999997,7,16,14,24,3.8246429519452402e-10,0
double,32,1296,0,native,products,0.0010254013333333334,0,0,0,0,0,81846757.067176089
double,32,1296,0,native,preconditioner,0.011699550499999999,0,0,0,0,0,-0.60671712489359708
double,32,1296,0,native,solve,0.33490014400000001,7,16,14,24,3.8246429519452402e-10,0
double,32,1296,1,native,products,0.001005223,0,0,0,0,0,81846757.067176089
double,32,1296,1,native,preconditioner,0.011697467875000001,0,0,0,0,0,-0.60671712489359708
double,32,1296,1,native,solve,0.31724226300000002,7,16,14,24,3.8246429519452402e-10,0
double,32,1296,1,reference,products,0.0011481151666666667,0,0,0,0,0,81846757.067176089
double,32,1296,1,reference,preconditioner,0.011979268875000001,0,0,0,0,0,-0.60671712489359708
double,32,1296,1,reference,solve,0.33002063599999998,7,16,14,24,3.8246429519452402e-10,0
double,32,1296,2,reference,products,0.0011282526666666667,0,0,0,0,0,81846757.067176089
double,32,1296,2,reference,preconditioner,0.012286093374999999,0,0,0,0,0,-0.60671712489359708
double,32,1296,2,reference,solve,0.32509414800000003,7,16,14,24,3.8246429519452402e-10,0
double,32,1296,2,native,products,0.0010331310000000001,0,0,0,0,0,81846757.067176089
double,32,1296,2,native,preconditioner,0.011602079624999999,0,0,0,0,0,-0.60671712489359708
double,32,1296,2,native,solve,0.319405408,7,16,14,24,3.8246429519452402e-10,0
double,32,1296,3,native,products,0.0010590866666666666,0,0,0,0,0,81846757.067176089
double,32,1296,3,native,preconditioner,0.011554462,0,0,0,0,0,-0.60671712489359708
double,32,1296,3,native,solve,0.316748908,7,16,14,24,3.8246429519452402e-10,0
double,32,1296,3,reference,products,0.0010081720000000001,0,0,0,0,0,81846757.067176089
double,32,1296,3,reference,preconditioner,0.012032596,0,0,0,0,0,-0.60671712489359708
double,32,1296,3,reference,solve,0.31791687899999999,7,16,14,24,3.8246429519452402e-10,0
double,32,1296,4,reference,products,0.0010484046666666667,0,0,0,0,0,81846757.067176089
double,32,1296,4,reference,preconditioner,0.012044290625000001,0,0,0,0,0,-0.60671712489359708
double,32,1296,4,reference,solve,0.32263538200000003,7,16,14,24,3.8246429519452402e-10,0
double,32,1296,4,native,products,0.00099291483333333323,0,0,0,0,0,81846757.067176089
double,32,1296,4,native,preconditioner,0.01143745925,0,0,0,0,0,-0.60671712489359708
double,32,1296,4,native,solve,0.32106142100000001,7,16,14,24,3.8246429519452402e-10,0
double,32,1296,5,native,products,0.0010063000000000001,0,0,0,0,0,81846757.067176089
double,32,1296,5,native,preconditioner,0.011763619124999999,0,0,0,0,0,-0.60671712489359708
double,32,1296,5,native,solve,0.31772553599999998,7,16,14,24,3.8246429519452402e-10,0
double,32,1296,5,reference,products,0.0015061446666666666,0,0,0,0,0,81846757.067176089
double,32,1296,5,reference,preconditioner,0.012111694375000001,0,0,0,0,0,-0.60671712489359708
double,32,1296,5,reference,solve,0.32183025500000001,7,16,14,24,3.8246429519452402e-10,0
double,32,1296,6,reference,products,0.0011370074999999999,0,0,0,0,0,81846757.067176089
double,32,1296,6,reference,preconditioner,0.012168257625,0,0,0,0,0,-0.60671712489359708
double,32,1296,6,reference,solve,0.32517390600000001,7,16,14,24,3.8246429519452402e-10,0
double,32,1296,6,native,products,0.0011221025,0,0,0,0,0,81846757.067176089
double,32,1296,6,native,preconditioner,0.011603571125,0,0,0,0,0,-0.60671712489359708
double,32,1296,6,native,solve,0.31825822199999998,7,16,14,24,3.8246429519452402e-10,0
double,32,1296,7,native,products,0.00095390749999999999,0,0,0,0,0,81846757.067176089
double,32,1296,7,native,preconditioner,0.011426591125,0,0,0,0,0,-0.60671712489359708
double,32,1296,7,native,solve,0.31905235500000001,7,16,14,24,3.8246429519452402e-10,0
double,32,1296,7,reference,products,0.0010526211666666667,0,0,0,0,0,81846757.067176089
double,32,1296,7,reference,preconditioner,0.012393708125,0,0,0,0,0,-0.60671712489359708
double,32,1296,7,reference,solve,0.32039361300000002,7,16,14,24,3.8246429519452402e-10,0
double,32,1296,8,reference,products,0.0010055236666666667,0,0,0,0,0,81846757.067176089
double,32,1296,8,reference,preconditioner,0.012121472875000001,0,0,0,0,0,-0.60671712489359708
double,32,1296,8,reference,solve,0.34151230399999999,7,16,14,24,3.8246429519452402e-10,0
double,32,1296,8,native,products,0.0010890951666666668,0,0,0,0,0,81846757.067176089
double,32,1296,8,native,preconditioner,0.011330497875,0,0,0,0,0,-0.60671712489359708
double,32,1296,8,native,solve,0.31114999300000001,7,16,14,24,3.8246429519452402e-10,0
double,32,1296,9,native,products,0.0010072686666666667,0,0,0,0,0,81846757.067176089
double,32,1296,9,native,preconditioner,0.011683226874999999,0,0,0,0,0,-0.60671712489359708
double,32,1296,9,native,solve,0.31840044899999997,7,16,14,24,3.8246429519452402e-10,0
double,32,1296,9,reference,products,0.0010965276666666667,0,0,0,0,0,81846757.067176089
double,32,1296,9,reference,preconditioner,0.011984912875,0,0,0,0,0,-0.60671712489359708
double,32,1296,9,reference,solve,0.32548259600000001,7,16,14,24,3.8246429519452402e-10,0
double,32,1296,10,reference,products,0.0011482236666666666,0,0,0,0,0,81846757.067176089
double,32,1296,10,reference,preconditioner,0.012063518000000001,0,0,0,0,0,-0.60671712489359708
double,32,1296,10,reference,solve,0.32119677099999999,7,16,14,24,3.8246429519452402e-10,0
double,32,1296,10,native,products,0.0010251891666666667,0,0,0,0,0,81846757.067176089
double,32,1296,10,native,preconditioner,0.01158906725,0,0,0,0,0,-0.60671712489359708
double,32,1296,10,native,solve,0.31451358000000001,7,16,14,24,3.8246429519452402e-10,0
double,32,1296,11,native,products,0.001087417,0,0,0,0,0,81846757.067176089
double,32,1296,11,native,preconditioner,0.011545615,0,0,0,0,0,-0.60671712489359708
double,32,1296,11,native,solve,0.31542990300000001,7,16,14,24,3.8246429519452402e-10,0
double,32,1296,11,reference,products,0.0012016013333333334,0,0,0,0,0,81846757.067176089
double,32,1296,11,reference,preconditioner,0.012031811625,0,0,0,0,0,-0.60671712489359708
double,32,1296,11,reference,solve,0.32530660099999997,7,16,14,24,3.8246429519452402e-10,0
double,32,1296,12,reference,products,0.0012918956666666667,0,0,0,0,0,81846757.067176089
double,32,1296,12,reference,preconditioner,0.012660220125,0,0,0,0,0,-0.60671712489359708
double,32,1296,12,reference,solve,0.31965074300000001,7,16,14,24,3.8246429519452402e-10,0
double,32,1296,12,native,products,0.0010974008333333332,0,0,0,0,0,81846757.067176089
double,32,1296,12,native,preconditioner,0.0113416075,0,0,0,0,0,-0.60671712489359708
double,32,1296,12,native,solve,0.31515049299999998,7,16,14,24,3.8246429519452402e-10,0
double,32,1296,13,native,products,0.0010716553333333333,0,0,0,0,0,81846757.067176089
double,32,1296,13,native,preconditioner,0.011628637000000001,0,0,0,0,0,-0.60671712489359708
double,32,1296,13,native,solve,0.31541121599999999,7,16,14,24,3.8246429519452402e-10,0
double,32,1296,13,reference,products,0.0010078546666666666,0,0,0,0,0,81846757.067176089
double,32,1296,13,reference,preconditioner,0.012289905125,0,0,0,0,0,-0.60671712489359708
double,32,1296,13,reference,solve,0.32115916700000002,7,16,14,24,3.8246429519452402e-10,0
double,32,1296,14,reference,products,0.0010996701666666667,0,0,0,0,0,81846757.067176089
double,32,1296,14,reference,preconditioner,0.011954337375,0,0,0,0,0,-0.60671712489359708
double,32,1296,14,reference,solve,0.319067618,7,16,14,24,3.8246429519452402e-10,0
double,32,1296,14,native,products,0.0010597696666666667,0,0,0,0,0,81846757.067176089
double,32,1296,14,native,preconditioner,0.011356449249999999,0,0,0,0,0,-0.60671712489359708
double,32,1296,14,native,solve,0.31947227299999997,7,16,14,24,3.8246429519452402e-10,0
double,32,1296,15,native,products,0.0010808711666666665,0,0,0,0,0,81846757.067176089
double,32,1296,15,native,preconditioner,0.011334597875,0,0,0,0,0,-0.60671712489359708
double,32,1296,15,native,solve,0.31545505699999998,7,16,14,24,3.8246429519452402e-10,0
double,32,1296,15,reference,products,0.0011451846666666666,0,0,0,0,0,81846757.067176089
double,32,1296,15,reference,preconditioner,0.01216823975,0,0,0,0,0,-0.60671712489359708
double,32,1296,15,reference,solve,0.33750143300000002,7,16,14,24,3.8246429519452402e-10,0
double,32,1296,16,reference,products,0.0010543961666666668,0,0,0,0,0,81846757.067176089
double,32,1296,16,reference,preconditioner,0.012310472875000001,0,0,0,0,0,-0.60671712489359708
double,32,1296,16,reference,solve,0.32048568100000002,7,16,14,24,3.8246429519452402e-10,0
double,32,1296,16,native,products,0.0010513436666666667,0,0,0,0,0,81846757.067176089
double,32,1296,16,native,preconditioner,0.011470507624999999,0,0,0,0,0,-0.60671712489359708
double,32,1296,16,native,solve,0.31983896499999998,7,16,14,24,3.8246429519452402e-10,0
double,32,1296,17,native,products,0.0010081401666666666,0,0,0,0,0,81846757.067176089
double,32,1296,17,native,preconditioner,0.01150434925,0,0,0,0,0,-0.60671712489359708
double,32,1296,17,native,solve,0.31609176100000003,7,16,14,24,3.8246429519452402e-10,0
double,32,1296,17,reference,products,0.0010390218333333333,0,0,0,0,0,81846757.067176089
double,32,1296,17,reference,preconditioner,0.01213298925,0,0,0,0,0,-0.60671712489359708
double,32,1296,17,reference,solve,0.32010365499999999,7,16,14,24,3.8246429519452402e-10,0
double,32,1296,18,reference,products,0.0011185058333333332,0,0,0,0,0,81846757.067176089
double,32,1296,18,reference,preconditioner,0.012159283999999999,0,0,0,0,0,-0.60671712489359708
double,32,1296,18,reference,solve,0.32404522699999999,7,16,14,24,3.8246429519452402e-10,0
double,32,1296,18,native,products,0.0010587576666666665,0,0,0,0,0,81846757.067176089
double,32,1296,18,native,preconditioner,0.011377303625,0,0,0,0,0,-0.60671712489359708
double,32,1296,18,native,solve,0.31889827300000001,7,16,14,24,3.8246429519452402e-10,0
double,32,1296,19,native,products,0.00099924999999999992,0,0,0,0,0,81846757.067176089
double,32,1296,19,native,preconditioner,0.011453059375,0,0,0,0,0,-0.60671712489359708
double,32,1296,19,native,solve,0.31440787100000001,7,16,14,24,3.8246429519452402e-10,0
double,32,1296,19,reference,products,0.0010903841666666666,0,0,0,0,0,81846757.067176089
double,32,1296,19,reference,preconditioner,0.0121309165,0,0,0,0,0,-0.60671712489359708
double,32,1296,19,reference,solve,0.346269208,7,16,14,24,3.8246429519452402e-10,0
