[t14s:623400] MCW rank 0 bound to socket 0[core 0[hwt 0-1]]: [BB/../../../../../../..]
[t14s:623400] MCW rank 1 bound to socket 0[core 1[hwt 0-1]]: [../BB/../../../../../..]
[t14s:623400] MCW rank 2 bound to socket 0[core 2[hwt 0-1]]: [../../BB/../../../../..]
[t14s:623400] MCW rank 3 bound to socket 0[core 3[hwt 0-1]]: [../../../BB/../../../..]
ww-x 9c0befac-dirty (built 2026-09-13T18:04:57Z)
Domain Decomping using repart
Domain nNodes nGhosts ghosts% total% chunk%
0 444 60 13.513513565063477 24.971878051757812 100
1 445 67 15.056180000305176 25.028121948242188 100.22522735595703
2 444 40 9.0090093612670898 24.971878051757812 100
3 445 41 9.2134828567504883 25.028121948242188 100.22522735595703

Max neighbor domain 2
nThreads minNodes maxNodes meanNodes minGhosts maxGhosts meanGhosts minNeighbors maxNeighbors meanNeighbors
4 444 445 444.5 40 67 52 2 3 2.5
Solver: solver_type=22, rtol=1e-08, maxiter=1000, check_interval=1, omega=1
Filling 3D look-up table for SIN4. please wait...

╔════════════════════════════════════════════════════════════════╗
║             TRITON-C Wave Model - Time Integration            ║
╚════════════════════════════════════════════════════════════════╝

  Configuration:
    • Timesteps:  6 × 600s = 1.0 hours
    • Grid:       1778 nodes, 36 frequencies, 36 directions
    • MPI ranks:  4
    • Solver:     solver_type=22

IT=    0/6 (  0%)  t=0.0h
  Matrix: RHS=6.58e+01, DIAG=2.27e+09
OWT-Krylov: 4 iterations, true_rel_residual=4.46773100e-09, linear_rel_residual=4.467731e-09, projected_entries=0, state=pre_physics_limiters, step=0, status=converged, operator_apps=10, preconditioner_apps=8, reductions=14, spatial_seconds=0.045664723, spectral_seconds=0.01331059, preconditioner_seconds=0.052660248, update=0.007879899 s, solve=0.17534764 s
  After solver - owned action sum: 7.74727810e-02
nbIter = 4
nConverged 0 0
OWT-Krylov: 28 iterations, true_rel_residual=9.13975098e-11, linear_rel_residual=9.139751e-11, projected_entries=0, state=pre_physics_limiters, step=1, status=converged, operator_apps=58, preconditioner_apps=56, reductions=86, spatial_seconds=0.27345664, spectral_seconds=0.079108199, preconditioner_seconds=0.35761634, update=0.002015255 s, solve=0.96978071 s
nbIter = 28
nConverged 0 0
OWT-Krylov: 26 iterations, true_rel_residual=3.01118011e-09, linear_rel_residual=3.0111801e-09, projected_entries=0, state=pre_physics_limiters, step=2, status=converged, operator_apps=54, preconditioner_apps=52, reductions=80, spatial_seconds=0.2574785, spectral_seconds=0.070864339, preconditioner_seconds=0.3375655, update=0.002567389 s, solve=0.90103023 s
nbIter = 26
nConverged 0 0
OWT-Krylov: 25 iterations, true_rel_residual=9.72118419e-09, linear_rel_residual=9.7211842e-09, projected_entries=0, state=pre_physics_limiters, step=3, status=converged, operator_apps=52, preconditioner_apps=50, reductions=78, spatial_seconds=0.24265195, spectral_seconds=0.066326132, preconditioner_seconds=0.31389878, update=0.002073303 s, solve=0.87210498 s
nbIter = 25
nConverged 0 0
OWT-Krylov: 25 iterations, true_rel_residual=9.36925766e-09, linear_rel_residual=9.3692577e-09, projected_entries=0, state=pre_physics_limiters, step=4, status=converged, operator_apps=52, preconditioner_apps=50, reductions=77, spatial_seconds=0.24023137, spectral_seconds=0.066167031, preconditioner_seconds=0.3213518, update=0.00163925 s, solve=0.87377063 s
nbIter = 25
nConverged 0 0
OWT-Krylov: 24 iterations, true_rel_residual=9.72698039e-09, linear_rel_residual=9.7269804e-09, projected_entries=0, state=pre_physics_limiters, step=5, status=converged, operator_apps=50, preconditioner_apps=48, reductions=74, spatial_seconds=0.23791593, spectral_seconds=0.06875183, preconditioner_seconds=0.32379031, update=0.002672135 s, solve=0.84134147 s
nbIter = 24
nConverged 0 0
Timings:
FKM       : 0.1902 +- 0.006087 sec 3.494 %
Sources   : 0.4261 +- 0.007236 sec 7.827 %
  SPR     : 0.05174 sec 0.9504 %
  SIN4    : 0.07965 sec 1.463 %
  SDS4    : 0.1962 sec 3.603 %
  FMEANWS : 0.005309 sec 0.0975 %
  SINLIN  : 0.007546 sec 0.1386 %
  SBREAK  : 0.007501 sec 0.1378 %
  SNL4    : 0.0001024 sec 0.001881 %
Solver    : 4.731 +- 0.006184 sec 86.89 %
Limiter   : 0.02659 +- 0.0004573 sec 0.4883 %
Sources Post: 0.05514 +- 0.002292 sec 1.013 %
Rest      : 0.01554 sec
Timestep  : 5.444 sec

Integration wall seconds: 5.4446118549999998

Simulation complete.
wwx reached the end of a computation loop at 20:19:02
Initialization time : 11.02 s
Elapsed time        : 16.49 s
Simulated time      : 3600.00 s
