[t14s:624342] MCW rank 0 bound to socket 0[core 0[hwt 0-1]]: [BB/../../../../../../..]
[t14s:624342] MCW rank 1 bound to socket 0[core 1[hwt 0-1]]: [../BB/../../../../../..]
[t14s:624342] MCW rank 2 bound to socket 0[core 2[hwt 0-1]]: [../../BB/../../../../..]
[t14s:624342] MCW rank 3 bound to socket 0[core 3[hwt 0-1]]: [../../../BB/../../../..]
ww-x 9c0befac-dirty (built 2026-09-13T18:04:57Z)
Domain Decomping using repart
Domain nNodes nGhosts ghosts% total% chunk%
0 444 60 13.513513565063477 24.971878051757812 100
1 445 67 15.056180000305176 25.028121948242188 100.22522735595703
2 444 40 9.0090093612670898 24.971878051757812 100
3 445 41 9.2134828567504883 25.028121948242188 100.22522735595703

Max neighbor domain 2
nThreads minNodes maxNodes meanNodes minGhosts maxGhosts meanGhosts minNeighbors maxNeighbors meanNeighbors
4 444 445 444.5 40 67 52 2 3 2.5
Solver: solver_type=22, rtol=1e-08, maxiter=1000, check_interval=1, omega=1
Filling 3D look-up table for SIN4. please wait...

╔════════════════════════════════════════════════════════════════╗
║             TRITON-C Wave Model - Time Integration            ║
╚════════════════════════════════════════════════════════════════╝

  Configuration:
    • Timesteps:  6 × 600s = 1.0 hours
    • Grid:       1778 nodes, 36 frequencies, 36 directions
    • MPI ranks:  4
    • Solver:     solver_type=22

IT=    0/6 (  0%)  t=0.0h
  Matrix: RHS=6.58e+01, DIAG=2.27e+09
OWT-Krylov: 4 iterations, true_rel_residual=4.46773100e-09, linear_rel_residual=4.467731e-09, projected_entries=0, state=pre_physics_limiters, step=0, status=converged, operator_apps=10, preconditioner_apps=8, reductions=14, spatial_seconds=0.055303872, spectral_seconds=0.01329941, preconditioner_seconds=0.049568004, update=0.009290567 s, solve=0.18579704 s
  After solver - owned action sum: 7.74727810e-02
nbIter = 4
nConverged 0 0
OWT-Krylov: 28 iterations, true_rel_residual=9.13975098e-11, linear_rel_residual=9.139751e-11, projected_entries=0, state=pre_physics_limiters, step=1, status=converged, operator_apps=58, preconditioner_apps=56, reductions=86, spatial_seconds=0.31331313, spectral_seconds=0.07903785, preconditioner_seconds=0.34620057, update=0.002217716 s, solve=0.99203082 s
nbIter = 28
nConverged 0 0
OWT-Krylov: 26 iterations, true_rel_residual=3.01118011e-09, linear_rel_residual=3.0111801e-09, projected_entries=0, state=pre_physics_limiters, step=2, status=converged, operator_apps=54, preconditioner_apps=52, reductions=80, spatial_seconds=0.29056828, spectral_seconds=0.074452742, preconditioner_seconds=0.32560555, update=0.00209738 s, solve=0.91933869 s
nbIter = 26
nConverged 0 0
OWT-Krylov: 25 iterations, true_rel_residual=9.72118419e-09, linear_rel_residual=9.7211842e-09, projected_entries=0, state=pre_physics_limiters, step=3, status=converged, operator_apps=52, preconditioner_apps=50, reductions=78, spatial_seconds=0.27703448, spectral_seconds=0.066532235, preconditioner_seconds=0.31169692, update=0.002536974 s, solve=0.90909469 s
nbIter = 25
nConverged 0 0
OWT-Krylov: 25 iterations, true_rel_residual=9.36925766e-09, linear_rel_residual=9.3692577e-09, projected_entries=0, state=pre_physics_limiters, step=4, status=converged, operator_apps=52, preconditioner_apps=50, reductions=77, spatial_seconds=0.25077606, spectral_seconds=0.073001451, preconditioner_seconds=0.31330913, update=0.002396991 s, solve=0.8621364 s
nbIter = 25
nConverged 0 0
OWT-Krylov: 24 iterations, true_rel_residual=9.72698039e-09, linear_rel_residual=9.7269804e-09, projected_entries=0, state=pre_physics_limiters, step=5, status=converged, operator_apps=50, preconditioner_apps=48, reductions=74, spatial_seconds=0.2403806, spectral_seconds=0.066485515, preconditioner_seconds=0.30657177, update=0.00205978 s, solve=0.83199417 s
nbIter = 24
nConverged 0 0
Timings:
FKM       : 0.1837 +- 0.004202 sec 3.318 %
Sources   : 0.4366 +- 0.009804 sec 7.886 %
  SPR     : 0.05271 sec 0.952 %
  SIN4    : 0.0793 sec 1.432 %
  SDS4    : 0.1944 sec 3.512 %
  FMEANWS : 0.005143 sec 0.09288 %
  SINLIN  : 0.007502 sec 0.1355 %
  SBREAK  : 0.007459 sec 0.1347 %
  SNL4    : 0.0001028 sec 0.001856 %
Solver    : 4.815 +- 0.01389 sec 86.96 %
Limiter   : 0.02701 +- 0.002018 sec 0.4879 %
Sources Post: 0.0562 +- 0.0009606 sec 1.015 %
Rest      : 0.0182 sec
Timestep  : 5.537 sec

Integration wall seconds: 5.5371748800000002

Simulation complete.
wwx reached the end of a computation loop at 20:19:55
Initialization time : 10.97 s
Elapsed time        : 16.53 s
Simulated time      : 3600.00 s
